04-25 20:43:21.519  1222 23708 V OppoLogService: key = errcode value = 3700
04-25 20:43:21.519  1222 23708 V OppoLogService: key = MCC value = 204
04-25 20:43:21.519  1222 23708 V OppoLogService: key = MNC value = 16
04-25 20:43:21.519  1222 23708 V OppoLogService: key = LAC value = 299
04-25 20:43:21.519  1222 23708 V OppoLogService: key = CID value = 12968982
04-25 20:43:21.519  1222 23708 V OppoLogService: key = signalquality value = -67
04-25 20:43:21.519  1222 23708 V OppoLogService: key = signalstrength value = -423
04-25 20:43:21.519  1222 23708 V OppoLogService: key = frequency value = 3700
04-25 20:43:21.519  1222 23708 V OppoLogService: key = nbr_cell_number value = 1
04-25 20:43:21.519  1222 23708 V OppoLogService: key = PCI value = 160
04-25 20:43:22.947  1222  4014 V SettingsProvider: getSystemSetting(sound_effects_enabled, getCallingPackage = host.exp.exponent
04-25 20:43:22.950  1222  4014 W ActivityManager: preloadAction is 0, starting intent = flg=0xc080000 cmp=host.exp.exponent/.experience.ExperienceActivity (has extras)
04-25 20:43:22.954  1222  4014 I ActivityManager: START u0 {flg=0xc080000 cmp=host.exp.exponent/.experience.ExperienceActivity (has extras)} from uid 10135 and from pid 23583
04-25 20:43:22.958  1222  4014 V WindowManager: mCurrentFocus: Window{42c2686 u0 host.exp.exponent/host.exp.exponent.experience.HomeActivity} newFocus Window{42c2686 u0 host.exp.exponent/host.exp.exponent.experience.HomeActivity}
04-25 20:43:22.960  1222  4014 I chatty  : uid=1000(system) Binder:1222_10 identical 1 line
04-25 20:43:22.961  1222  4014 V WindowManager: mCurrentFocus: Window{42c2686 u0 host.exp.exponent/host.exp.exponent.experience.HomeActivity} newFocus Window{42c2686 u0 host.exp.exponent/host.exp.exponent.experience.HomeActivity}
04-25 20:43:22.975  1222  4014 I ActivityManager: handleActivitySwitch the same packageName!
04-25 20:43:22.977  1222  1491 V WindowManager: win.mViewVisibility: 0 (flagChanges & FLAG_NOT_FOCUSABLE) 0 win.mRelayoutCalled false win Window{9bfe53b u0 Splash Screen host.exp.exponent}
04-25 20:43:22.979  1222  1491 V WindowManager: focusMayChange: true shouldRelayout true
04-25 20:43:22.982  1222  1491 V WindowManager: isDefaultDisplay: true  2
04-25 20:43:22.982  1222  1491 V WindowManager: focusMayChange: true win Window{9bfe53b u0 Splash Screen host.exp.exponent}
04-25 20:43:22.982  1222  1491 V WindowManager: mCurrentFocus: Window{42c2686 u0 host.exp.exponent/host.exp.exponent.experience.HomeActivity} newFocus null
04-25 20:43:22.982  1222  1491 V WindowManager: Changing focus from Window{42c2686 u0 host.exp.exponent/host.exp.exponent.experience.HomeActivity} to null Callers=com.android.server.wm.WindowManagerService.relayoutWindow:3294 com.android.server.wm.Session.relayout:255 com.android.server.wm.ColorWindowSession.relayout:33 android.view.ViewRootImpl.relayoutWindow:7513 
04-25 20:43:22.982  1222  1491 D WindowManager: Input focus has changed to null
04-25 20:43:22.984  1222  1373 I WindowManager: Focus moving from Window{42c2686 u0 host.exp.exponent/host.exp.exponent.experience.HomeActivity} to null
04-25 20:43:22.984  1222  4014 D DEBUG_VISIBILITY: mOccluded:false lastOccluded:false
04-25 20:43:22.987  1222  4014 D DEBUG_VISIBILITY: mOccluded:false lastOccluded:false
04-25 20:43:22.990  1222  4014 V WindowManager: Set focused app to: AppWindowToken{337dd7d token=Token{f28c7d4 ActivityRecord{7321927 u0 host.exp.exponent/.experience.ExperienceActivity t5666}}} old focus=AppWindowToken{b336105 token=Token{469847c ActivityRecord{c52bf6f u0 host.exp.exponent/.experience.HomeActivity t5663}}} moveFocusNow=true
04-25 20:43:22.990  1222  4014 V WindowManager: mCurrentFocus: null newFocus null
04-25 20:43:22.993  1222  4014 D DEBUG_VISIBILITY: mOccluded:false lastOccluded:false
04-25 20:43:22.996  1222  4014 D DEBUG_VISIBILITY: mOccluded:false lastOccluded:false
04-25 20:43:23.004  1222  2263 I MotorManagerService: notifyActivityChanged: mBackgroudPkg = host.exp.exponent mFocusPkg = host.exp.exponent mIsSplitMode = false mBackActivity = host.exp.exponent.experience.HomeActivity mFocusActivity = host.exp.exponent.experience.ExperienceActivity
04-25 20:43:23.024  1222  1491 V WindowManager: mCurrentFocus: null newFocus null
04-25 20:43:23.070  1222  4006 V WindowManager: win.mViewVisibility: 4 (flagChanges & FLAG_NOT_FOCUSABLE) 0 win.mRelayoutCalled false win Window{bea5fa5 u0 host.exp.exponent/host.exp.exponent.experience.ExperienceActivity}
04-25 20:43:23.070  1222  4006 I WindowManager: Relayout Window{bea5fa5 u0 host.exp.exponent/host.exp.exponent.experience.ExperienceActivity}: oldVis=4 newVis=0 focusMayChange = true
04-25 20:43:23.075  1222  4006 V WindowManager: focusMayChange: true shouldRelayout true
04-25 20:43:23.077  1222  4006 V WindowManager: isDefaultDisplay: true  2
04-25 20:43:23.077  1222  4006 V WindowManager: focusMayChange: true win Window{bea5fa5 u0 host.exp.exponent/host.exp.exponent.experience.ExperienceActivity}
04-25 20:43:23.077  1222  4006 V WindowManager: mCurrentFocus: null newFocus Window{bea5fa5 u0 host.exp.exponent/host.exp.exponent.experience.ExperienceActivity}
04-25 20:43:23.077  1222  4006 V WindowManager: Changing focus from null to Window{bea5fa5 u0 host.exp.exponent/host.exp.exponent.experience.ExperienceActivity} Callers=com.android.server.wm.WindowManagerService.relayoutWindow:3294 com.android.server.wm.Session.relayout:255 com.android.server.wm.ColorWindowSession.relayout:33 android.view.IWindowSession$Stub.onTransact:309 
04-25 20:43:23.078  1222  4006 D WindowManager: Input focus has changed to Window{bea5fa5 u0 host.exp.exponent/host.exp.exponent.experience.ExperienceActivity}
04-25 20:43:23.081  1222  1373 I WindowManager: Focus moving from null to Window{bea5fa5 u0 host.exp.exponent/host.exp.exponent.experience.ExperienceActivity}
04-25 20:43:23.211  1222  4006 V WindowManager: win.mViewVisibility: 0 (flagChanges & FLAG_NOT_FOCUSABLE) 0 win.mRelayoutCalled true win Window{bea5fa5 u0 host.exp.exponent/host.exp.exponent.experience.ExperienceActivity}
04-25 20:43:23.215  1222  4006 V WindowManager: focusMayChange: false shouldRelayout true
04-25 20:43:23.215  1222  4006 V WindowManager: isDefaultDisplay: true  2
04-25 20:43:23.215  1222  4006 V WindowManager: focusMayChange: true win Window{bea5fa5 u0 host.exp.exponent/host.exp.exponent.experience.ExperienceActivity}
04-25 20:43:23.215  1222  4006 V WindowManager: mCurrentFocus: Window{bea5fa5 u0 host.exp.exponent/host.exp.exponent.experience.ExperienceActivity} newFocus Window{bea5fa5 u0 host.exp.exponent/host.exp.exponent.experience.ExperienceActivity}
04-25 20:43:23.238  1222  1491 V WindowManager: mCurrentFocus: Window{bea5fa5 u0 host.exp.exponent/host.exp.exponent.experience.ExperienceActivity} newFocus Window{bea5fa5 u0 host.exp.exponent/host.exp.exponent.experience.ExperienceActivity}
04-25 20:43:23.558  1222  5129 D DEBUG_VISIBILITY: mOccluded:false lastOccluded:false
04-25 20:43:23.624  1222  1491 V WindowManager: adjustNotShowWallpaperByOppo: false
04-25 20:43:23.628  1222  1491 I WindowManager: handleOpeningSpecialApp (statusbar != null ) true pkg: com.coloros.recents start: 4
04-25 20:43:23.628  1222  1491 V WindowManager: mCurrentFocus: Window{bea5fa5 u0 host.exp.exponent/host.exp.exponent.experience.ExperienceActivity} newFocus Window{bea5fa5 u0 host.exp.exponent/host.exp.exponent.experience.ExperienceActivity}
04-25 20:43:23.629  1222  1491 V WindowManager: adjustNotShowWallpaperByOppo: false
04-25 20:43:23.650  1222  4006 V WindowManager: win.mViewVisibility: 0 (flagChanges & FLAG_NOT_FOCUSABLE) 0 win.mRelayoutCalled true win Window{42c2686 u0 host.exp.exponent/host.exp.exponent.experience.HomeActivity}
04-25 20:43:23.652  1222  4006 V WindowManager: focusMayChange: true shouldRelayout false
04-25 20:43:23.652  1222  4006 V WindowManager: focusMayChange: true win Window{42c2686 u0 host.exp.exponent/host.exp.exponent.experience.HomeActivity}
04-25 20:43:23.653  1222  4006 V WindowManager: mCurrentFocus: Window{bea5fa5 u0 host.exp.exponent/host.exp.exponent.experience.ExperienceActivity} newFocus Window{bea5fa5 u0 host.exp.exponent/host.exp.exponent.experience.ExperienceActivity}
04-25 20:43:23.654  1222  1307 D DEBUG_VISIBILITY: mOccluded:false lastOccluded:false
04-25 20:43:23.672  1222  2203 V WindowManager: win.mViewVisibility: 8 (flagChanges & FLAG_NOT_FOCUSABLE) 0 win.mRelayoutCalled true win Window{42c2686 u0 host.exp.exponent/host.exp.exponent.experience.HomeActivity}
04-25 20:43:23.675  1222  2203 V WindowManager: focusMayChange: false shouldRelayout false
04-25 20:43:23.675  1222  2203 V WindowManager: focusMayChange: false win Window{42c2686 u0 host.exp.exponent/host.exp.exponent.experience.HomeActivity}
04-25 20:43:23.696  1222  4006 D MtkConnectivityService: requestNetwork for uid/pid:10135/23583 NetworkRequest [ TRACK_DEFAULT id=2959, [ Capabilities: INTERNET&NOT_RESTRICTED&TRUSTED Unwanted:  Uid: 10135] ]
04-25 20:43:24.180  1222  2254 V OppoLogService: Waiting for criticallog_socket connection...
04-25 20:43:24.181  1222 23744 V OppoLogService: read len len = 247
04-25 20:43:24.181  1222 23744 D OppoLogService: startEchoThread finally!!
04-25 20:43:24.182  1222 23745 V OppoLogService: mModule = CriticalLogNetwork mIssue = data_dl_high_bler
04-25 20:43:24.182  1222 23745 V OppoLogService: mLogType = 554
04-25 20:43:24.182  1222 23745 V OppoLogService: mTime = 2020-04-25 20:43:24
04-25 20:43:24.182  1222 23745 V OppoLogService: mOtaVersion = CPH1945EUEX_11.A.22_0220_202004031812
04-25 20:43:24.182  1222 23745 V OppoLogService:  info : type:123, rat:5, errcode:-1, MCC:204,MNC:16,LAC:299,CID:12968982
04-25 20:43:24.182  1222 23745 V OppoLogService: key = type value = 123
04-25 20:43:24.182  1222 23745 V OppoLogService: key = rat value = 5
04-25 20:43:24.182  1222 23745 V OppoLogService: key = errcode value = -1
04-25 20:43:24.182  1222 23745 V OppoLogService: key = MCC value = 204
04-25 20:43:24.182  1222 23745 V OppoLogService: key = MNC value = 16
04-25 20:43:24.182  1222 23745 V OppoLogService: key = LAC value = 299
04-25 20:43:24.182  1222 23745 V OppoLogService: key = CID value = 12968982
04-25 20:43:24.182  1222 23745 V OppoLogService: upload type : 554 times 4
04-25 20:43:25.047  1222  1222 V SettingsProvider: Notifying for 0: content://settings/system/oppo_data_traffic_used
04-25 20:43:25.977  1222  5129 W ActivityManager: preloadAction is 0, starting intent = flg=0x24000000 cmp=host.exp.exponent/.experience.ErrorActivity (has extras)
04-25 20:43:25.981  1222  5129 I ActivityManager: START u0 {flg=0x24000000 cmp=host.exp.exponent/.experience.ErrorActivity (has extras)} from uid 10135 and from pid 23583
04-25 20:43:25.982  1222  5129 V WindowManager: mCurrentFocus: Window{bea5fa5 u0 host.exp.exponent/host.exp.exponent.experience.ExperienceActivity} newFocus Window{bea5fa5 u0 host.exp.exponent/host.exp.exponent.experience.ExperienceActivity}
04-25 20:43:26.003  1222  2228 D MtkConnectivityService: releasing NetworkRequest [ TRACK_DEFAULT id=2959, [ Capabilities: INTERNET&NOT_RESTRICTED&TRUSTED Unwanted:  Uid: 10135] ] (release request)
04-25 20:43:26.004  1222  5129 I ActivityManager: handleActivitySwitch the same packageName!
04-25 20:43:26.005  1222  2263 I MotorManagerService: notifyActivityChanged: mBackgroudPkg = host.exp.exponent mFocusPkg = host.exp.exponent mIsSplitMode = false mBackActivity = host.exp.exponent.experience.ExperienceActivity mFocusActivity = host.exp.exponent.experience.ErrorActivity
04-25 20:43:26.006  1222  5129 D DEBUG_VISIBILITY: mOccluded:false lastOccluded:false
04-25 20:43:26.008  1222  5129 D DEBUG_VISIBILITY: mOccluded:false lastOccluded:false
04-25 20:43:26.010  1222  5129 V WindowManager: Set focused app to: AppWindowToken{6b8c4e7 token=Token{d0c62a6 ActivityRecord{edef401 u0 host.exp.exponent/.experience.ErrorActivity t5666}}} old focus=AppWindowToken{337dd7d token=Token{f28c7d4 ActivityRecord{7321927 u0 host.exp.exponent/.experience.ExperienceActivity t5666}}} moveFocusNow=true
04-25 20:43:26.011  1222  5129 V WindowManager: mCurrentFocus: Window{bea5fa5 u0 host.exp.exponent/host.exp.exponent.experience.ExperienceActivity} newFocus null
04-25 20:43:26.011  1222  5129 V WindowManager: Changing focus from Window{bea5fa5 u0 host.exp.exponent/host.exp.exponent.experience.ExperienceActivity} to null Callers=com.android.server.wm.WindowManagerService.setFocusedApp:3840 com.android.server.am.ActivityManagerService.setResumedActivityUncheckLocked:4278 com.android.server.am.ActivityStack.onActivityStateChanged:625 com.android.server.am.TaskRecord.onActivityStateChanged:1995 
04-25 20:43:26.011  1222  5129 D WindowManager: Input focus has changed to null
04-25 20:43:26.012  1222  1373 I WindowManager: Focus moving from Window{bea5fa5 u0 host.exp.exponent/host.exp.exponent.experience.ExperienceActivity} to null
04-25 20:43:26.013  1222  5129 D DEBUG_VISIBILITY: mOccluded:false lastOccluded:false
04-25 20:43:26.032 23583 23583 E AndroidRuntime: FATAL EXCEPTION: main
04-25 20:43:26.032 23583 23583 E AndroidRuntime: Process: host.exp.exponent, PID: 23583
04-25 20:43:26.032 23583 23583 E AndroidRuntime: java.lang.RuntimeException: abi37_0_0.com.facebook.react.uimanager.IllegalViewOperationException: ViewManager for tag 53 could not be found.
04-25 20:43:26.032 23583 23583 E AndroidRuntime:  View already dropped? false.
04-25 20:43:26.032 23583 23583 E AndroidRuntime: Last index 0 in last 100 views[I@a9186c
04-25 20:43:26.032 23583 23583 E AndroidRuntime: 	at abi37_0_0.com.facebook.react.bridge.ReactContext.handleException(ReactContext.java:4)
04-25 20:43:26.032 23583 23583 E AndroidRuntime: 	at abi37_0_0.com.facebook.react.uimanager.GuardedFrameCallback.doFrame(GuardedFrameCallback.java:2)
04-25 20:43:26.032 23583 23583 E AndroidRuntime: 	at abi37_0_0.com.facebook.react.modules.core.ReactChoreographer$ReactChoreographerDispatcher.doFrame(ReactChoreographer.java:7)
04-25 20:43:26.032 23583 23583 E AndroidRuntime: 	at abi37_0_0.com.facebook.react.modules.core.ChoreographerCompat$FrameCallback$1.doFrame(ChoreographerCompat.java:1)
04-25 20:43:26.032 23583 23583 E AndroidRuntime: 	at android.view.Choreographer$CallbackRecord.run(Choreographer.java:1046)
04-25 20:43:26.032 23583 23583 E AndroidRuntime: 	at android.view.Choreographer.doCallbacks(Choreographer.java:860)
04-25 20:43:26.032 23583 23583 E AndroidRuntime: 	at android.view.Choreographer.doFrame(Choreographer.java:789)
04-25 20:43:26.032 23583 23583 E AndroidRuntime: 	at android.view.Choreographer$FrameDisplayEventReceiver.run(Choreographer.java:1034)
04-25 20:43:26.032 23583 23583 E AndroidRuntime: 	at android.os.Handler.handleCallback(Handler.java:873)
04-25 20:43:26.032 23583 23583 E AndroidRuntime: 	at android.os.Handler.dispatchMessage(Handler.java:99)
04-25 20:43:26.032 23583 23583 E AndroidRuntime: 	at android.os.Looper.loop(Looper.java:226)
04-25 20:43:26.032 23583 23583 E AndroidRuntime: 	at android.app.ActivityThread.main(ActivityThread.java:7201)
04-25 20:43:26.032 23583 23583 E AndroidRuntime: 	at java.lang.reflect.Method.invoke(Native Method)
04-25 20:43:26.032 23583 23583 E AndroidRuntime: 	at com.android.internal.os.RuntimeInit$MethodAndArgsCaller.run(RuntimeInit.java:499)
04-25 20:43:26.032 23583 23583 E AndroidRuntime: 	at com.android.internal.os.ZygoteInit.main(ZygoteInit.java:956)
04-25 20:43:26.032 23583 23583 E AndroidRuntime: Caused by: abi37_0_0.com.facebook.react.uimanager.IllegalViewOperationException: ViewManager for tag 53 could not be found.
04-25 20:43:26.032 23583 23583 E AndroidRuntime:  View already dropped? false.
04-25 20:43:26.032 23583 23583 E AndroidRuntime: Last index 0 in last 100 views[I@a9186c
04-25 20:43:26.032 23583 23583 E AndroidRuntime: 	at abi37_0_0.com.facebook.react.uimanager.NativeViewHierarchyManager.resolveViewManager(NativeViewHierarchyManager.java:4)
04-25 20:43:26.032 23583 23583 E AndroidRuntime: 	at abi37_0_0.com.facebook.react.uimanager.NativeViewHierarchyManager.manageChildren(NativeViewHierarchyManager.java:4)
04-25 20:43:26.032 23583 23583 E AndroidRuntime: 	at abi37_0_0.com.facebook.react.uimanager.UIViewOperationQueue$ManageChildrenOperation.execute(UIViewOperationQueue.java:1)
04-25 20:43:26.032 23583 23583 E AndroidRuntime: 	at abi37_0_0.com.facebook.react.uimanager.UIViewOperationQueue$1.run(UIViewOperationQueue.java:10)
04-25 20:43:26.032 23583 23583 E AndroidRuntime: 	at abi37_0_0.com.facebook.react.uimanager.UIViewOperationQueue.flushPendingBatches(UIViewOperationQueue.java:10)
04-25 20:43:26.032 23583 23583 E AndroidRuntime: 	at abi37_0_0.com.facebook.react.uimanager.UIViewOperationQueue.access$2200(UIViewOperationQueue.java:1)
04-25 20:43:26.032 23583 23583 E AndroidRuntime: 	at abi37_0_0.com.facebook.react.uimanager.UIViewOperationQueue$DispatchUIFrameCallback.doFrameGuarded(UIViewOperationQueue.java:6)
04-25 20:43:26.032 23583 23583 E AndroidRuntime: 	at abi37_0_0.com.facebook.react.uimanager.GuardedFrameCallback.doFrame(GuardedFrameCallback.java:1)
04-25 20:43:26.032 23583 23583 E AndroidRuntime: 	... 13 more
04-25 20:43:26.018  1222  5129 D DEBUG_VISIBILITY: mOccluded:false lastOccluded:false
04-25 20:43:26.136  1222  5129 W ActivityManager:   Force finishing activity host.exp.exponent/.experience.HomeActivity
04-25 20:43:26.140  1222  5129 W ActivityManager:   Force finishing activity host.exp.exponent/.experience.ErrorActivity
04-25 20:43:26.145  1222  5129 W ActivityManager:   Force finishing activity host.exp.exponent/.experience.ExperienceActivity
04-25 20:43:26.146  1222  5129 V ActivityManager: moveToFront in activity stack reason =:finishActivity adjustFocus,realToHome =:true
04-25 20:43:26.146  1222  5129 V WindowManager: mCurrentFocus: null newFocus null
04-25 20:43:26.147  1222  5129 V WindowManager: mCurrentFocus: null newFocus null
04-25 20:43:26.177  1222  1308 D Dex2oatManagerService: Foreground changed, PID: 21956 UID: 10125 foreground: true
04-25 20:43:26.177  1222  1308 D Dex2oatManagerService: Current app:ch.deletescape.lawnchair.plah/ch.deletescape.lawnchair.LawnchairLauncher
04-25 20:43:26.177  1222  1308 D Dex2oatManagerService: Not cold launch condition
04-25 20:43:26.223  1222 23748 D BatteryStatsImpl: reset mHaveCaptured:false
04-25 20:43:26.228  1222  5129 D MtkConnectivityService: ConnectivityService NetworkRequestInfo binderDied(NetworkRequest [ TRACK_DEFAULT id=2958, [ Capabilities: INTERNET&NOT_RESTRICTED&TRUSTED Unwanted:  Uid: 10135] ], android.os.BinderProxy@29cc68a)
04-25 20:43:26.228  1222  4014 D Dex2oatManagerService: Display listener for pid 23583 died.
04-25 20:43:26.229  1222  5129 I WindowManager: WIN DEATH: Window{42c2686 u0 host.exp.exponent/host.exp.exponent.experience.HomeActivity}
04-25 20:43:26.230  1222  2228 D MtkConnectivityService: releasing NetworkRequest [ TRACK_DEFAULT id=2958, [ Capabilities: INTERNET&NOT_RESTRICTED&TRUSTED Unwanted:  Uid: 10135] ] (release request)
04-25 20:43:26.232  1222  5129 V WindowManager: mCurrentFocus: null newFocus null
04-25 20:43:26.233  1222  4006 I WindowManager: WIN DEATH: Window{bea5fa5 u0 host.exp.exponent/host.exp.exponent.experience.ExperienceActivity}
04-25 20:43:26.233  1222  4006 V WindowManager: mCurrentFocus: null newFocus null
04-25 20:43:26.233  1222  4014 I ActivityManager: Process host.exp.exponent (pid 23583) has died: vis  +99TOP 
04-25 20:43:26.234  1222  4014 W ActivityManager: app.persistent false app.isolated false app.removed false app ProcessRecord{38ac57b 23583:host.exp.exponent/u0a135}
04-25 20:43:26.235  1222  1308 D Dex2oatManagerService: Process died; UID 10135 PID 23583
04-25 20:43:26.238  1222  4014 V WindowManager: Removing focused app token:AppWindowToken{6b8c4e7 token=Token{d0c62a6 ActivityRecord{edef401 u0 host.exp.exponent/.experience.ErrorActivity t5666}}}
04-25 20:43:26.238  1222  4014 V WindowManager: mCurrentFocus: null newFocus null
04-25 20:43:26.245  1222  4014 I chatty  : uid=1000(system) Binder:1222_10 identical 1 line
04-25 20:43:26.250  1222  4014 V WindowManager: mCurrentFocus: null newFocus null
04-25 20:43:26.259  1222  2263 I MotorManagerService: notifyActivityChanged: mBackgroudPkg = host.exp.exponent mFocusPkg = ch.deletescape.lawnchair.plah mIsSplitMode = false mBackActivity =  mFocusActivity = ch.deletescape.lawnchair.LawnchairLauncher
04-25 20:43:26.261  1222  4014 V WindowManager: Set focused app to: AppWindowToken{6fb7759 token=Token{18d6fa0 ActivityRecord{95c90a3 u0 ch.deletescape.lawnchair.plah/ch.deletescape.lawnchair.LawnchairLauncher t5301}}} old focus=null moveFocusNow=true
04-25 20:43:26.262  1222  4014 V WindowManager: mCurrentFocus: null newFocus null
04-25 20:43:26.263  1222  4014 D DEBUG_VISIBILITY: mOccluded:false lastOccluded:false
04-25 20:43:26.264  1222  4014 D DEBUG_VISIBILITY: mOccluded:false lastOccluded:false
04-25 20:43:26.266  1222  1234 V WindowManager: win.mViewVisibility: 8 (flagChanges & FLAG_NOT_FOCUSABLE) 0 win.mRelayoutCalled true win Window{31e75dd u0 ch.deletescape.lawnchair.plah/ch.deletescape.lawnchair.LawnchairLauncher}
04-25 20:43:26.266  1222  1234 V WindowManager: adjustNotShowWallpaperByOppo: false
04-25 20:43:26.266  1222  1234 V WindowManager: adjustNotShowWallpaperByOppo: false
04-25 20:43:26.269  1222  1234 V WindowManager: focusMayChange: true shouldRelayout false
04-25 20:43:26.269  1222  1234 V WindowManager: focusMayChange: true win Window{31e75dd u0 ch.deletescape.lawnchair.plah/ch.deletescape.lawnchair.LawnchairLauncher}
04-25 20:43:26.269  1222  1234 V WindowManager: mCurrentFocus: null newFocus null
04-25 20:43:26.271  1222  4006 V WindowManager: win.mViewVisibility: 8 (flagChanges & FLAG_NOT_FOCUSABLE) 0 win.mRelayoutCalled true win Window{1af2045 u0 ch.deletescape.lawnchair.plah/ch.deletescape.lawnchair.LawnchairLauncher}
04-25 20:43:26.271  1222  4006 I WindowManager: Relayout Window{1af2045 u0 ch.deletescape.lawnchair.plah/ch.deletescape.lawnchair.LawnchairLauncher}: oldVis=8 newVis=0 focusMayChange = true
04-25 20:43:26.271  1222  4006 V WindowManager: adjustNotShowWallpaperByOppo: false
04-25 20:43:26.271  1222  4006 V WindowManager: adjustNotShowWallpaperByOppo: false
04-25 20:43:26.274  1222  4006 V WindowManager: focusMayChange: true shouldRelayout true
04-25 20:43:26.276  1222  4006 V WindowManager: isDefaultDisplay: true  2
04-25 20:43:26.276  1222  4006 V WindowManager: focusMayChange: true win Window{1af2045 u0 ch.deletescape.lawnchair.plah/ch.deletescape.lawnchair.LawnchairLauncher}
04-25 20:43:26.276  1222  4006 V WindowManager: mCurrentFocus: null newFocus null
04-25 20:43:26.277  1222  4014 D DEBUG_VISIBILITY: mOccluded:false lastOccluded:false
04-25 20:43:26.294  1222  1373 W ActivityManager: setHasOverlayUi called on unknown pid: 23583
04-25 20:43:26.328  1222  2395 V WindowManager: win.mViewVisibility: 4 (flagChanges & FLAG_NOT_FOCUSABLE) 0 win.mRelayoutCalled true win Window{31e75dd u0 ch.deletescape.lawnchair.plah/ch.deletescape.lawnchair.LawnchairLauncher}
04-25 20:43:26.328  1222  2395 I WindowManager: Relayout Window{31e75dd u0 ch.deletescape.lawnchair.plah/ch.deletescape.lawnchair.LawnchairLauncher}: oldVis=4 newVis=0 focusMayChange = true
04-25 20:43:26.335  1222  2395 V WindowManager: focusMayChange: true shouldRelayout true
04-25 20:43:26.340  1222  2395 V WindowManager: isDefaultDisplay: true  2
04-25 20:43:26.340  1222  2395 V WindowManager: focusMayChange: true win Window{31e75dd u0 ch.deletescape.lawnchair.plah/ch.deletescape.lawnchair.LawnchairLauncher}
04-25 20:43:26.340  1222  2395 V WindowManager: mCurrentFocus: null newFocus Window{31e75dd u0 ch.deletescape.lawnchair.plah/ch.deletescape.lawnchair.LawnchairLauncher}
04-25 20:43:26.340  1222  2395 V WindowManager: Changing focus from null to Window{31e75dd u0 ch.deletescape.lawnchair.plah/ch.deletescape.lawnchair.LawnchairLauncher} Callers=com.android.server.wm.WindowManagerService.relayoutWindow:3294 com.android.server.wm.Session.relayout:255 com.android.server.wm.ColorWindowSession.relayout:33 android.view.IWindowSession$Stub.onTransact:309 
04-25 20:43:26.341  1222  2395 D WindowManager: Input focus has changed to Window{31e75dd u0 ch.deletescape.lawnchair.plah/ch.deletescape.lawnchair.LawnchairLauncher}
04-25 20:43:26.344  1222  1373 I WindowManager: Focus moving from null to Window{31e75dd u0 ch.deletescape.lawnchair.plah/ch.deletescape.lawnchair.LawnchairLauncher}
04-25 20:43:26.344  1222  1491 V WindowManager: adjustNotShowWallpaperByOppo: false
04-25 20:43:26.377  1222  1491 I chatty  : uid=1000(system) android.anim identical 4 lines
04-25 20:43:26.377  1222  1491 V WindowManager: adjustNotShowWallpaperByOppo: false
04-25 20:43:26.378  1222  1491 V WindowManager: mCurrentFocus: Window{31e75dd u0 ch.deletescape.lawnchair.plah/ch.deletescape.lawnchair.LawnchairLauncher} newFocus Window{31e75dd u0 ch.deletescape.lawnchair.plah/ch.deletescape.lawnchair.LawnchairLauncher}
04-25 20:43:26.379  1222  1491 I WindowManager: handleOpeningSpecialApp (statusbar != null ) true pkg: com.coloros.recents start: 4
04-25 20:43:26.379  1222  1491 V WindowManager: mCurrentFocus: Window{31e75dd u0 ch.deletescape.lawnchair.plah/ch.deletescape.lawnchair.LawnchairLauncher} newFocus Window{31e75dd u0 ch.deletescape.lawnchair.plah/ch.deletescape.lawnchair.LawnchairLauncher}
04-25 20:43:26.380  1222  1491 V WindowManager: adjustNotShowWallpaperByOppo: false
04-25 20:43:26.380  1222  1491 V WindowManager: adjustNotShowWallpaperByOppo: false
04-25 20:43:26.474  1222  4021 D DEBUG_VISIBILITY: mOccluded:false lastOccluded:false
04-25 20:43:26.657  1222  1396 D AutomaticBrightnessController: updateAmbientLux --03--manulux = 10000.0  lux = 360.0
04-25 20:43:28.457  1222  1222 D BatteryService: send broadcast : oppo.intent.action.BATTERY_DATA_UPDATE
04-25 20:43:28.695  1222  1317 W BroadcastQueue: Background execution not allowed: receiving Intent { act=android.intent.action.DROPBOX_ENTRY_ADDED flg=0x10 (has extras) } to com.google.android.gms/.stats.service.DropBoxEntryAddedReceiver
04-25 20:43:28.696  1222 23748 D DropBoxManagerService: file :: /data/system/dropbox/data_app_crash@1587840206250.txt.gz
04-25 20:43:28.702  1222  1317 W BroadcastQueue: Background execution not allowed: receiving Intent { act=android.intent.action.DROPBOX_ENTRY_ADDED flg=0x10 (has extras) } to com.google.android.gms/.chimera.GmsIntentOperationService$PersistentTrustedReceiver
04-25 20:43:29.183  1222  2609 W Watchdog: **Get SF Time **0
04-25 20:43:29.184  1222  2609 W Watchdog: SWT Watchdog before synchronized:227312605
04-25 20:43:29.184  1222  2609 W Watchdog: SWT Watchdog after synchronized:227312605
04-25 20:43:29.184  1222  2609 V Watchdog: @WatchDog_ error e: java.io.FileNotFoundException: /d/wakeup_sources (Permission denied)
04-25 20:43:31.528  1222  2254 V OppoLogService: Waiting for criticallog_socket connection...
04-25 20:43:31.529  1222 23771 V OppoLogService: read len len = 337
04-25 20:43:31.529  1222 23771 D OppoLogService: startEchoThread finally!!
04-25 20:43:31.530  1222 23772 V OppoLogService: mModule = CriticalLogNetwork mIssue = pci_mode3_interference
04-25 20:43:31.530  1222 23772 V OppoLogService: mLogType = 548
04-25 20:43:31.530  1222 23772 V OppoLogService: mTime = 2020-04-25 20:43:31
04-25 20:43:31.530  1222 23772 V OppoLogService: mOtaVersion = CPH1945EUEX_11.A.22_0220_202004031812
04-25 20:43:31.531  1222 23772 V OppoLogService:  info : type:97, rat:5, errcode:3700, MCC:204,MNC:16,LAC:299,CID:12968982,signalquality:-68,signalstrength:-430,frequency:3700,nbr_cell_number:0,PCI:160
04-25 20:43:31.531  1222 23772 V OppoLogService: key = type value = 97
04-25 20:43:31.531  1222 23772 V OppoLogService: key = rat value = 5
04-25 20:43:31.531  1222 23772 V OppoLogService: key = errcode value = 3700
04-25 20:43:31.532  1222 23772 V OppoLogService: key = MCC value = 204
04-25 20:43:31.532  1222 23772 V OppoLogService: key = MNC value = 16
04-25 20:43:31.532  1222 23772 V OppoLogService: key = LAC value = 299
04-25 20:43:31.532  1222 23772 V OppoLogService: key = CID value = 12968982
04-25 20:43:31.532  1222 23772 V OppoLogService: key = signalquality value = -68
04-25 20:43:31.533  1222 23772 V OppoLogService: key = signalstrength value = -430
04-25 20:43:31.533  1222 23772 V OppoLogService: key = frequency value = 3700
04-25 20:43:31.533  1222 23772 V OppoLogService: key = nbr_cell_number value = 0
04-25 20:43:31.533  1222 23772 V OppoLogService: key = PCI value = 160
04-25 20:43:31.963  1222  2254 V OppoLogService: Waiting for criticallog_socket connection...
04-25 20:43:31.963  1222 23773 V OppoLogService: read len len = 337
04-25 20:43:31.964  1222 23773 D OppoLogService: startEchoThread finally!!
04-25 20:43:31.964  1222 23774 V OppoLogService: mModule = CriticalLogNetwork mIssue = pci_mode3_interference
04-25 20:43:31.964  1222 23774 V OppoLogService: mLogType = 548
04-25 20:43:31.964  1222 23774 V OppoLogService: mTime = 2020-04-25 20:43:31
04-25 20:43:31.965  1222 23774 V OppoLogService: mOtaVersion = CPH1945EUEX_11.A.22_0220_202004031812
04-25 20:43:31.965  1222 23774 V OppoLogService:  info : type:97, rat:5, errcode:3700, MCC:204,MNC:16,LAC:299,CID:12968982,signalquality:-68,signalstrength:-430,frequency:3700,nbr_cell_number:1,PCI:160
04-25 20:43:31.965  1222 23774 V OppoLogService: key = type value = 97
04-25 20:43:31.965  1222 23774 V OppoLogService: key = rat value = 5
04-25 20:43:31.965  1222 23774 V OppoLogService: key = errcode value = 3700
04-25 20:43:31.965  1222 23774 V OppoLogService: key = MCC value = 204
04-25 20:43:31.965  1222 23774 V OppoLogService: key = MNC value = 16
04-25 20:43:31.965  1222 23774 V OppoLogService: key = LAC value = 299
04-25 20:43:31.965  1222 23774 V OppoLogService: key = CID value = 12968982
04-25 20:43:31.965  1222 23774 V OppoLogService: key = signalquality value = -68
04-25 20:43:31.965  1222 23774 V OppoLogService: key = signalstrength value = -430
04-25 20:43:31.965  1222 23774 V OppoLogService: key = frequency value = 3700
04-25 20:43:31.965  1222 23774 V OppoLogService: key = nbr_cell_number value = 1
04-25 20:43:31.965  1222 23774 V OppoLogService: key = PCI value = 160
04-25 20:43:34.872  1222  1222 V SettingsProvider: Notifying for 0: content://settings/system/real_screen_brightness
04-25 20:43:34.875  1222  1222 V SettingsProvider: Notifying for 0: content://settings/system/screen_brightness
04-25 20:43:34.882  1222  4016 V WindowManager: win.mViewVisibility: 8 (flagChanges & FLAG_NOT_FOCUSABLE) 0 win.mRelayoutCalled true win Window{e4c5127 u0 OnScreenFingerprintDimLayer}
04-25 20:43:34.889  1222  4016 V WindowManager: focusMayChange: false shouldRelayout false
04-25 20:43:34.890  1222  4016 V WindowManager: focusMayChange: false win Window{e4c5127 u0 OnScreenFingerprintDimLayer}
04-25 20:43:34.890  1222  1222 V SettingsProvider: Notifying for 0: content://settings/system/real_screen_brightness
04-25 20:43:34.892  1222  1222 V SettingsProvider: Notifying for 0: content://settings/system/screen_brightness
04-25 20:43:34.898  1222  4016 V WindowManager: win.mViewVisibility: 8 (flagChanges & FLAG_NOT_FOCUSABLE) 0 win.mRelayoutCalled true win Window{e4c5127 u0 OnScreenFingerprintDimLayer}
04-25 20:43:34.905  1222  4016 V WindowManager: focusMayChange: false shouldRelayout false
04-25 20:43:34.905  1222  4016 V WindowManager: focusMayChange: false win Window{e4c5127 u0 OnScreenFingerprintDimLayer}
04-25 20:43:34.906  1222  1222 V SettingsProvider: Notifying for 0: content://settings/system/real_screen_brightness
04-25 20:43:34.908  1222  1222 V SettingsProvider: Notifying for 0: content://settings/system/screen_brightness
04-25 20:43:34.917  1222  4640 V WindowManager: win.mViewVisibility: 8 (flagChanges & FLAG_NOT_FOCUSABLE) 0 win.mRelayoutCalled true win Window{e4c5127 u0 OnScreenFingerprintDimLayer}
04-25 20:43:34.919  1222  4640 V WindowManager: focusMayChange: false shouldRelayout false
04-25 20:43:34.919  1222  4640 V WindowManager: focusMayChange: false win Window{e4c5127 u0 OnScreenFingerprintDimLayer}
04-25 20:43:34.923  1222  1222 V SettingsProvider: Notifying for 0: content://settings/system/real_screen_brightness
04-25 20:43:34.925  1222  1222 V SettingsProvider: Notifying for 0: content://settings/system/screen_brightness
04-25 20:43:34.934  1222  4640 V WindowManager: win.mViewVisibility: 8 (flagChanges & FLAG_NOT_FOCUSABLE) 0 win.mRelayoutCalled true win Window{e4c5127 u0 OnScreenFingerprintDimLayer}
04-25 20:43:34.936  1222  4640 V WindowManager: focusMayChange: false shouldRelayout false
04-25 20:43:34.936  1222  4640 V WindowManager: focusMayChange: false win Window{e4c5127 u0 OnScreenFingerprintDimLayer}
04-25 20:43:34.940  1222  1222 V SettingsProvider: Notifying for 0: content://settings/system/real_screen_brightness
04-25 20:43:34.942  1222  1222 V SettingsProvider: Notifying for 0: content://settings/system/screen_brightness
04-25 20:43:34.950  1222  4016 V WindowManager: win.mViewVisibility: 8 (flagChanges & FLAG_NOT_FOCUSABLE) 0 win.mRelayoutCalled true win Window{e4c5127 u0 OnScreenFingerprintDimLayer}
04-25 20:43:34.957  1222  1222 V SettingsProvider: Notifying for 0: content://settings/system/real_screen_brightness
04-25 20:43:34.957  1222  4016 V WindowManager: focusMayChange: false shouldRelayout false
04-25 20:43:34.957  1222  4016 V WindowManager: focusMayChange: false win Window{e4c5127 u0 OnScreenFingerprintDimLayer}
04-25 20:43:34.964  1222  1222 V SettingsProvider: Notifying for 0: content://settings/system/screen_brightness
04-25 20:43:34.967  1222  4640 V WindowManager: win.mViewVisibility: 8 (flagChanges & FLAG_NOT_FOCUSABLE) 0 win.mRelayoutCalled true win Window{e4c5127 u0 OnScreenFingerprintDimLayer}
04-25 20:43:34.969  1222  4640 V WindowManager: focusMayChange: false shouldRelayout false
04-25 20:43:34.969  1222  4640 V WindowManager: focusMayChange: false win Window{e4c5127 u0 OnScreenFingerprintDimLayer}
04-25 20:43:34.973  1222  1222 V SettingsProvider: Notifying for 0: content://settings/system/real_screen_brightness
04-25 20:43:34.975  1222  1222 V SettingsProvider: Notifying for 0: content://settings/system/screen_brightness
04-25 20:43:34.984  1222  4640 V WindowManager: win.mViewVisibility: 8 (flagChanges & FLAG_NOT_FOCUSABLE) 0 win.mRelayoutCalled true win Window{e4c5127 u0 OnScreenFingerprintDimLayer}
04-25 20:43:34.986  1222  4640 V WindowManager: focusMayChange: false shouldRelayout false
04-25 20:43:34.986  1222  4640 V WindowManager: focusMayChange: false win Window{e4c5127 u0 OnScreenFingerprintDimLayer}
04-25 20:43:34.989  1222  1222 V SettingsProvider: Notifying for 0: content://settings/system/real_screen_brightness
04-25 20:43:34.992  1222  1222 V SettingsProvider: Notifying for 0: content://settings/system/screen_brightness
04-25 20:43:35.000  1222  4640 V WindowManager: win.mViewVisibility: 8 (flagChanges & FLAG_NOT_FOCUSABLE) 0 win.mRelayoutCalled true win Window{e4c5127 u0 OnScreenFingerprintDimLayer}
04-25 20:43:35.002  1222  4640 V WindowManager: focusMayChange: false shouldRelayout false
04-25 20:43:35.002  1222  4640 V WindowManager: focusMayChange: false win Window{e4c5127 u0 OnScreenFingerprintDimLayer}
04-25 20:43:35.006  1222  1222 V SettingsProvider: Notifying for 0: content://settings/system/real_screen_brightness
04-25 20:43:35.009  1222  1222 V SettingsProvider: Notifying for 0: content://settings/system/screen_brightness
04-25 20:43:35.017  1222  4640 V WindowManager: win.mViewVisibility: 8 (flagChanges & FLAG_NOT_FOCUSABLE) 0 win.mRelayoutCalled true win Window{e4c5127 u0 OnScreenFingerprintDimLayer}
04-25 20:43:35.019  1222  4640 V WindowManager: focusMayChange: false shouldRelayout false
04-25 20:43:35.019  1222  4640 V WindowManager: focusMayChange: false win Window{e4c5127 u0 OnScreenFingerprintDimLayer}
04-25 20:43:35.023  1222  1222 V SettingsProvider: Notifying for 0: content://settings/system/real_screen_brightness
04-25 20:43:35.025  1222  1222 V SettingsProvider: Notifying for 0: content://settings/system/screen_brightness
04-25 20:43:35.034  1222  4640 V WindowManager: win.mViewVisibility: 8 (flagChanges & FLAG_NOT_FOCUSABLE) 0 win.mRelayoutCalled true win Window{e4c5127 u0 OnScreenFingerprintDimLayer}
04-25 20:43:35.036  1222  4640 V WindowManager: focusMayChange: false shouldRelayout false
04-25 20:43:35.036  1222  4640 V WindowManager: focusMayChange: false win Window{e4c5127 u0 OnScreenFingerprintDimLayer}
04-25 20:43:35.039  1222  1222 V SettingsProvider: Notifying for 0: content://settings/system/real_screen_brightness
04-25 20:43:35.042  1222  1222 V SettingsProvider: Notifying for 0: content://settings/system/screen_brightness
04-25 20:43:35.051  1222  4640 V WindowManager: win.mViewVisibility: 8 (flagChanges & FLAG_NOT_FOCUSABLE) 0 win.mRelayoutCalled true win Window{e4c5127 u0 OnScreenFingerprintDimLayer}
04-25 20:43:35.053  1222  4640 V WindowManager: focusMayChange: false shouldRelayout false
04-25 20:43:35.053  1222  4640 V WindowManager: focusMayChange: false win Window{e4c5127 u0 OnScreenFingerprintDimLayer}
04-25 20:43:35.056  1222  1222 V SettingsProvider: Notifying for 0: content://settings/system/real_screen_brightness
04-25 20:43:35.058  1222  1222 V SettingsProvider: Notifying for 0: content://settings/system/screen_brightness
04-25 20:43:35.067  1222  4640 V WindowManager: win.mViewVisibility: 8 (flagChanges & FLAG_NOT_FOCUSABLE) 0 win.mRelayoutCalled true win Window{e4c5127 u0 OnScreenFingerprintDimLayer}
04-25 20:43:35.069  1222  4640 V WindowManager: focusMayChange: false shouldRelayout false
04-25 20:43:35.069  1222  4640 V WindowManager: focusMayChange: false win Window{e4c5127 u0 OnScreenFingerprintDimLayer}
04-25 20:43:35.072  1222  1222 V SettingsProvider: Notifying for 0: content://settings/system/real_screen_brightness
04-25 20:43:35.075  1222  1222 V SettingsProvider: Notifying for 0: content://settings/system/screen_brightness
04-25 20:43:35.083  1222  4640 V WindowManager: win.mViewVisibility: 8 (flagChanges & FLAG_NOT_FOCUSABLE) 0 win.mRelayoutCalled true win Window{e4c5127 u0 OnScreenFingerprintDimLayer}
04-25 20:43:35.085  1222  4640 V WindowManager: focusMayChange: false shouldRelayout false
04-25 20:43:35.086  1222  4640 V WindowManager: focusMayChange: false win Window{e4c5127 u0 OnScreenFingerprintDimLayer}
04-25 20:43:35.089  1222  1222 V SettingsProvider: Notifying for 0: content://settings/system/real_screen_brightness
04-25 20:43:35.091  1222  1222 V SettingsProvider: Notifying for 0: content://settings/system/screen_brightness
04-25 20:43:35.100  1222  4640 V WindowManager: win.mViewVisibility: 8 (flagChanges & FLAG_NOT_FOCUSABLE) 0 win.mRelayoutCalled true win Window{e4c5127 u0 OnScreenFingerprintDimLayer}
04-25 20:43:35.102  1222  4640 V WindowManager: focusMayChange: false shouldRelayout false
04-25 20:43:35.102  1222  4640 V WindowManager: focusMayChange: false win Window{e4c5127 u0 OnScreenFingerprintDimLayer}
04-25 20:43:35.106  1222  1222 V SettingsProvider: Notifying for 0: content://settings/system/real_screen_brightness
04-25 20:43:35.108  1222  1222 V SettingsProvider: Notifying for 0: content://settings/system/screen_brightness
04-25 20:43:35.117  1222  4640 V WindowManager: win.mViewVisibility: 8 (flagChanges & FLAG_NOT_FOCUSABLE) 0 win.mRelayoutCalled true win Window{e4c5127 u0 OnScreenFingerprintDimLayer}
04-25 20:43:35.119  1222  4640 V WindowManager: focusMayChange: false shouldRelayout false
04-25 20:43:35.119  1222  4640 V WindowManager: focusMayChange: false win Window{e4c5127 u0 OnScreenFingerprintDimLayer}
04-25 20:43:35.122  1222  1222 V SettingsProvider: Notifying for 0: content://settings/system/real_screen_brightness
04-25 20:43:35.124  1222  1222 V SettingsProvider: Notifying for 0: content://settings/system/screen_brightness
04-25 20:43:35.133  1222  4025 V WindowManager: win.mViewVisibility: 8 (flagChanges & FLAG_NOT_FOCUSABLE) 0 win.mRelayoutCalled true win Window{e4c5127 u0 OnScreenFingerprintDimLayer}
04-25 20:43:35.135  1222  4025 V WindowManager: focusMayChange: false shouldRelayout false
04-25 20:43:35.135  1222  4025 V WindowManager: focusMayChange: false win Window{e4c5127 u0 OnScreenFingerprintDimLayer}
04-25 20:43:35.139  1222  1222 V SettingsProvider: Notifying for 0: content://settings/system/real_screen_brightness
04-25 20:43:35.141  1222  1222 V SettingsProvider: Notifying for 0: content://settings/system/screen_brightness
04-25 20:43:35.150  1222  4016 V WindowManager: win.mViewVisibility: 8 (flagChanges & FLAG_NOT_FOCUSABLE) 0 win.mRelayoutCalled true win Window{e4c5127 u0 OnScreenFingerprintDimLayer}
04-25 20:43:35.156  1222  1222 V SettingsProvider: Notifying for 0: content://settings/system/real_screen_brightness
04-25 20:43:35.156  1222  4016 V WindowManager: focusMayChange: false shouldRelayout false
04-25 20:43:35.156  1222  4016 V WindowManager: focusMayChange: false win Window{e4c5127 u0 OnScreenFingerprintDimLayer}
04-25 20:43:35.158  1222  1222 V SettingsProvider: Notifying for 0: content://settings/system/screen_brightness
04-25 20:43:35.166  1222  4025 V WindowManager: win.mViewVisibility: 8 (flagChanges & FLAG_NOT_FOCUSABLE) 0 win.mRelayoutCalled true win Window{e4c5127 u0 OnScreenFingerprintDimLayer}
04-25 20:43:35.168  1222  4025 V WindowManager: focusMayChange: false shouldRelayout false
04-25 20:43:35.168  1222  4025 V WindowManager: focusMayChange: false win Window{e4c5127 u0 OnScreenFingerprintDimLayer}
04-25 20:43:35.172  1222  1222 V SettingsProvider: Notifying for 0: content://settings/system/real_screen_brightness
04-25 20:43:35.175  1222  1222 V SettingsProvider: Notifying for 0: content://settings/system/screen_brightness
04-25 20:43:35.183  1222  4025 V WindowManager: win.mViewVisibility: 8 (flagChanges & FLAG_NOT_FOCUSABLE) 0 win.mRelayoutCalled true win Window{e4c5127 u0 OnScreenFingerprintDimLayer}
04-25 20:43:35.185  1222  4025 V WindowManager: focusMayChange: false shouldRelayout false
04-25 20:43:35.185  1222  4025 V WindowManager: focusMayChange: false win Window{e4c5127 u0 OnScreenFingerprintDimLayer}
04-25 20:43:35.189  1222  1222 V SettingsProvider: Notifying for 0: content://settings/system/real_screen_brightness
04-25 20:43:35.191  1222  1222 V SettingsProvider: Notifying for 0: content://settings/system/screen_brightness
04-25 20:43:35.200  1222  4016 V WindowManager: win.mViewVisibility: 8 (flagChanges & FLAG_NOT_FOCUSABLE) 0 win.mRelayoutCalled true win Window{e4c5127 u0 OnScreenFingerprintDimLayer}
04-25 20:43:35.205  1222  1222 V SettingsProvider: Notifying for 0: content://settings/system/real_screen_brightness
04-25 20:43:35.207  1222  4016 V WindowManager: focusMayChange: false shouldRelayout false
04-25 20:43:35.207  1222  4016 V WindowManager: focusMayChange: false win Window{e4c5127 u0 OnScreenFingerprintDimLayer}
04-25 20:43:35.208  1222  1222 V SettingsProvider: Notifying for 0: content://settings/system/screen_brightness
04-25 20:43:35.216  1222  4016 V WindowManager: win.mViewVisibility: 8 (flagChanges & FLAG_NOT_FOCUSABLE) 0 win.mRelayoutCalled true win Window{e4c5127 u0 OnScreenFingerprintDimLayer}
04-25 20:43:35.222  1222  1222 V SettingsProvider: Notifying for 0: content://settings/system/real_screen_brightness
04-25 20:43:35.223  1222  4016 V WindowManager: focusMayChange: false shouldRelayout false
04-25 20:43:35.223  1222  4016 V WindowManager: focusMayChange: false win Window{e4c5127 u0 OnScreenFingerprintDimLayer}
04-25 20:43:35.224  1222  1222 V SettingsProvider: Notifying for 0: content://settings/system/screen_brightness
04-25 20:43:35.233  1222  4016 V WindowManager: win.mViewVisibility: 8 (flagChanges & FLAG_NOT_FOCUSABLE) 0 win.mRelayoutCalled true win Window{e4c5127 u0 OnScreenFingerprintDimLayer}
04-25 20:43:35.239  1222  1222 V SettingsProvider: Notifying for 0: content://settings/system/real_screen_brightness
04-25 20:43:35.240  1222  4016 V WindowManager: focusMayChange: false shouldRelayout false
04-25 20:43:35.240  1222  4016 V WindowManager: focusMayChange: false win Window{e4c5127 u0 OnScreenFingerprintDimLayer}
04-25 20:43:35.241  1222  1222 V SettingsProvider: Notifying for 0: content://settings/system/screen_brightness
04-25 20:43:35.249  1222  4016 V WindowManager: win.mViewVisibility: 8 (flagChanges & FLAG_NOT_FOCUSABLE) 0 win.mRelayoutCalled true win Window{e4c5127 u0 OnScreenFingerprintDimLayer}
04-25 20:43:35.256  1222  1222 V SettingsProvider: Notifying for 0: content://settings/system/real_screen_brightness
04-25 20:43:35.256  1222  4016 V WindowManager: focusMayChange: false shouldRelayout false
04-25 20:43:35.256  1222  4016 V WindowManager: focusMayChange: false win Window{e4c5127 u0 OnScreenFingerprintDimLayer}
04-25 20:43:35.258  1222  1222 V SettingsProvider: Notifying for 0: content://settings/system/screen_brightness
04-25 20:43:35.266  1222  4016 V WindowManager: win.mViewVisibility: 8 (flagChanges & FLAG_NOT_FOCUSABLE) 0 win.mRelayoutCalled true win Window{e4c5127 u0 OnScreenFingerprintDimLayer}
04-25 20:43:35.272  1222  1222 V SettingsProvider: Notifying for 0: content://settings/system/real_screen_brightness
04-25 20:43:35.273  1222  4016 V WindowManager: focusMayChange: false shouldRelayout false
04-25 20:43:35.273  1222  4016 V WindowManager: focusMayChange: false win Window{e4c5127 u0 OnScreenFingerprintDimLayer}
04-25 20:43:35.274  1222  1222 V SettingsProvider: Notifying for 0: content://settings/system/screen_brightness
04-25 20:43:35.283  1222  4016 V WindowManager: win.mViewVisibility: 8 (flagChanges & FLAG_NOT_FOCUSABLE) 0 win.mRelayoutCalled true win Window{e4c5127 u0 OnScreenFingerprintDimLayer}
04-25 20:43:35.288  1222  4016 V WindowManager: focusMayChange: false shouldRelayout false
04-25 20:43:35.288  1222  4016 V WindowManager: focusMayChange: false win Window{e4c5127 u0 OnScreenFingerprintDimLayer}
04-25 20:43:35.288  1222  1222 V SettingsProvider: Notifying for 0: content://settings/system/real_screen_brightness
04-25 20:43:35.290  1222  1222 V SettingsProvider: Notifying for 0: content://settings/system/screen_brightness
04-25 20:43:35.299  1222  4025 V WindowManager: win.mViewVisibility: 8 (flagChanges & FLAG_NOT_FOCUSABLE) 0 win.mRelayoutCalled true win Window{e4c5127 u0 OnScreenFingerprintDimLayer}
04-25 20:43:35.302  1222  4025 V WindowManager: focusMayChange: false shouldRelayout false
04-25 20:43:35.302  1222  4025 V WindowManager: focusMayChange: false win Window{e4c5127 u0 OnScreenFingerprintDimLayer}
04-25 20:43:35.305  1222  1222 V SettingsProvider: Notifying for 0: content://settings/system/real_screen_brightness
04-25 20:43:35.308  1222  1222 V SettingsProvider: Notifying for 0: content://settings/system/screen_brightness
04-25 20:43:35.316  1222  4016 V WindowManager: win.mViewVisibility: 8 (flagChanges & FLAG_NOT_FOCUSABLE) 0 win.mRelayoutCalled true win Window{e4c5127 u0 OnScreenFingerprintDimLayer}
04-25 20:43:35.322  1222  1222 V SettingsProvider: Notifying for 0: content://settings/system/real_screen_brightness
04-25 20:43:35.323  1222  4016 V WindowManager: focusMayChange: false shouldRelayout false
04-25 20:43:35.323  1222  4016 V WindowManager: focusMayChange: false win Window{e4c5127 u0 OnScreenFingerprintDimLayer}
04-25 20:43:35.324  1222  1222 V SettingsProvider: Notifying for 0: content://settings/system/screen_brightness
04-25 20:43:35.333  1222  4016 V WindowManager: win.mViewVisibility: 8 (flagChanges & FLAG_NOT_FOCUSABLE) 0 win.mRelayoutCalled true win Window{e4c5127 u0 OnScreenFingerprintDimLayer}
04-25 20:43:35.339  1222  1222 V SettingsProvider: Notifying for 0: content://settings/system/real_screen_brightness
04-25 20:43:35.340  1222  4016 V WindowManager: focusMayChange: false shouldRelayout false
04-25 20:43:35.340  1222  4016 V WindowManager: focusMayChange: false win Window{e4c5127 u0 OnScreenFingerprintDimLayer}
04-25 20:43:35.341  1222  1222 V SettingsProvider: Notifying for 0: content://settings/system/screen_brightness
04-25 20:43:35.349  1222  4016 V WindowManager: win.mViewVisibility: 8 (flagChanges & FLAG_NOT_FOCUSABLE) 0 win.mRelayoutCalled true win Window{e4c5127 u0 OnScreenFingerprintDimLayer}
04-25 20:43:35.355  1222  1222 V SettingsProvider: Notifying for 0: content://settings/system/real_screen_brightness
04-25 20:43:35.356  1222  4016 V WindowManager: focusMayChange: false shouldRelayout false
04-25 20:43:35.356  1222  4016 V WindowManager: focusMayChange: false win Window{e4c5127 u0 OnScreenFingerprintDimLayer}
04-25 20:43:35.357  1222  1222 V SettingsProvider: Notifying for 0: content://settings/system/screen_brightness
04-25 20:43:35.366  1222  4016 V WindowManager: win.mViewVisibility: 8 (flagChanges & FLAG_NOT_FOCUSABLE) 0 win.mRelayoutCalled true win Window{e4c5127 u0 OnScreenFingerprintDimLayer}
04-25 20:43:35.372  1222  4016 V WindowManager: focusMayChange: false shouldRelayout false
04-25 20:43:35.372  1222  4016 V WindowManager: focusMayChange: false win Window{e4c5127 u0 OnScreenFingerprintDimLayer}
04-25 20:43:35.372  1222  1222 V SettingsProvider: Notifying for 0: content://settings/system/real_screen_brightness
04-25 20:43:35.374  1222  1222 V SettingsProvider: Notifying for 0: content://settings/system/screen_brightness
04-25 20:43:35.383  1222  4016 V WindowManager: win.mViewVisibility: 8 (flagChanges & FLAG_NOT_FOCUSABLE) 0 win.mRelayoutCalled true win Window{e4c5127 u0 OnScreenFingerprintDimLayer}
04-25 20:43:35.388  1222  1222 V SettingsProvider: Notifying for 0: content://settings/system/real_screen_brightness
04-25 20:43:35.389  1222  4016 V WindowManager: focusMayChange: false shouldRelayout false
04-25 20:43:35.389  1222  4016 V WindowManager: focusMayChange: false win Window{e4c5127 u0 OnScreenFingerprintDimLayer}
04-25 20:43:35.390  1222  1222 V SettingsProvider: Notifying for 0: content://settings/system/screen_brightness
04-25 20:43:35.399  1222  4016 V WindowManager: win.mViewVisibility: 8 (flagChanges & FLAG_NOT_FOCUSABLE) 0 win.mRelayoutCalled true win Window{e4c5127 u0 OnScreenFingerprintDimLayer}
04-25 20:43:35.405  1222  4016 V WindowManager: focusMayChange: false shouldRelayout false
