04-25 20:42:52.379  1222  5282 V WindowManager: focusMayChange: false shouldRelayout false
04-25 20:42:52.379  1222  5282 V WindowManager: focusMayChange: false win Window{e4c5127 u0 OnScreenFingerprintDimLayer}
04-25 20:42:52.381  1222  1222 V SettingsProvider: Notifying for 0: content://settings/system/real_screen_brightness
04-25 20:42:52.382  1222  1222 V SettingsProvider: Notifying for 0: content://settings/system/screen_brightness
04-25 20:42:52.391  1222  5282 V WindowManager: win.mViewVisibility: 8 (flagChanges & FLAG_NOT_FOCUSABLE) 0 win.mRelayoutCalled true win Window{e4c5127 u0 OnScreenFingerprintDimLayer}
04-25 20:42:52.394  1222  5282 V WindowManager: focusMayChange: false shouldRelayout false
04-25 20:42:52.394  1222  5282 V WindowManager: focusMayChange: false win Window{e4c5127 u0 OnScreenFingerprintDimLayer}
04-25 20:42:52.397  1222  1222 V SettingsProvider: Notifying for 0: content://settings/system/real_screen_brightness
04-25 20:42:52.400  1222  1222 V SettingsProvider: Notifying for 0: content://settings/system/screen_brightness
04-25 20:42:52.407  1222  1233 V WindowManager: win.mViewVisibility: 8 (flagChanges & FLAG_NOT_FOCUSABLE) 0 win.mRelayoutCalled true win Window{e4c5127 u0 OnScreenFingerprintDimLayer}
04-25 20:42:52.409  1222  1233 V WindowManager: focusMayChange: false shouldRelayout false
04-25 20:42:52.409  1222  1233 V WindowManager: focusMayChange: false win Window{e4c5127 u0 OnScreenFingerprintDimLayer}
04-25 20:42:52.413  1222  1222 V SettingsProvider: Notifying for 0: content://settings/system/real_screen_brightness
04-25 20:42:52.414  1222  1222 V SettingsProvider: Notifying for 0: content://settings/system/screen_brightness
04-25 20:42:52.427  1222  1233 V WindowManager: win.mViewVisibility: 8 (flagChanges & FLAG_NOT_FOCUSABLE) 0 win.mRelayoutCalled true win Window{e4c5127 u0 OnScreenFingerprintDimLayer}
04-25 20:42:52.431  1222  1222 V SettingsProvider: Notifying for 0: content://settings/system/real_screen_brightness
04-25 20:42:52.431  1222  1222 V SettingsProvider: Notifying for 0: content://settings/system/screen_brightness
04-25 20:42:52.433  1222  1233 V WindowManager: focusMayChange: false shouldRelayout false
04-25 20:42:52.433  1222  1233 V WindowManager: focusMayChange: false win Window{e4c5127 u0 OnScreenFingerprintDimLayer}
04-25 20:42:52.441  1222  1233 V WindowManager: win.mViewVisibility: 8 (flagChanges & FLAG_NOT_FOCUSABLE) 0 win.mRelayoutCalled true win Window{e4c5127 u0 OnScreenFingerprintDimLayer}
04-25 20:42:52.444  1222  1233 V WindowManager: focusMayChange: false shouldRelayout false
04-25 20:42:52.444  1222  1233 V WindowManager: focusMayChange: false win Window{e4c5127 u0 OnScreenFingerprintDimLayer}
04-25 20:42:52.451  1222  1222 V SettingsProvider: Notifying for 0: content://settings/system/real_screen_brightness
04-25 20:42:52.452  1222  1222 V SettingsProvider: Notifying for 0: content://settings/system/screen_brightness
04-25 20:42:52.458  1222  5282 V WindowManager: win.mViewVisibility: 8 (flagChanges & FLAG_NOT_FOCUSABLE) 0 win.mRelayoutCalled true win Window{e4c5127 u0 OnScreenFingerprintDimLayer}
04-25 20:42:52.460  1222  5282 V WindowManager: focusMayChange: false shouldRelayout false
04-25 20:42:52.460  1222  5282 V WindowManager: focusMayChange: false win Window{e4c5127 u0 OnScreenFingerprintDimLayer}
04-25 20:42:52.463  1222  1222 V SettingsProvider: Notifying for 0: content://settings/system/real_screen_brightness
04-25 20:42:52.464  1222  1222 V SettingsProvider: Notifying for 0: content://settings/system/screen_brightness
04-25 20:42:52.477  1222  5282 V WindowManager: win.mViewVisibility: 8 (flagChanges & FLAG_NOT_FOCUSABLE) 0 win.mRelayoutCalled true win Window{e4c5127 u0 OnScreenFingerprintDimLayer}
04-25 20:42:52.479  1222  1222 V SettingsProvider: Notifying for 0: content://settings/system/real_screen_brightness
04-25 20:42:52.480  1222  1222 V SettingsProvider: Notifying for 0: content://settings/system/screen_brightness
04-25 20:42:52.481  1222  5282 V WindowManager: focusMayChange: false shouldRelayout false
04-25 20:42:52.481  1222  5282 V WindowManager: focusMayChange: false win Window{e4c5127 u0 OnScreenFingerprintDimLayer}
04-25 20:42:52.491  1222  5282 V WindowManager: win.mViewVisibility: 8 (flagChanges & FLAG_NOT_FOCUSABLE) 0 win.mRelayoutCalled true win Window{e4c5127 u0 OnScreenFingerprintDimLayer}
04-25 20:42:52.497  1222  1222 V SettingsProvider: Notifying for 0: content://settings/system/real_screen_brightness
04-25 20:42:52.500  1222  5282 V WindowManager: focusMayChange: false shouldRelayout false
04-25 20:42:52.500  1222  5282 V WindowManager: focusMayChange: false win Window{e4c5127 u0 OnScreenFingerprintDimLayer}
04-25 20:42:52.502  1222  1222 V SettingsProvider: Notifying for 0: content://settings/system/screen_brightness
04-25 20:42:52.510  1222  5282 V WindowManager: win.mViewVisibility: 8 (flagChanges & FLAG_NOT_FOCUSABLE) 0 win.mRelayoutCalled true win Window{e4c5127 u0 OnScreenFingerprintDimLayer}
04-25 20:42:52.513  1222  1222 V SettingsProvider: Notifying for 0: content://settings/system/real_screen_brightness
04-25 20:42:52.513  1222  1222 V SettingsProvider: Notifying for 0: content://settings/system/screen_brightness
04-25 20:42:52.516  1222  5282 V WindowManager: focusMayChange: false shouldRelayout false
04-25 20:42:52.516  1222  5282 V WindowManager: focusMayChange: false win Window{e4c5127 u0 OnScreenFingerprintDimLayer}
04-25 20:42:52.526  1222  5282 V WindowManager: win.mViewVisibility: 8 (flagChanges & FLAG_NOT_FOCUSABLE) 0 win.mRelayoutCalled true win Window{e4c5127 u0 OnScreenFingerprintDimLayer}
04-25 20:42:52.529  1222  1222 V SettingsProvider: Notifying for 0: content://settings/system/real_screen_brightness
04-25 20:42:52.530  1222  1222 V SettingsProvider: Notifying for 0: content://settings/system/screen_brightness
04-25 20:42:52.532  1222  5282 V WindowManager: focusMayChange: false shouldRelayout false
04-25 20:42:52.532  1222  5282 V WindowManager: focusMayChange: false win Window{e4c5127 u0 OnScreenFingerprintDimLayer}
04-25 20:42:52.541  1222  4640 V WindowManager: win.mViewVisibility: 8 (flagChanges & FLAG_NOT_FOCUSABLE) 0 win.mRelayoutCalled true win Window{e4c5127 u0 OnScreenFingerprintDimLayer}
04-25 20:42:52.543  1222  4640 V WindowManager: focusMayChange: false shouldRelayout false
04-25 20:42:52.543  1222  4640 V WindowManager: focusMayChange: false win Window{e4c5127 u0 OnScreenFingerprintDimLayer}
04-25 20:42:52.550  1222  1222 V SettingsProvider: Notifying for 0: content://settings/system/real_screen_brightness
04-25 20:42:52.551  1222  1222 V SettingsProvider: Notifying for 0: content://settings/system/screen_brightness
04-25 20:42:52.557  1222  5282 V WindowManager: win.mViewVisibility: 8 (flagChanges & FLAG_NOT_FOCUSABLE) 0 win.mRelayoutCalled true win Window{e4c5127 u0 OnScreenFingerprintDimLayer}
04-25 20:42:52.561  1222  5282 V WindowManager: focusMayChange: false shouldRelayout false
04-25 20:42:52.561  1222  5282 V WindowManager: focusMayChange: false win Window{e4c5127 u0 OnScreenFingerprintDimLayer}
04-25 20:42:52.563  1222  1222 V SettingsProvider: Notifying for 0: content://settings/system/real_screen_brightness
04-25 20:42:52.563  1222  1222 V SettingsProvider: Notifying for 0: content://settings/system/screen_brightness
04-25 20:42:52.579  1222  4640 V WindowManager: win.mViewVisibility: 8 (flagChanges & FLAG_NOT_FOCUSABLE) 0 win.mRelayoutCalled true win Window{e4c5127 u0 OnScreenFingerprintDimLayer}
04-25 20:42:52.579  1222  1222 V SettingsProvider: Notifying for 0: content://settings/system/real_screen_brightness
04-25 20:42:52.580  1222  1222 V SettingsProvider: Notifying for 0: content://settings/system/screen_brightness
04-25 20:42:52.581  1222  4640 V WindowManager: focusMayChange: false shouldRelayout false
04-25 20:42:52.581  1222  4640 V WindowManager: focusMayChange: false win Window{e4c5127 u0 OnScreenFingerprintDimLayer}
04-25 20:42:52.586  1222  5282 V WindowManager: mCurrentFocus: Window{607bc47 u0 host.exp.exponent/host.exp.exponent.experience.ExperienceActivity} newFocus Window{607bc47 u0 host.exp.exponent/host.exp.exponent.experience.ExperienceActivity}
04-25 20:42:52.592  1222  4640 V WindowManager: win.mViewVisibility: 8 (flagChanges & FLAG_NOT_FOCUSABLE) 0 win.mRelayoutCalled true win Window{e4c5127 u0 OnScreenFingerprintDimLayer}
04-25 20:42:52.595  1222  1233 W ActivityManager: preloadAction is 0, starting intent = flg=0xc080000 cmp=host.exp.exponent/.experience.ExperienceActivity (has extras)
04-25 20:42:52.595  1222  1233 I ActivityManager: START u0 {flg=0xc080000 cmp=host.exp.exponent/.experience.ExperienceActivity (has extras)} from uid 10135 and from pid 23367
04-25 20:42:52.596  1222  4640 V WindowManager: focusMayChange: false shouldRelayout false
04-25 20:42:52.596  1222  4640 V WindowManager: focusMayChange: false win Window{e4c5127 u0 OnScreenFingerprintDimLayer}
04-25 20:42:52.599  1222  1233 V WindowManager: mCurrentFocus: Window{607bc47 u0 host.exp.exponent/host.exp.exponent.experience.ExperienceActivity} newFocus null
04-25 20:42:52.600  1222  1233 V WindowManager: Changing focus from Window{607bc47 u0 host.exp.exponent/host.exp.exponent.experience.ExperienceActivity} to null Callers=com.android.server.wm.DisplayContent.layoutAndAssignWindowLayersIfNeeded:2747 com.android.server.wm.DisplayContent.positionStackAt:2127 com.android.server.wm.DisplayWindowController.positionChildAt:93 com.android.server.am.ActivityDisplay.positionChildAt:180 
04-25 20:42:52.600  1222  1233 D WindowManager: Input focus has changed to null
04-25 20:42:52.601  1222  1373 I WindowManager: Focus moving from Window{607bc47 u0 host.exp.exponent/host.exp.exponent.experience.ExperienceActivity} to null
04-25 20:42:52.602  1222  1233 V WindowManager: mCurrentFocus: null newFocus null
04-25 20:42:52.603  1222  1233 V WindowManager: mCurrentFocus: null newFocus null
04-25 20:42:52.614  1222  1222 V SettingsProvider: Notifying for 0: content://settings/system/real_screen_brightness
04-25 20:42:52.614  1222  1222 V SettingsProvider: Notifying for 0: content://settings/system/screen_brightness
04-25 20:42:52.615  1222  1222 V SettingsProvider: Notifying for 0: content://settings/system/real_screen_brightness
04-25 20:42:52.638  1222  1222 V SettingsProvider: Notifying for 0: content://settings/system/screen_brightness
04-25 20:42:52.641  1222  1491 V WindowManager: win.mViewVisibility: 0 (flagChanges & FLAG_NOT_FOCUSABLE) 0 win.mRelayoutCalled false win Window{74678a5 u0 Splash Screen host.exp.exponent}
04-25 20:42:52.643  1222  1491 V WindowManager: focusMayChange: true shouldRelayout true
04-25 20:42:52.644  1222  2228 D MtkConnectivityService: releasing NetworkRequest [ TRACK_DEFAULT id=2955, [ Capabilities: INTERNET&NOT_RESTRICTED&TRUSTED Unwanted:  Uid: 10135] ] (release request)
04-25 20:42:52.648  1222  1491 V WindowManager: isDefaultDisplay: true  2
04-25 20:42:52.648  1222  1491 V WindowManager: focusMayChange: true win Window{74678a5 u0 Splash Screen host.exp.exponent}
04-25 20:42:52.648  1222  1491 V WindowManager: mCurrentFocus: null newFocus null
04-25 20:42:52.651  1222  1222 V SettingsProvider: Notifying for 0: content://settings/system/real_screen_brightness
04-25 20:42:52.651  1222  1222 V SettingsProvider: Notifying for 0: content://settings/system/screen_brightness
04-25 20:42:52.668  1222  4028 I ActivityManager: handleActivitySwitch the same packageName!
04-25 20:42:52.672  1222  4028 D DEBUG_VISIBILITY: mOccluded:false lastOccluded:false
04-25 20:42:52.678  1222  4028 D DEBUG_VISIBILITY: mOccluded:false lastOccluded:false
04-25 20:42:52.680  1222  4029 V WindowManager: win.mViewVisibility: 8 (flagChanges & FLAG_NOT_FOCUSABLE) 0 win.mRelayoutCalled true win Window{e4c5127 u0 OnScreenFingerprintDimLayer}
04-25 20:42:52.683  1222  4029 V WindowManager: focusMayChange: false shouldRelayout false
04-25 20:42:52.683  1222  4029 V WindowManager: focusMayChange: false win Window{e4c5127 u0 OnScreenFingerprintDimLayer}
04-25 20:42:52.684  1222  4028 V WindowManager: Set focused app to: AppWindowToken{b6aab17 token=Token{e3a4396 ActivityRecord{e502b1 u0 host.exp.exponent/.experience.ExperienceActivity t5665}}} old focus=AppWindowToken{5759226 token=Token{2793181 ActivityRecord{af29968 u0 host.exp.exponent/.experience.ExperienceActivity t5664}}} moveFocusNow=true
04-25 20:42:52.684  1222  4028 V WindowManager: mCurrentFocus: null newFocus null
04-25 20:42:52.687  1222  4028 D DEBUG_VISIBILITY: mOccluded:false lastOccluded:false
04-25 20:42:52.694  1222  4028 D DEBUG_VISIBILITY: mOccluded:false lastOccluded:false
04-25 20:42:52.698  1222  2263 I MotorManagerService: notifyActivityChanged: mBackgroudPkg = host.exp.exponent mFocusPkg = host.exp.exponent mIsSplitMode = false mBackActivity = host.exp.exponent.experience.ExperienceActivity mFocusActivity = host.exp.exponent.experience.ExperienceActivity
04-25 20:42:52.714  1222  4028 V WindowManager: mCurrentFocus: null newFocus null
04-25 20:42:52.734  1222  1222 V SettingsProvider: Notifying for 0: content://settings/system/real_screen_brightness
04-25 20:42:52.735  1222  1222 V SettingsProvider: Notifying for 0: content://settings/system/screen_brightness
04-25 20:42:52.737  1222  1222 V SettingsProvider: Notifying for 0: content://settings/system/real_screen_brightness
04-25 20:42:52.739  1222  1222 V SettingsProvider: Notifying for 0: content://settings/system/screen_brightness
04-25 20:42:52.740  1222  4021 V WindowManager: win.mViewVisibility: 8 (flagChanges & FLAG_NOT_FOCUSABLE) 0 win.mRelayoutCalled true win Window{e4c5127 u0 OnScreenFingerprintDimLayer}
04-25 20:42:52.746  1222  4021 V WindowManager: focusMayChange: false shouldRelayout false
04-25 20:42:52.746  1222  4021 V WindowManager: focusMayChange: false win Window{e4c5127 u0 OnScreenFingerprintDimLayer}
04-25 20:42:52.752  1222  1222 V SettingsProvider: Notifying for 0: content://settings/system/real_screen_brightness
04-25 20:42:52.753  1222  1222 V SettingsProvider: Notifying for 0: content://settings/system/screen_brightness
04-25 20:42:52.753  1222  1222 V SettingsProvider: Notifying for 0: content://settings/system/real_screen_brightness
04-25 20:42:52.754  1222  1222 V SettingsProvider: Notifying for 0: content://settings/system/screen_brightness
04-25 20:42:52.755  1222  1222 V SettingsProvider: Notifying for 0: content://settings/system/real_screen_brightness
04-25 20:42:52.755  1222  1222 V SettingsProvider: Notifying for 0: content://settings/system/screen_brightness
04-25 20:42:52.756  1222  1222 V SettingsProvider: Notifying for 0: content://settings/system/real_screen_brightness
04-25 20:42:52.756  1222  1222 V SettingsProvider: Notifying for 0: content://settings/system/screen_brightness
04-25 20:42:52.757  1222  1222 V SettingsProvider: Notifying for 0: content://settings/system/real_screen_brightness
04-25 20:42:52.757  1222  1222 V SettingsProvider: Notifying for 0: content://settings/system/screen_brightness
04-25 20:42:52.766  1222  1222 V SettingsProvider: Notifying for 0: content://settings/system/real_screen_brightness
04-25 20:42:52.768  1222  1222 V SettingsProvider: Notifying for 0: content://settings/system/screen_brightness
04-25 20:42:52.780  1222  1222 V SettingsProvider: Notifying for 0: content://settings/system/real_screen_brightness
04-25 20:42:52.781  1222  1222 V SettingsProvider: Notifying for 0: content://settings/system/screen_brightness
04-25 20:42:52.796  1222  1222 V SettingsProvider: Notifying for 0: content://settings/system/real_screen_brightness
04-25 20:42:52.797  1222  1222 V SettingsProvider: Notifying for 0: content://settings/system/screen_brightness
04-25 20:42:52.808  1222  4029 V WindowManager: win.mViewVisibility: 8 (flagChanges & FLAG_NOT_FOCUSABLE) 0 win.mRelayoutCalled true win Window{e4c5127 u0 OnScreenFingerprintDimLayer}
04-25 20:42:52.812  1222  4029 V WindowManager: focusMayChange: false shouldRelayout false
04-25 20:42:52.812  1222  4029 V WindowManager: focusMayChange: false win Window{e4c5127 u0 OnScreenFingerprintDimLayer}
04-25 20:42:52.816  1222  1222 V SettingsProvider: Notifying for 0: content://settings/system/real_screen_brightness
04-25 20:42:52.818  1222  1222 V SettingsProvider: Notifying for 0: content://settings/system/screen_brightness
04-25 20:42:52.841  1222  1222 V SettingsProvider: Notifying for 0: content://settings/system/real_screen_brightness
04-25 20:42:52.841  1222  1222 V SettingsProvider: Notifying for 0: content://settings/system/screen_brightness
04-25 20:42:52.846  1222  1222 V SettingsProvider: Notifying for 0: content://settings/system/real_screen_brightness
04-25 20:42:52.847  1222  1222 V SettingsProvider: Notifying for 0: content://settings/system/screen_brightness
04-25 20:42:52.862  1222  4028 V WindowManager: win.mViewVisibility: 8 (flagChanges & FLAG_NOT_FOCUSABLE) 0 win.mRelayoutCalled true win Window{e4c5127 u0 OnScreenFingerprintDimLayer}
04-25 20:42:52.862  1222  1222 V SettingsProvider: Notifying for 0: content://settings/system/real_screen_brightness
04-25 20:42:52.863  1222  1222 V SettingsProvider: Notifying for 0: content://settings/system/screen_brightness
04-25 20:42:52.867  1222  4028 V WindowManager: focusMayChange: false shouldRelayout false
04-25 20:42:52.867  1222  4028 V WindowManager: focusMayChange: false win Window{e4c5127 u0 OnScreenFingerprintDimLayer}
04-25 20:42:52.874  1222  4029 V WindowManager: win.mViewVisibility: 4 (flagChanges & FLAG_NOT_FOCUSABLE) 0 win.mRelayoutCalled false win Window{82dfecc u0 host.exp.exponent/host.exp.exponent.experience.ExperienceActivity}
04-25 20:42:52.874  1222  4029 I WindowManager: Relayout Window{82dfecc u0 host.exp.exponent/host.exp.exponent.experience.ExperienceActivity}: oldVis=4 newVis=0 focusMayChange = true
04-25 20:42:52.877  1222  4029 V WindowManager: focusMayChange: true shouldRelayout true
04-25 20:42:52.880  1222  4029 V WindowManager: isDefaultDisplay: true  2
04-25 20:42:52.880  1222  4029 V WindowManager: focusMayChange: true win Window{82dfecc u0 host.exp.exponent/host.exp.exponent.experience.ExperienceActivity}
04-25 20:42:52.880  1222  4029 V WindowManager: mCurrentFocus: null newFocus Window{82dfecc u0 host.exp.exponent/host.exp.exponent.experience.ExperienceActivity}
04-25 20:42:52.880  1222  4029 V WindowManager: Changing focus from null to Window{82dfecc u0 host.exp.exponent/host.exp.exponent.experience.ExperienceActivity} Callers=com.android.server.wm.WindowManagerService.relayoutWindow:3294 com.android.server.wm.Session.relayout:255 com.android.server.wm.ColorWindowSession.relayout:33 android.view.IWindowSession$Stub.onTransact:309 
04-25 20:42:52.881  1222  4029 D WindowManager: Input focus has changed to Window{82dfecc u0 host.exp.exponent/host.exp.exponent.experience.ExperienceActivity}
04-25 20:42:52.884  1222  1373 I WindowManager: Focus moving from null to Window{82dfecc u0 host.exp.exponent/host.exp.exponent.experience.ExperienceActivity}
04-25 20:42:52.889  1222  1222 V SettingsProvider: Notifying for 0: content://settings/system/real_screen_brightness
04-25 20:42:52.899  1222  1222 V SettingsProvider: Notifying for 0: content://settings/system/screen_brightness
04-25 20:42:52.900  1222  1222 V SettingsProvider: Notifying for 0: content://settings/system/real_screen_brightness
04-25 20:42:52.901  1222  1222 V SettingsProvider: Notifying for 0: content://settings/system/screen_brightness
04-25 20:42:52.912  1222  1222 V SettingsProvider: Notifying for 0: content://settings/system/real_screen_brightness
04-25 20:42:52.914  1222  1222 V SettingsProvider: Notifying for 0: content://settings/system/screen_brightness
04-25 20:42:52.946  1222  1222 V SettingsProvider: Notifying for 0: content://settings/system/real_screen_brightness
04-25 20:42:52.946  1222  1222 V SettingsProvider: Notifying for 0: content://settings/system/screen_brightness
04-25 20:42:52.949  1222  4028 V WindowManager: win.mViewVisibility: 0 (flagChanges & FLAG_NOT_FOCUSABLE) 0 win.mRelayoutCalled true win Window{82dfecc u0 host.exp.exponent/host.exp.exponent.experience.ExperienceActivity}
04-25 20:42:52.953  1222  4028 V WindowManager: focusMayChange: false shouldRelayout true
04-25 20:42:52.953  1222  4028 V WindowManager: isDefaultDisplay: true  2
04-25 20:42:52.953  1222  4028 V WindowManager: focusMayChange: true win Window{82dfecc u0 host.exp.exponent/host.exp.exponent.experience.ExperienceActivity}
04-25 20:42:52.953  1222  4028 V WindowManager: mCurrentFocus: Window{82dfecc u0 host.exp.exponent/host.exp.exponent.experience.ExperienceActivity} newFocus Window{82dfecc u0 host.exp.exponent/host.exp.exponent.experience.ExperienceActivity}
04-25 20:42:52.965  1222  1222 V SettingsProvider: Notifying for 0: content://settings/system/real_screen_brightness
04-25 20:42:52.968  1222  1222 V SettingsProvider: Notifying for 0: content://settings/system/screen_brightness
04-25 20:42:52.979  1222  1222 V SettingsProvider: Notifying for 0: content://settings/system/real_screen_brightness
04-25 20:42:52.999  1222  1491 V WindowManager: mCurrentFocus: Window{82dfecc u0 host.exp.exponent/host.exp.exponent.experience.ExperienceActivity} newFocus Window{82dfecc u0 host.exp.exponent/host.exp.exponent.experience.ExperienceActivity}
04-25 20:42:53.008  1222  1222 V SettingsProvider: Notifying for 0: content://settings/system/screen_brightness
04-25 20:42:53.027  1222  1222 V SettingsProvider: Notifying for 0: content://settings/system/real_screen_brightness
04-25 20:42:53.030  1222  1222 V SettingsProvider: Notifying for 0: content://settings/system/screen_brightness
04-25 20:42:53.037  1222  1222 V SettingsProvider: Notifying for 0: content://settings/system/real_screen_brightness
04-25 20:42:53.038  1222  1222 V SettingsProvider: Notifying for 0: content://settings/system/screen_brightness
04-25 20:42:53.044  1222  1222 V SettingsProvider: Notifying for 0: content://settings/system/real_screen_brightness
04-25 20:42:53.046  1222  1222 V SettingsProvider: Notifying for 0: content://settings/system/screen_brightness
04-25 20:42:53.050 23367 23367 E AndroidRuntime: FATAL EXCEPTION: main
04-25 20:42:53.050 23367 23367 E AndroidRuntime: Process: host.exp.exponent, PID: 23367
04-25 20:42:53.050 23367 23367 E AndroidRuntime: java.lang.RuntimeException: abi37_0_0.com.facebook.react.uimanager.IllegalViewOperationException: ViewManager for tag 53 could not be found.
04-25 20:42:53.050 23367 23367 E AndroidRuntime:  View already dropped? false.
04-25 20:42:53.050 23367 23367 E AndroidRuntime: Last index 0 in last 100 views[I@d19c353
04-25 20:42:53.050 23367 23367 E AndroidRuntime: 	at abi37_0_0.com.facebook.react.bridge.ReactContext.handleException(ReactContext.java:4)
04-25 20:42:53.050 23367 23367 E AndroidRuntime: 	at abi37_0_0.com.facebook.react.bridge.ReactContext$ExceptionHandlerWrapper.handleException(ReactContext.java:1)
04-25 20:42:53.050 23367 23367 E AndroidRuntime: 	at abi37_0_0.com.facebook.react.bridge.GuardedRunnable.run(GuardedRunnable.java:2)
04-25 20:42:53.050 23367 23367 E AndroidRuntime: 	at android.os.Handler.handleCallback(Handler.java:873)
04-25 20:42:53.050 23367 23367 E AndroidRuntime: 	at android.os.Handler.dispatchMessage(Handler.java:99)
04-25 20:42:53.050 23367 23367 E AndroidRuntime: 	at android.os.Looper.loop(Looper.java:226)
04-25 20:42:53.050 23367 23367 E AndroidRuntime: 	at android.app.ActivityThread.main(ActivityThread.java:7201)
04-25 20:42:53.050 23367 23367 E AndroidRuntime: 	at java.lang.reflect.Method.invoke(Native Method)
04-25 20:42:53.050 23367 23367 E AndroidRuntime: 	at com.android.internal.os.RuntimeInit$MethodAndArgsCaller.run(RuntimeInit.java:499)
04-25 20:42:53.050 23367 23367 E AndroidRuntime: 	at com.android.internal.os.ZygoteInit.main(ZygoteInit.java:956)
04-25 20:42:53.050 23367 23367 E AndroidRuntime: Caused by: abi37_0_0.com.facebook.react.uimanager.IllegalViewOperationException: ViewManager for tag 53 could not be found.
04-25 20:42:53.050 23367 23367 E AndroidRuntime:  View already dropped? false.
04-25 20:42:53.050 23367 23367 E AndroidRuntime: Last index 0 in last 100 views[I@d19c353
04-25 20:42:53.050 23367 23367 E AndroidRuntime: 	at abi37_0_0.com.facebook.react.uimanager.NativeViewHierarchyManager.resolveViewManager(NativeViewHierarchyManager.java:4)
04-25 20:42:53.050 23367 23367 E AndroidRuntime: 	at abi37_0_0.com.facebook.react.uimanager.NativeViewHierarchyManager.manageChildren(NativeViewHierarchyManager.java:4)
04-25 20:42:53.050 23367 23367 E AndroidRuntime: 	at abi37_0_0.com.facebook.react.uimanager.UIViewOperationQueue$ManageChildrenOperation.execute(UIViewOperationQueue.java:1)
04-25 20:42:53.050 23367 23367 E AndroidRuntime: 	at abi37_0_0.com.facebook.react.uimanager.UIViewOperationQueue$1.run(UIViewOperationQueue.java:10)
04-25 20:42:53.050 23367 23367 E AndroidRuntime: 	at abi37_0_0.com.facebook.react.uimanager.UIViewOperationQueue.flushPendingBatches(UIViewOperationQueue.java:10)
04-25 20:42:53.050 23367 23367 E AndroidRuntime: 	at abi37_0_0.com.facebook.react.uimanager.UIViewOperationQueue.access$2200(UIViewOperationQueue.java:1)
04-25 20:42:53.050 23367 23367 E AndroidRuntime: 	at abi37_0_0.com.facebook.react.uimanager.UIViewOperationQueue$2.runGuarded(UIViewOperationQueue.java:1)
04-25 20:42:53.050 23367 23367 E AndroidRuntime: 	at abi37_0_0.com.facebook.react.bridge.GuardedRunnable.run(GuardedRunnable.java:1)
04-25 20:42:53.050 23367 23367 E AndroidRuntime: 	... 7 more
04-25 20:42:53.272  1222  4009 V WindowManager: win.mViewVisibility: 8 (flagChanges & FLAG_NOT_FOCUSABLE) 0 win.mRelayoutCalled true win Window{e4c5127 u0 OnScreenFingerprintDimLayer}
04-25 20:42:53.282  1222  4009 V WindowManager: focusMayChange: false shouldRelayout false
04-25 20:42:53.282  1222  4009 V WindowManager: focusMayChange: false win Window{e4c5127 u0 OnScreenFingerprintDimLayer}
04-25 20:42:53.321  1222  1491 V WindowManager: adjustNotShowWallpaperByOppo: false
04-25 20:42:53.324  1222  1491 I WindowManager: handleOpeningSpecialApp (statusbar != null ) true pkg: com.coloros.recents start: 4
04-25 20:42:53.324  1222  1491 V WindowManager: mCurrentFocus: Window{82dfecc u0 host.exp.exponent/host.exp.exponent.experience.ExperienceActivity} newFocus Window{82dfecc u0 host.exp.exponent/host.exp.exponent.experience.ExperienceActivity}
04-25 20:42:53.324  1222  1491 V WindowManager: adjustNotShowWallpaperByOppo: false
04-25 20:42:53.356   793   888 E storaged: getDiskStats failed with result NOT_SUPPORTED and size 0
04-25 20:42:53.370  1222  4009 D MtkConnectivityService: requestNetwork for uid/pid:10135/23367 NetworkRequest [ TRACK_DEFAULT id=2957, [ Capabilities: INTERNET&NOT_RESTRICTED&TRUSTED Unwanted:  Uid: 10135] ]
04-25 20:42:53.467  1222  4028 W ActivityManager:   Force finishing activity host.exp.exponent/.experience.HomeActivity
04-25 20:42:53.475  1222  4028 W ActivityManager:   Force finishing activity host.exp.exponent/.experience.ExperienceActivity
04-25 20:42:53.480  1222  4028 V ActivityManager: moveToFront in activity stack reason =:finishActivity adjustFocus,realToHome =:true
04-25 20:42:53.480  1222  4028 V WindowManager: mCurrentFocus: Window{82dfecc u0 host.exp.exponent/host.exp.exponent.experience.ExperienceActivity} newFocus Window{82dfecc u0 host.exp.exponent/host.exp.exponent.experience.ExperienceActivity}
04-25 20:42:53.483  1222  4028 V WindowManager: mCurrentFocus: Window{82dfecc u0 host.exp.exponent/host.exp.exponent.experience.ExperienceActivity} newFocus Window{82dfecc u0 host.exp.exponent/host.exp.exponent.experience.ExperienceActivity}
04-25 20:42:53.491  1222 23539 D BatteryStatsImpl: reset mHaveCaptured:false
04-25 20:42:53.536  1222  1308 D Dex2oatManagerService: Foreground changed, PID: 21956 UID: 10125 foreground: true
04-25 20:42:53.536  1222  1308 D Dex2oatManagerService: Current app:ch.deletescape.lawnchair.plah/ch.deletescape.lawnchair.LawnchairLauncher
04-25 20:42:53.537  1222  1308 D Dex2oatManagerService: Not cold launch condition
04-25 20:42:53.588  1222  5282 D MtkConnectivityService: ConnectivityService NetworkRequestInfo binderDied(NetworkRequest [ TRACK_DEFAULT id=2957, [ Capabilities: INTERNET&NOT_RESTRICTED&TRUSTED Unwanted:  Uid: 10135] ], android.os.BinderProxy@eccc6d7)
04-25 20:42:53.588  1222  4009 D MtkConnectivityService: ConnectivityService NetworkRequestInfo binderDied(NetworkRequest [ TRACK_DEFAULT id=2956, [ Capabilities: INTERNET&NOT_RESTRICTED&TRUSTED Unwanted:  Uid: 10135] ], android.os.BinderProxy@3105bc4)
04-25 20:42:53.589  1222  4640 D Dex2oatManagerService: Display listener for pid 23367 died.
04-25 20:42:53.589  1222  2228 D MtkConnectivityService: releasing NetworkRequest [ TRACK_DEFAULT id=2957, [ Capabilities: INTERNET&NOT_RESTRICTED&TRUSTED Unwanted:  Uid: 10135] ] (release request)
04-25 20:42:53.589  1222  4028 I WindowManager: WIN DEATH: Window{82dfecc u0 host.exp.exponent/host.exp.exponent.experience.ExperienceActivity}
04-25 20:42:53.589  1222  4028 V WindowManager: Remove Window{82dfecc u0 host.exp.exponent/host.exp.exponent.experience.ExperienceActivity} client=8ee70ff, surfaceController=Surface(name=host.exp.exponent/host.exp.exponent.experience.ExperienceActivity)/@0x784faad Callers=com.android.server.wm.WindowState.access$300:248 com.android.server.wm.WindowState$DeathRecipient.binderDied:2702 android.os.BinderProxy.sendDeathNotice:1210 <bottom of call stack> <bottom of call stack> 
04-25 20:42:53.590  1222  4028 V WindowManager: mCurrentFocus: Window{82dfecc u0 host.exp.exponent/host.exp.exponent.experience.ExperienceActivity EXITING} newFocus null
04-25 20:42:53.591  1222  4028 V WindowManager: Changing focus from Window{82dfecc u0 host.exp.exponent/host.exp.exponent.experience.ExperienceActivity EXITING} to null Callers=com.android.server.wm.WindowState.setupWindowForRemoveOnExit:2308 com.android.server.wm.WindowState.removeIfPossible:2271 com.android.server.wm.WindowState.access$300:248 com.android.server.wm.WindowState$DeathRecipient.binderDied:2702 
04-25 20:42:53.591  1222  2228 D MtkConnectivityService: releasing NetworkRequest [ TRACK_DEFAULT id=2956, [ Capabilities: INTERNET&NOT_RESTRICTED&TRUSTED Unwanted:  Uid: 10135] ] (release request)
04-25 20:42:53.591  1222  4028 D WindowManager: Input focus has changed to null
04-25 20:42:53.593  1222  5282 I ActivityManager: Process host.exp.exponent (pid 23367) has died: vis  +99TOP 
04-25 20:42:53.595  1222  4640 I WindowManager: WIN DEATH: Window{5d8c2aa u0 host.exp.exponent/host.exp.exponent.experience.HomeActivity}
04-25 20:42:53.598  1222  4640 V WindowManager: mCurrentFocus: null newFocus null
04-25 20:42:53.598  1222  3206 I WindowManager: WIN DEATH: Window{607bc47 u0 host.exp.exponent/host.exp.exponent.experience.ExperienceActivity}
04-25 20:42:53.604  1222  5282 W ActivityManager: app.persistent false app.isolated false app.removed false app ProcessRecord{a805a2 23367:host.exp.exponent/u0a135}
04-25 20:42:53.604  1222  1308 D Dex2oatManagerService: Process died; UID 10135 PID 23367
04-25 20:42:53.606  1222  3206 V WindowManager: mCurrentFocus: null newFocus null
04-25 20:42:53.609  1222  1373 I WindowManager: Focus moving from Window{82dfecc u0 host.exp.exponent/host.exp.exponent.experience.ExperienceActivity EXITING} to null
04-25 20:42:53.610  1222  1373 D WindowManager: reportFocusChangedSerialized focused= false,this=Window{82dfecc u0 host.exp.exponent/host.exp.exponent.experience.ExperienceActivity EXITING}
04-25 20:42:53.610  1222  1373 D WindowManager: android.os.DeadObjectException
04-25 20:42:53.610  1222  1373 D WindowManager: 	at android.os.BinderProxy.transactNative(Native Method)
04-25 20:42:53.610  1222  1373 D WindowManager: 	at android.os.BinderProxy.transact(Binder.java:1144)
04-25 20:42:53.610  1222  1373 D WindowManager: 	at android.view.IWindow$Stub$Proxy.windowFocusChanged(IWindow.java:481)
04-25 20:42:53.610  1222  1373 D WindowManager: 	at com.android.server.wm.WindowState.reportFocusChangedSerialized(WindowState.java:3263)
04-25 20:42:53.610  1222  1373 D WindowManager: 	at com.android.server.wm.WindowManagerService$H.handleMessage(WindowManagerService.java:6443)
04-25 20:42:53.610  1222  1373 D WindowManager: 	at android.os.Handler.dispatchMessage(Handler.java:106)
04-25 20:42:53.610  1222  1373 D WindowManager: 	at android.os.Looper.loop(Looper.java:226)
04-25 20:42:53.610  1222  1373 D WindowManager: 	at android.os.HandlerThread.run(HandlerThread.java:65)
04-25 20:42:53.610  1222  1373 D WindowManager: 	at com.android.server.ServiceThread.run(ServiceThread.java:44)
04-25 20:42:53.620  1222  5282 V WindowManager: Removing focused app token:AppWindowToken{b6aab17 token=Token{e3a4396 ActivityRecord{e502b1 u0 host.exp.exponent/.experience.ExperienceActivity t5665}}}
04-25 20:42:53.620  1222  5282 V WindowManager: mCurrentFocus: null newFocus null
04-25 20:42:53.631  1222  5282 I chatty  : uid=1000(system) Binder:1222_20 identical 2 lines
04-25 20:42:53.635  1222  5282 V WindowManager: mCurrentFocus: null newFocus null
04-25 20:42:53.642  1222  2263 I MotorManagerService: notifyActivityChanged: mBackgroudPkg = host.exp.exponent mFocusPkg = ch.deletescape.lawnchair.plah mIsSplitMode = false mBackActivity =  mFocusActivity = ch.deletescape.lawnchair.LawnchairLauncher
04-25 20:42:53.645  1222  5282 V WindowManager: Set focused app to: AppWindowToken{6fb7759 token=Token{18d6fa0 ActivityRecord{95c90a3 u0 ch.deletescape.lawnchair.plah/ch.deletescape.lawnchair.LawnchairLauncher t5301}}} old focus=null moveFocusNow=true
04-25 20:42:53.645  1222  5282 V WindowManager: mCurrentFocus: null newFocus null
04-25 20:42:53.646  1222  5282 D DEBUG_VISIBILITY: mOccluded:false lastOccluded:false
04-25 20:42:53.648  1222  5282 I chatty  : uid=1000(system) Binder:1222_20 identical 1 line
04-25 20:42:53.649  1222  5282 D DEBUG_VISIBILITY: mOccluded:false lastOccluded:false
04-25 20:42:53.650  1222  5282 V WindowManager: adjustNotShowWallpaperByOppo: false
04-25 20:42:53.650  1222  5282 V WindowManager: adjustNotShowWallpaperByOppo: false
04-25 20:42:53.655  1222  4640 V WindowManager: win.mViewVisibility: 8 (flagChanges & FLAG_NOT_FOCUSABLE) 0 win.mRelayoutCalled true win Window{31e75dd u0 ch.deletescape.lawnchair.plah/ch.deletescape.lawnchair.LawnchairLauncher}
04-25 20:42:53.658  1222  4640 V WindowManager: focusMayChange: true shouldRelayout false
04-25 20:42:53.658  1222  4640 V WindowManager: focusMayChange: true win Window{31e75dd u0 ch.deletescape.lawnchair.plah/ch.deletescape.lawnchair.LawnchairLauncher}
04-25 20:42:53.658  1222  4640 V WindowManager: mCurrentFocus: null newFocus null
04-25 20:42:53.658  1222  4024 V WindowManager: win.mViewVisibility: 8 (flagChanges & FLAG_NOT_FOCUSABLE) 0 win.mRelayoutCalled true win Window{1af2045 u0 ch.deletescape.lawnchair.plah/ch.deletescape.lawnchair.LawnchairLauncher}
04-25 20:42:53.659  1222  4024 I WindowManager: Relayout Window{1af2045 u0 ch.deletescape.lawnchair.plah/ch.deletescape.lawnchair.LawnchairLauncher}: oldVis=8 newVis=0 focusMayChange = true
04-25 20:42:53.659  1222  4024 V WindowManager: adjustNotShowWallpaperByOppo: false
04-25 20:42:53.659  1222  4024 V WindowManager: adjustNotShowWallpaperByOppo: false
04-25 20:42:53.660  1222  1373 W ActivityManager: setHasOverlayUi called on unknown pid: 23367
04-25 20:42:53.665  1222  4024 V WindowManager: focusMayChange: true shouldRelayout true
04-25 20:42:53.666  1222  4024 V WindowManager: isDefaultDisplay: true  2
04-25 20:42:53.666  1222  4024 V WindowManager: focusMayChange: true win Window{1af2045 u0 ch.deletescape.lawnchair.plah/ch.deletescape.lawnchair.LawnchairLauncher}
04-25 20:42:53.666  1222  4024 V WindowManager: mCurrentFocus: null newFocus null
04-25 20:42:53.707  1222  3206 V WindowManager: win.mViewVisibility: 4 (flagChanges & FLAG_NOT_FOCUSABLE) 0 win.mRelayoutCalled true win Window{31e75dd u0 ch.deletescape.lawnchair.plah/ch.deletescape.lawnchair.LawnchairLauncher}
04-25 20:42:53.707  1222  3206 I WindowManager: Relayout Window{31e75dd u0 ch.deletescape.lawnchair.plah/ch.deletescape.lawnchair.LawnchairLauncher}: oldVis=4 newVis=0 focusMayChange = true
04-25 20:42:53.709  1222  3206 V WindowManager: focusMayChange: true shouldRelayout true
04-25 20:42:53.711  1222  3206 V WindowManager: isDefaultDisplay: true  2
04-25 20:42:53.711  1222  3206 V WindowManager: focusMayChange: true win Window{31e75dd u0 ch.deletescape.lawnchair.plah/ch.deletescape.lawnchair.LawnchairLauncher}
04-25 20:42:53.711  1222  3206 V WindowManager: mCurrentFocus: null newFocus Window{31e75dd u0 ch.deletescape.lawnchair.plah/ch.deletescape.lawnchair.LawnchairLauncher}
04-25 20:42:53.711  1222  3206 V WindowManager: Changing focus from null to Window{31e75dd u0 ch.deletescape.lawnchair.plah/ch.deletescape.lawnchair.LawnchairLauncher} Callers=com.android.server.wm.WindowManagerService.relayoutWindow:3294 com.android.server.wm.Session.relayout:255 com.android.server.wm.ColorWindowSession.relayout:33 android.view.IWindowSession$Stub.onTransact:309 
04-25 20:42:53.712  1222  3206 D WindowManager: Input focus has changed to Window{31e75dd u0 ch.deletescape.lawnchair.plah/ch.deletescape.lawnchair.LawnchairLauncher}
04-25 20:42:53.712  1222  1373 I WindowManager: Focus moving from null to Window{31e75dd u0 ch.deletescape.lawnchair.plah/ch.deletescape.lawnchair.LawnchairLauncher}
04-25 20:42:53.722  1222  1491 V WindowManager: adjustNotShowWallpaperByOppo: false
04-25 20:42:53.738  1222  1491 I chatty  : uid=1000(system) android.anim identical 4 lines
04-25 20:42:53.738  1222  1491 V WindowManager: adjustNotShowWallpaperByOppo: false
04-25 20:42:53.740  1222  1491 V WindowManager: mCurrentFocus: Window{31e75dd u0 ch.deletescape.lawnchair.plah/ch.deletescape.lawnchair.LawnchairLauncher} newFocus Window{31e75dd u0 ch.deletescape.lawnchair.plah/ch.deletescape.lawnchair.LawnchairLauncher}
04-25 20:42:53.740  1222  1491 I WindowManager: handleOpeningSpecialApp (statusbar != null ) true pkg: com.coloros.recents start: 4
04-25 20:42:53.740  1222  1491 V WindowManager: mCurrentFocus: Window{31e75dd u0 ch.deletescape.lawnchair.plah/ch.deletescape.lawnchair.LawnchairLauncher} newFocus Window{31e75dd u0 ch.deletescape.lawnchair.plah/ch.deletescape.lawnchair.LawnchairLauncher}
04-25 20:42:53.741  1222  1491 V WindowManager: adjustNotShowWallpaperByOppo: false
04-25 20:42:53.741  1222  1491 V WindowManager: adjustNotShowWallpaperByOppo: false
04-25 20:42:53.835  1222  3206 D DEBUG_VISIBILITY: mOccluded:false lastOccluded:false
04-25 20:42:54.031  1222  2254 V OppoLogService: Waiting for criticallog_socket connection...
04-25 20:42:54.032  1222 23551 V OppoLogService: read len len = 247
04-25 20:42:54.032  1222 23551 D OppoLogService: startEchoThread finally!!
04-25 20:42:54.033  1222 23552 V OppoLogService: mModule = CriticalLogNetwork mIssue = data_dl_high_bler
04-25 20:42:54.033  1222 23552 V OppoLogService: mLogType = 554
04-25 20:42:54.033  1222 23552 V OppoLogService: mTime = 2020-04-25 20:42:54
04-25 20:42:54.033  1222 23552 V OppoLogService: mOtaVersion = CPH1945EUEX_11.A.22_0220_202004031812
04-25 20:42:54.033  1222 23552 V OppoLogService:  info : type:123, rat:5, errcode:-1, MCC:204,MNC:16,LAC:299,CID:12968982
04-25 20:42:54.033  1222 23552 V OppoLogService: key = type value = 123
04-25 20:42:54.033  1222 23552 V OppoLogService: key = rat value = 5
04-25 20:42:54.033  1222 23552 V OppoLogService: key = errcode value = -1
04-25 20:42:54.033  1222 23552 V OppoLogService: key = MCC value = 204
04-25 20:42:54.033  1222 23552 V OppoLogService: key = MNC value = 16
04-25 20:42:54.033  1222 23552 V OppoLogService: key = LAC value = 299
04-25 20:42:54.033  1222 23552 V OppoLogService: key = CID value = 12968982
04-25 20:42:54.033  1222 23552 V OppoLogService: upload type : 554 times 3
04-25 20:42:55.925  1222  1317 W BroadcastQueue: Background execution not allowed: receiving Intent { act=android.intent.action.DROPBOX_ENTRY_ADDED flg=0x10 (has extras) } to com.google.android.gms/.stats.service.DropBoxEntryAddedReceiver
04-25 20:42:55.925  1222  1317 W BroadcastQueue: Background execution not allowed: receiving Intent { act=android.intent.action.DROPBOX_ENTRY_ADDED flg=0x10 (has extras) } to com.google.android.gms/.chimera.GmsIntentOperationService$PersistentTrustedReceiver
04-25 20:42:55.926  1222 23539 D DropBoxManagerService: file :: /data/system/dropbox/data_app_crash@1587840173503.txt.gz
04-25 20:42:57.715  1222  2254 V OppoLogService: Waiting for criticallog_socket connection...
04-25 20:42:57.716  1222 23559 V OppoLogService: read len len = 337
04-25 20:42:57.717  1222 23559 D OppoLogService: startEchoThread finally!!
04-25 20:42:57.718  1222 23560 V OppoLogService: mModule = CriticalLogNetwork mIssue = pci_mode3_interference
04-25 20:42:57.718  1222 23560 V OppoLogService: mLogType = 548
04-25 20:42:57.718  1222 23560 V OppoLogService: mTime = 2020-04-25 20:42:57
04-25 20:42:57.719  1222 23560 V OppoLogService: mOtaVersion = CPH1945EUEX_11.A.22_0220_202004031812
04-25 20:42:57.719  1222 23560 V OppoLogService:  info : type:97, rat:5, errcode:3700, MCC:204,MNC:16,LAC:299,CID:12968982,signalquality:-68,signalstrength:-429,frequency:3700,nbr_cell_number:0,PCI:160
04-25 20:42:57.719  1222 23560 V OppoLogService: key = type value = 97
04-25 20:42:57.719  1222 23560 V OppoLogService: key = rat value = 5
04-25 20:42:57.720  1222 23560 V OppoLogService: key = errcode value = 3700
04-25 20:42:57.720  1222 23560 V OppoLogService: key = MCC value = 204
04-25 20:42:57.720  1222 23560 V OppoLogService: key = MNC value = 16
04-25 20:42:57.720  1222 23560 V OppoLogService: key = LAC value = 299
04-25 20:42:57.720  1222 23560 V OppoLogService: key = CID value = 12968982
04-25 20:42:57.721  1222 23560 V OppoLogService: key = signalquality value = -68
04-25 20:42:57.721  1222 23560 V OppoLogService: key = signalstrength value = -429
04-25 20:42:57.721  1222 23560 V OppoLogService: key = frequency value = 3700
04-25 20:42:57.721  1222 23560 V OppoLogService: key = nbr_cell_number value = 0
04-25 20:42:57.721  1222 23560 V OppoLogService: key = PCI value = 160
04-25 20:42:58.511  1222  1222 D BatteryService: send broadcast : oppo.intent.action.BATTERY_DATA_UPDATE
04-25 20:42:59.181  1222  2609 W Watchdog: **Get SF Time **0
04-25 20:42:59.181  1222  2609 W Watchdog: SWT Watchdog before synchronized:227282602
04-25 20:42:59.181  1222  2609 W Watchdog: SWT Watchdog after synchronized:227282602
04-25 20:42:59.182  1222  2609 V Watchdog: @WatchDog_ error e: java.io.FileNotFoundException: /d/wakeup_sources (Permission denied)
04-25 20:43:00.602  1222  2254 V OppoLogService: Waiting for criticallog_socket connection...
04-25 20:43:00.602  1222 23561 V OppoLogService: read len len = 337
04-25 20:43:00.603  1222 23561 D OppoLogService: startEchoThread finally!!
04-25 20:43:00.603  1222 23562 V OppoLogService: mModule = CriticalLogNetwork mIssue = pci_mode3_interference
04-25 20:43:00.603  1222 23562 V OppoLogService: mLogType = 548
04-25 20:43:00.604  1222 23562 V OppoLogService: mTime = 2020-04-25 20:43:00
04-25 20:43:00.604  1222 23562 V OppoLogService: mOtaVersion = CPH1945EUEX_11.A.22_0220_202004031812
04-25 20:43:00.604  1222 23562 V OppoLogService:  info : type:97, rat:5, errcode:3700, MCC:204,MNC:16,LAC:299,CID:12968982,signalquality:-67,signalstrength:-431,frequency:3700,nbr_cell_number:1,PCI:160
04-25 20:43:00.604  1222 23562 V OppoLogService: key = type value = 97
04-25 20:43:00.604  1222 23562 V OppoLogService: key = rat value = 5
04-25 20:43:00.604  1222 23562 V OppoLogService: key = errcode value = 3700
04-25 20:43:00.604  1222 23562 V OppoLogService: key = MCC value = 204
04-25 20:43:00.604  1222 23562 V OppoLogService: key = MNC value = 16
04-25 20:43:00.604  1222 23562 V OppoLogService: key = LAC value = 299
04-25 20:43:00.604  1222 23562 V OppoLogService: key = CID value = 12968982
04-25 20:43:00.604  1222 23562 V OppoLogService: key = signalquality value = -67
04-25 20:43:00.604  1222 23562 V OppoLogService: key = signalstrength value = -431
04-25 20:43:00.604  1222 23562 V OppoLogService: key = frequency value = 3700
04-25 20:43:00.604  1222 23562 V OppoLogService: key = nbr_cell_number value = 1
04-25 20:43:00.604  1222 23562 V OppoLogService: key = PCI value = 160
04-25 20:43:06.259  1222  1396 D AutomaticBrightnessController: updateAmbientLux --03--manulux = 10000.0  lux = 360.0
04-25 20:43:06.451  1222  1307 D BatteryStatsImpl: reset mHaveCaptured:false
04-25 20:43:10.836  1222  2254 V OppoLogService: Waiting for criticallog_socket connection...
04-25 20:43:10.837  1222 23565 V OppoLogService: read len len = 337
04-25 20:43:10.838  1222 23565 D OppoLogService: startEchoThread finally!!
04-25 20:43:10.839  1222 23566 V OppoLogService: mModule = CriticalLogNetwork mIssue = pci_mode3_interference
04-25 20:43:10.839  1222 23566 V OppoLogService: mLogType = 548
04-25 20:43:10.839  1222 23566 V OppoLogService: mTime = 2020-04-25 20:43:10
04-25 20:43:10.839  1222 23566 V OppoLogService: mOtaVersion = CPH1945EUEX_11.A.22_0220_202004031812
04-25 20:43:10.840  1222 23566 V OppoLogService:  info : type:97, rat:5, errcode:3700, MCC:204,MNC:16,LAC:299,CID:12968982,signalquality:-67,signalstrength:-429,frequency:3700,nbr_cell_number:0,PCI:160
04-25 20:43:10.840  1222 23566 V OppoLogService: key = type value = 97
04-25 20:43:10.840  1222 23566 V OppoLogService: key = rat value = 5
04-25 20:43:10.840  1222 23566 V OppoLogService: key = errcode value = 3700
04-25 20:43:10.840  1222 23566 V OppoLogService: key = MCC value = 204
04-25 20:43:10.841  1222 23566 V OppoLogService: key = MNC value = 16
04-25 20:43:10.841  1222 23566 V OppoLogService: key = LAC value = 299
04-25 20:43:10.841  1222 23566 V OppoLogService: key = CID value = 12968982
04-25 20:43:10.841  1222 23566 V OppoLogService: key = signalquality value = -67
04-25 20:43:10.842  1222 23566 V OppoLogService: key = signalstrength value = -429
04-25 20:43:10.842  1222 23566 V OppoLogService: key = frequency value = 3700
04-25 20:43:10.842  1222 23566 V OppoLogService: key = nbr_cell_number value = 0
04-25 20:43:10.842  1222 23566 V OppoLogService: key = PCI value = 160
04-25 20:43:11.469  1222  1222 V SettingsProvider: Notifying for 0: content://settings/system/real_screen_brightness
04-25 20:43:11.470  1222  1222 V SettingsProvider: Notifying for 0: content://settings/system/screen_brightness
04-25 20:43:11.479  1222  2254 V OppoLogService: Waiting for criticallog_socket connection...
04-25 20:43:11.480  1222 23567 V OppoLogService: read len len = 337
04-25 20:43:11.480  1222 23567 D OppoLogService: startEchoThread finally!!
04-25 20:43:11.480  1222 23568 V OppoLogService: mModule = CriticalLogNetwork mIssue = pci_mode3_interference
04-25 20:43:11.480  1222 23568 V OppoLogService: mLogType = 548
04-25 20:43:11.480  1222 23568 V OppoLogService: mTime = 2020-04-25 20:43:11
04-25 20:43:11.480  1222 23568 V OppoLogService: mOtaVersion = CPH1945EUEX_11.A.22_0220_202004031812
04-25 20:43:11.481  1222 23568 V OppoLogService:  info : type:97, rat:5, errcode:3700, MCC:204,MNC:16,LAC:299,CID:12968982,signalquality:-68,signalstrength:-431,frequency:3700,nbr_cell_number:1,PCI:160
04-25 20:43:11.481  1222 23568 V OppoLogService: key = type value = 97
04-25 20:43:11.481  1222 23568 V OppoLogService: key = rat value = 5
04-25 20:43:11.481  1222 23568 V OppoLogService: key = errcode value = 3700
04-25 20:43:11.481  1222 23568 V OppoLogService: key = MCC value = 204
04-25 20:43:11.481  1222 23568 V OppoLogService: key = MNC value = 16
04-25 20:43:11.481  1222 23568 V OppoLogService: key = LAC value = 299
04-25 20:43:11.481  1222 23568 V OppoLogService: key = CID value = 12968982
04-25 20:43:11.481  1222 23568 V OppoLogService: key = signalquality value = -68
04-25 20:43:11.481  1222 23568 V OppoLogService: key = signalstrength value = -431
04-25 20:43:11.481  1222 23568 V OppoLogService: key = frequency value = 3700
04-25 20:43:11.481  1222 23568 V OppoLogService: key = nbr_cell_number value = 1
04-25 20:43:11.481  1222 23568 V OppoLogService: key = PCI value = 160
04-25 20:43:11.481  1222  4017 V WindowManager: win.mViewVisibility: 8 (flagChanges & FLAG_NOT_FOCUSABLE) 0 win.mRelayoutCalled true win Window{e4c5127 u0 OnScreenFingerprintDimLayer}
04-25 20:43:11.485  1222  4017 V WindowManager: focusMayChange: false shouldRelayout false
04-25 20:43:11.485  1222  4017 V WindowManager: focusMayChange: false win Window{e4c5127 u0 OnScreenFingerprintDimLayer}
04-25 20:43:11.488  1222  1222 V SettingsProvider: Notifying for 0: content://settings/system/real_screen_brightness
04-25 20:43:11.489  1222  1222 V SettingsProvider: Notifying for 0: content://settings/system/screen_brightness
04-25 20:43:11.497  1222  1234 V WindowManager: win.mViewVisibility: 8 (flagChanges & FLAG_NOT_FOCUSABLE) 0 win.mRelayoutCalled true win Window{e4c5127 u0 OnScreenFingerprintDimLayer}
04-25 20:43:11.501  1222  1234 V WindowManager: focusMayChange: false shouldRelayout false
04-25 20:43:11.502  1222  1234 V WindowManager: focusMayChange: false win Window{e4c5127 u0 OnScreenFingerprintDimLayer}
04-25 20:43:11.504  1222  1222 V SettingsProvider: Notifying for 0: content://settings/system/real_screen_brightness
04-25 20:43:11.504  1222  1222 V SettingsProvider: Notifying for 0: content://settings/system/screen_brightness
04-25 20:43:11.515  1222  4016 V WindowManager: win.mViewVisibility: 8 (flagChanges & FLAG_NOT_FOCUSABLE) 0 win.mRelayoutCalled true win Window{e4c5127 u0 OnScreenFingerprintDimLayer}
04-25 20:43:11.517  1222  4016 V WindowManager: focusMayChange: false shouldRelayout false
04-25 20:43:11.517  1222  4016 V WindowManager: focusMayChange: false win Window{e4c5127 u0 OnScreenFingerprintDimLayer}
04-25 20:43:11.521  1222  1222 V SettingsProvider: Notifying for 0: content://settings/system/real_screen_brightness
04-25 20:43:11.523  1222  1222 V SettingsProvider: Notifying for 0: content://settings/system/screen_brightness
