04-25 20:42:44.160  1222  5275 V WindowManager: mCurrentFocus: Window{7ed152b u0 host.exp.exponent/host.exp.exponent.experience.ExperienceActivity} newFocus Window{7ed152b u0 host.exp.exponent/host.exp.exponent.experience.ExperienceActivity}
04-25 20:42:44.229  1222  5275 V WindowManager: win.mViewVisibility: 0 (flagChanges & FLAG_NOT_FOCUSABLE) 0 win.mRelayoutCalled true win Window{c085c7c u0 StatusBar}
04-25 20:42:44.242  1222  5275 V WindowManager: adjustNotShowWallpaperByOppo: false
04-25 20:42:44.247  1222  5275 V WindowManager: focusMayChange: false shouldRelayout true
04-25 20:42:44.247  1222  5275 V WindowManager: isDefaultDisplay: true  2
04-25 20:42:44.247  1222  5275 V WindowManager: focusMayChange: true win Window{c085c7c u0 StatusBar}
04-25 20:42:44.247  1222  5275 V WindowManager: mCurrentFocus: Window{7ed152b u0 host.exp.exponent/host.exp.exponent.experience.ExperienceActivity} newFocus Window{7ed152b u0 host.exp.exponent/host.exp.exponent.experience.ExperienceActivity}
04-25 20:42:44.309  1222  1491 I WindowManager: Screen frozen for +816ms due to Window{c085c7c u0 StatusBar}
04-25 20:42:44.322  1222  5275 V WindowManager: mCurrentFocus: Window{7ed152b u0 host.exp.exponent/host.exp.exponent.experience.ExperienceActivity} newFocus Window{7ed152b u0 host.exp.exponent/host.exp.exponent.experience.ExperienceActivity}
04-25 20:42:44.336  1222  5275 V WindowManager: win.mViewVisibility: 8 (flagChanges & FLAG_NOT_FOCUSABLE) 0 win.mRelayoutCalled true win Window{e32b4b7 u0 NavigationBar}
04-25 20:42:44.340  1222  5275 V WindowManager: focusMayChange: false shouldRelayout false
04-25 20:42:44.340  1222  5275 V WindowManager: focusMayChange: false win Window{e32b4b7 u0 NavigationBar}
04-25 20:42:44.478  1222  2395 D DEBUG_VISIBILITY: mOccluded:false lastOccluded:false
04-25 20:42:44.492  1222  2395 D DEBUG_VISIBILITY: mOccluded:false lastOccluded:false
04-25 20:42:44.492  1222  4024 V WindowManager: win.mViewVisibility: 8 (flagChanges & FLAG_NOT_FOCUSABLE) 0 win.mRelayoutCalled true win Window{94325b5 u0 host.exp.exponent/host.exp.exponent.experience.HomeActivity}
04-25 20:42:44.499  1222  4024 V WindowManager: focusMayChange: false shouldRelayout false
04-25 20:42:44.499  1222  4024 V WindowManager: focusMayChange: false win Window{94325b5 u0 host.exp.exponent/host.exp.exponent.experience.HomeActivity}
04-25 20:42:44.641  1222  4009 V WindowManager: win.mViewVisibility: 0 (flagChanges & FLAG_NOT_FOCUSABLE) 0 win.mRelayoutCalled false win Window{cfc0ffc u0 ColorOSEdgeFloatBar}
04-25 20:42:44.644  1222  4009 V WindowManager: focusMayChange: true shouldRelayout true
04-25 20:42:44.645  1222  4009 V WindowManager: isDefaultDisplay: true  2
04-25 20:42:44.646  1222  4009 V WindowManager: focusMayChange: true win Window{cfc0ffc u0 ColorOSEdgeFloatBar}
04-25 20:42:44.646  1222  4009 V WindowManager: mCurrentFocus: Window{7ed152b u0 host.exp.exponent/host.exp.exponent.experience.ExperienceActivity} newFocus Window{7ed152b u0 host.exp.exponent/host.exp.exponent.experience.ExperienceActivity}
04-25 20:42:44.759  1222  1491 D AutomaticBrightnessController: update rotate state = false
04-25 20:42:46.597  1222  2395 W ActivityManager: preloadAction is 0, starting intent = flg=0x24000000 cmp=host.exp.exponent/.experience.ErrorActivity (has extras)
04-25 20:42:46.599  1222  2395 I ActivityManager: START u0 {flg=0x24000000 cmp=host.exp.exponent/.experience.ErrorActivity (has extras)} from uid 10135 and from pid 21763
04-25 20:42:46.600  1222  2395 V WindowManager: mCurrentFocus: Window{7ed152b u0 host.exp.exponent/host.exp.exponent.experience.ExperienceActivity} newFocus Window{7ed152b u0 host.exp.exponent/host.exp.exponent.experience.ExperienceActivity}
04-25 20:42:46.623  1222  2228 D MtkConnectivityService: releasing NetworkRequest [ TRACK_DEFAULT id=2954, [ Capabilities: INTERNET&NOT_RESTRICTED&TRUSTED Unwanted:  Uid: 10135] ] (release request)
04-25 20:42:46.628  1222  5275 I ActivityManager: handleActivitySwitch the same packageName!
04-25 20:42:46.631  1222  5275 D DEBUG_VISIBILITY: mOccluded:false lastOccluded:false
04-25 20:42:46.632  1222  2263 I MotorManagerService: notifyActivityChanged: mBackgroudPkg = host.exp.exponent mFocusPkg = host.exp.exponent mIsSplitMode = false mBackActivity = host.exp.exponent.experience.ExperienceActivity mFocusActivity = host.exp.exponent.experience.ErrorActivity
04-25 20:42:46.633  1222  5275 D DEBUG_VISIBILITY: mOccluded:false lastOccluded:false
04-25 20:42:46.636  1222  5275 V WindowManager: Set focused app to: AppWindowToken{f04850b token=Token{e543cda ActivityRecord{d19c685 u0 host.exp.exponent/.experience.ErrorActivity t5662}}} old focus=AppWindowToken{f8df135 token=Token{130776c ActivityRecord{742e81f u0 host.exp.exponent/.experience.ExperienceActivity t5662}}} moveFocusNow=true
04-25 20:42:46.636  1222  5275 V WindowManager: mCurrentFocus: Window{7ed152b u0 host.exp.exponent/host.exp.exponent.experience.ExperienceActivity} newFocus null
04-25 20:42:46.636  1222  5275 V WindowManager: Changing focus from Window{7ed152b u0 host.exp.exponent/host.exp.exponent.experience.ExperienceActivity} to null Callers=com.android.server.wm.WindowManagerService.setFocusedApp:3840 com.android.server.am.ActivityManagerService.setResumedActivityUncheckLocked:4278 com.android.server.am.ActivityStack.onActivityStateChanged:625 com.android.server.am.TaskRecord.onActivityStateChanged:1995 
04-25 20:42:46.637  1222  5275 D WindowManager: Input focus has changed to null
04-25 20:42:46.639  1222  5275 D DEBUG_VISIBILITY: mOccluded:false lastOccluded:false
04-25 20:42:46.658 21763 21763 E AndroidRuntime: FATAL EXCEPTION: main
04-25 20:42:46.658 21763 21763 E AndroidRuntime: Process: host.exp.exponent, PID: 21763
04-25 20:42:46.658 21763 21763 E AndroidRuntime: java.lang.RuntimeException: abi37_0_0.com.facebook.react.uimanager.IllegalViewOperationException: ViewManager for tag 53 could not be found.
04-25 20:42:46.658 21763 21763 E AndroidRuntime:  View already dropped? false.
04-25 20:42:46.658 21763 21763 E AndroidRuntime: Last index 0 in last 100 views[I@cb4c15c
04-25 20:42:46.658 21763 21763 E AndroidRuntime: 	at abi37_0_0.com.facebook.react.bridge.ReactContext.handleException(ReactContext.java:4)
04-25 20:42:46.658 21763 21763 E AndroidRuntime: 	at abi37_0_0.com.facebook.react.uimanager.GuardedFrameCallback.doFrame(GuardedFrameCallback.java:2)
04-25 20:42:46.658 21763 21763 E AndroidRuntime: 	at abi37_0_0.com.facebook.react.modules.core.ReactChoreographer$ReactChoreographerDispatcher.doFrame(ReactChoreographer.java:7)
04-25 20:42:46.658 21763 21763 E AndroidRuntime: 	at abi37_0_0.com.facebook.react.modules.core.ChoreographerCompat$FrameCallback$1.doFrame(ChoreographerCompat.java:1)
04-25 20:42:46.658 21763 21763 E AndroidRuntime: 	at android.view.Choreographer$CallbackRecord.run(Choreographer.java:1046)
04-25 20:42:46.658 21763 21763 E AndroidRuntime: 	at android.view.Choreographer.doCallbacks(Choreographer.java:860)
04-25 20:42:46.658 21763 21763 E AndroidRuntime: 	at android.view.Choreographer.doFrame(Choreographer.java:789)
04-25 20:42:46.658 21763 21763 E AndroidRuntime: 	at android.view.Choreographer$FrameDisplayEventReceiver.run(Choreographer.java:1034)
04-25 20:42:46.658 21763 21763 E AndroidRuntime: 	at android.os.Handler.handleCallback(Handler.java:873)
04-25 20:42:46.658 21763 21763 E AndroidRuntime: 	at android.os.Handler.dispatchMessage(Handler.java:99)
04-25 20:42:46.658 21763 21763 E AndroidRuntime: 	at android.os.Looper.loop(Looper.java:226)
04-25 20:42:46.658 21763 21763 E AndroidRuntime: 	at android.app.ActivityThread.main(ActivityThread.java:7201)
04-25 20:42:46.658 21763 21763 E AndroidRuntime: 	at java.lang.reflect.Method.invoke(Native Method)
04-25 20:42:46.658 21763 21763 E AndroidRuntime: 	at com.android.internal.os.RuntimeInit$MethodAndArgsCaller.run(RuntimeInit.java:499)
04-25 20:42:46.658 21763 21763 E AndroidRuntime: 	at com.android.internal.os.ZygoteInit.main(ZygoteInit.java:956)
04-25 20:42:46.658 21763 21763 E AndroidRuntime: Caused by: abi37_0_0.com.facebook.react.uimanager.IllegalViewOperationException: ViewManager for tag 53 could not be found.
04-25 20:42:46.658 21763 21763 E AndroidRuntime:  View already dropped? false.
04-25 20:42:46.658 21763 21763 E AndroidRuntime: Last index 0 in last 100 views[I@cb4c15c
04-25 20:42:46.658 21763 21763 E AndroidRuntime: 	at abi37_0_0.com.facebook.react.uimanager.NativeViewHierarchyManager.resolveViewManager(NativeViewHierarchyManager.java:4)
04-25 20:42:46.658 21763 21763 E AndroidRuntime: 	at abi37_0_0.com.facebook.react.uimanager.NativeViewHierarchyManager.manageChildren(NativeViewHierarchyManager.java:4)
04-25 20:42:46.658 21763 21763 E AndroidRuntime: 	at abi37_0_0.com.facebook.react.uimanager.UIViewOperationQueue$ManageChildrenOperation.execute(UIViewOperationQueue.java:1)
04-25 20:42:46.658 21763 21763 E AndroidRuntime: 	at abi37_0_0.com.facebook.react.uimanager.UIViewOperationQueue$1.run(UIViewOperationQueue.java:10)
04-25 20:42:46.658 21763 21763 E AndroidRuntime: 	at abi37_0_0.com.facebook.react.uimanager.UIViewOperationQueue.flushPendingBatches(UIViewOperationQueue.java:10)
04-25 20:42:46.658 21763 21763 E AndroidRuntime: 	at abi37_0_0.com.facebook.react.uimanager.UIViewOperationQueue.access$2200(UIViewOperationQueue.java:1)
04-25 20:42:46.658 21763 21763 E AndroidRuntime: 	at abi37_0_0.com.facebook.react.uimanager.UIViewOperationQueue$DispatchUIFrameCallback.doFrameGuarded(UIViewOperationQueue.java:6)
04-25 20:42:46.658 21763 21763 E AndroidRuntime: 	at abi37_0_0.com.facebook.react.uimanager.GuardedFrameCallback.doFrame(GuardedFrameCallback.java:1)
04-25 20:42:46.658 21763 21763 E AndroidRuntime: 	... 13 more
04-25 20:42:46.649  1222  5275 D DEBUG_VISIBILITY: mOccluded:false lastOccluded:false
04-25 20:42:46.756  1222  1373 I WindowManager: Focus moving from Window{7ed152b u0 host.exp.exponent/host.exp.exponent.experience.ExperienceActivity} to null
04-25 20:42:46.818  1222  4024 W ActivityManager:   Force finishing activity host.exp.exponent/.experience.ExperienceActivity
04-25 20:42:46.822  1222  4024 W ActivityManager:   Force finishing activity host.exp.exponent/.experience.HomeActivity
04-25 20:42:46.829  1222  4024 W ActivityManager:   Force finishing activity host.exp.exponent/.experience.ErrorActivity
04-25 20:42:46.833  1222  4024 W ActivityManager:   Force finishing activity host.exp.exponent/.experience.ExperienceActivity
04-25 20:42:46.835  1222  4024 V ActivityManager: moveToFront in activity stack reason =:finishActivity adjustFocus,realToHome =:true
04-25 20:42:46.836  1222  4024 V WindowManager: mCurrentFocus: null newFocus null
04-25 20:42:46.837  1222  4024 V WindowManager: mCurrentFocus: null newFocus null
04-25 20:42:46.857  1222  1396 D AutomaticBrightnessController: updateAmbientLux --03--manulux = 10000.0  lux = 30.0
04-25 20:42:46.882  1222 23314 D BatteryStatsImpl: reset mHaveCaptured:false
04-25 20:42:46.931  1222  2395 D MtkConnectivityService: ConnectivityService NetworkRequestInfo binderDied(NetworkRequest [ TRACK_DEFAULT id=2949, [ Capabilities: INTERNET&NOT_RESTRICTED&TRUSTED Unwanted:  Uid: 10135] ], android.os.BinderProxy@eb25af5)
04-25 20:42:46.931  1222  5275 D MtkConnectivityService: ConnectivityService NetworkRequestInfo binderDied(NetworkRequest [ TRACK_DEFAULT id=2953, [ Capabilities: INTERNET&NOT_RESTRICTED&TRUSTED Unwanted:  Uid: 10135] ], android.os.BinderProxy@825908a)
04-25 20:42:46.931  1222  5275 D Dex2oatManagerService: Display listener for pid 21763 died.
04-25 20:42:46.932  1222  2228 D MtkConnectivityService: releasing NetworkRequest [ TRACK_DEFAULT id=2949, [ Capabilities: INTERNET&NOT_RESTRICTED&TRUSTED Unwanted:  Uid: 10135] ] (release request)
04-25 20:42:46.933  1222  2228 D MtkConnectivityService: releasing NetworkRequest [ TRACK_DEFAULT id=2953, [ Capabilities: INTERNET&NOT_RESTRICTED&TRUSTED Unwanted:  Uid: 10135] ] (release request)
04-25 20:42:46.935  1222  4024 I WindowManager: WIN DEATH: Window{7ed152b u0 host.exp.exponent/host.exp.exponent.experience.ExperienceActivity}
04-25 20:42:46.936  1222  4024 V WindowManager: mCurrentFocus: null newFocus null
04-25 20:42:46.939  1222  1233 I ActivityManager: Process host.exp.exponent (pid 21763) has died: fore TOP 
04-25 20:42:46.940  1222  2395 I WindowManager: WIN DEATH: Window{fd12020 u0 host.exp.exponent/host.exp.exponent.experience.ExperienceActivity}
04-25 20:42:46.943  1222  2395 V WindowManager: mCurrentFocus: null newFocus null
04-25 20:42:46.944  1222  4009 I WindowManager: WIN DEATH: Window{94325b5 u0 host.exp.exponent/host.exp.exponent.experience.HomeActivity}
04-25 20:42:46.946  1222  4009 V WindowManager: mCurrentFocus: null newFocus null
04-25 20:42:46.950  1222  1233 W ActivityManager: app.persistent false app.isolated false app.removed false app ProcessRecord{52798e 21763:host.exp.exponent/u0a135}
04-25 20:42:46.950  1222  1308 D Dex2oatManagerService: Process died; UID 10135 PID 21763
04-25 20:42:46.952  1222  1233 V WindowManager: Removing focused app token:AppWindowToken{f04850b token=Token{e543cda ActivityRecord{d19c685 u0 host.exp.exponent/.experience.ErrorActivity t5662}}}
04-25 20:42:46.952  1222  1233 V WindowManager: mCurrentFocus: null newFocus null
04-25 20:42:46.965  1222  1233 I chatty  : uid=1000(system) Binder:1222_1 identical 2 lines
04-25 20:42:46.976  1222  1233 V WindowManager: mCurrentFocus: null newFocus null
04-25 20:42:46.988  1222  2263 I MotorManagerService: notifyActivityChanged: mBackgroudPkg = host.exp.exponent mFocusPkg = ch.deletescape.lawnchair.plah mIsSplitMode = false mBackActivity =  mFocusActivity = ch.deletescape.lawnchair.LawnchairLauncher
04-25 20:42:46.990  1222  1233 V WindowManager: Set focused app to: AppWindowToken{6fb7759 token=Token{18d6fa0 ActivityRecord{95c90a3 u0 ch.deletescape.lawnchair.plah/ch.deletescape.lawnchair.LawnchairLauncher t5301}}} old focus=null moveFocusNow=true
04-25 20:42:46.991  1222  1233 V WindowManager: mCurrentFocus: null newFocus null
04-25 20:42:46.992  1222  1233 D DEBUG_VISIBILITY: mOccluded:false lastOccluded:false
04-25 20:42:46.994  1222  1233 I chatty  : uid=1000(system) Binder:1222_1 identical 1 line
04-25 20:42:46.995  1222  1233 D DEBUG_VISIBILITY: mOccluded:false lastOccluded:false
04-25 20:42:46.996  1222  1233 V WindowManager: adjustNotShowWallpaperByOppo: false
04-25 20:42:46.996  1222  1233 V WindowManager: adjustNotShowWallpaperByOppo: false
04-25 20:42:47.003  1222  4017 V WindowManager: win.mViewVisibility: 8 (flagChanges & FLAG_NOT_FOCUSABLE) 0 win.mRelayoutCalled true win Window{1af2045 u0 ch.deletescape.lawnchair.plah/ch.deletescape.lawnchair.LawnchairLauncher}
04-25 20:42:47.003  1222  4017 I WindowManager: Relayout Window{1af2045 u0 ch.deletescape.lawnchair.plah/ch.deletescape.lawnchair.LawnchairLauncher}: oldVis=8 newVis=0 focusMayChange = true
04-25 20:42:47.005  1222  4017 V WindowManager: focusMayChange: true shouldRelayout true
04-25 20:42:47.009  1222  4017 V WindowManager: isDefaultDisplay: true  2
04-25 20:42:47.009  1222  4017 V WindowManager: focusMayChange: true win Window{1af2045 u0 ch.deletescape.lawnchair.plah/ch.deletescape.lawnchair.LawnchairLauncher}
04-25 20:42:47.009  1222  4017 V WindowManager: mCurrentFocus: null newFocus null
04-25 20:42:47.014  1222  1308 D Dex2oatManagerService: Foreground changed, PID: 21956 UID: 10125 foreground: true
04-25 20:42:47.014  1222  1308 D Dex2oatManagerService: Current app:ch.deletescape.lawnchair.plah/ch.deletescape.lawnchair.LawnchairLauncher
04-25 20:42:47.014  1222  1308 D Dex2oatManagerService: Not cold launch condition
04-25 20:42:47.014  1222  1373 W ActivityManager: setHasOverlayUi called on unknown pid: 21763
04-25 20:42:47.021  1222  1233 V WindowManager: win.mViewVisibility: 8 (flagChanges & FLAG_NOT_FOCUSABLE) 0 win.mRelayoutCalled true win Window{31e75dd u0 ch.deletescape.lawnchair.plah/ch.deletescape.lawnchair.LawnchairLauncher}
04-25 20:42:47.027  1222  1233 V WindowManager: focusMayChange: true shouldRelayout false
04-25 20:42:47.027  1222  1233 V WindowManager: focusMayChange: true win Window{31e75dd u0 ch.deletescape.lawnchair.plah/ch.deletescape.lawnchair.LawnchairLauncher}
04-25 20:42:47.027  1222  1233 V WindowManager: mCurrentFocus: null newFocus null
04-25 20:42:47.034  1222  1491 V WindowManager: adjustNotShowWallpaperByOppo: false
04-25 20:42:47.035  1222  1491 V WindowManager: adjustNotShowWallpaperByOppo: false
04-25 20:42:47.051  1222  5282 V WindowManager: win.mViewVisibility: 0 (flagChanges & FLAG_NOT_FOCUSABLE) 0 win.mRelayoutCalled true win Window{1af2045 u0 ch.deletescape.lawnchair.plah/ch.deletescape.lawnchair.LawnchairLauncher}
04-25 20:42:47.053  1222  5282 V WindowManager: focusMayChange: false shouldRelayout true
04-25 20:42:47.054  1222  5282 V WindowManager: isDefaultDisplay: true  0
04-25 20:42:47.054  1222  5282 V WindowManager: focusMayChange: false win Window{1af2045 u0 ch.deletescape.lawnchair.plah/ch.deletescape.lawnchair.LawnchairLauncher}
04-25 20:42:47.065  1222  4019 V WindowManager: win.mViewVisibility: 4 (flagChanges & FLAG_NOT_FOCUSABLE) 0 win.mRelayoutCalled true win Window{31e75dd u0 ch.deletescape.lawnchair.plah/ch.deletescape.lawnchair.LawnchairLauncher}
04-25 20:42:47.065  1222  4019 I WindowManager: Relayout Window{31e75dd u0 ch.deletescape.lawnchair.plah/ch.deletescape.lawnchair.LawnchairLauncher}: oldVis=4 newVis=0 focusMayChange = true
04-25 20:42:47.069  1222  4019 V WindowManager: focusMayChange: true shouldRelayout true
04-25 20:42:47.072  1222  4019 V WindowManager: isDefaultDisplay: true  2
04-25 20:42:47.072  1222  4019 V WindowManager: focusMayChange: true win Window{31e75dd u0 ch.deletescape.lawnchair.plah/ch.deletescape.lawnchair.LawnchairLauncher}
04-25 20:42:47.072  1222  4019 V WindowManager: mCurrentFocus: null newFocus Window{31e75dd u0 ch.deletescape.lawnchair.plah/ch.deletescape.lawnchair.LawnchairLauncher}
04-25 20:42:47.072  1222  4019 V WindowManager: Changing focus from null to Window{31e75dd u0 ch.deletescape.lawnchair.plah/ch.deletescape.lawnchair.LawnchairLauncher} Callers=com.android.server.wm.WindowManagerService.relayoutWindow:3294 com.android.server.wm.Session.relayout:255 com.android.server.wm.ColorWindowSession.relayout:33 android.view.IWindowSession$Stub.onTransact:309 
04-25 20:42:47.072  1222  4019 D WindowManager: Input focus has changed to Window{31e75dd u0 ch.deletescape.lawnchair.plah/ch.deletescape.lawnchair.LawnchairLauncher}
04-25 20:42:47.074  1222  1491 V WindowManager: adjustNotShowWallpaperByOppo: false
04-25 20:42:47.074  1222  1491 V WindowManager: adjustNotShowWallpaperByOppo: false
04-25 20:42:47.085  1222  1373 I WindowManager: Focus moving from null to Window{31e75dd u0 ch.deletescape.lawnchair.plah/ch.deletescape.lawnchair.LawnchairLauncher}
04-25 20:42:47.085  1222  5282 V WindowManager: win.mViewVisibility: 0 (flagChanges & FLAG_NOT_FOCUSABLE) 0 win.mRelayoutCalled true win Window{31e75dd u0 ch.deletescape.lawnchair.plah/ch.deletescape.lawnchair.LawnchairLauncher}
04-25 20:42:47.088  1222  5282 V WindowManager: focusMayChange: false shouldRelayout true
04-25 20:42:47.088  1222  5282 V WindowManager: isDefaultDisplay: true  2
04-25 20:42:47.088  1222  5282 V WindowManager: focusMayChange: true win Window{31e75dd u0 ch.deletescape.lawnchair.plah/ch.deletescape.lawnchair.LawnchairLauncher}
04-25 20:42:47.088  1222  5282 V WindowManager: mCurrentFocus: Window{31e75dd u0 ch.deletescape.lawnchair.plah/ch.deletescape.lawnchair.LawnchairLauncher} newFocus Window{31e75dd u0 ch.deletescape.lawnchair.plah/ch.deletescape.lawnchair.LawnchairLauncher}
04-25 20:42:47.108  1222  1491 V WindowManager: adjustNotShowWallpaperByOppo: false
04-25 20:42:47.110  1222  1491 I chatty  : uid=1000(system) android.anim identical 2 lines
04-25 20:42:47.110  1222  1491 V WindowManager: adjustNotShowWallpaperByOppo: false
04-25 20:42:47.112  1222  1491 V WindowManager: mCurrentFocus: Window{31e75dd u0 ch.deletescape.lawnchair.plah/ch.deletescape.lawnchair.LawnchairLauncher} newFocus Window{31e75dd u0 ch.deletescape.lawnchair.plah/ch.deletescape.lawnchair.LawnchairLauncher}
04-25 20:42:47.112  1222  1491 I WindowManager: handleOpeningSpecialApp (statusbar != null ) true pkg: com.coloros.recents start: 4
04-25 20:42:47.113  1222  1491 V WindowManager: mCurrentFocus: Window{31e75dd u0 ch.deletescape.lawnchair.plah/ch.deletescape.lawnchair.LawnchairLauncher} newFocus Window{31e75dd u0 ch.deletescape.lawnchair.plah/ch.deletescape.lawnchair.LawnchairLauncher}
04-25 20:42:47.113  1222  1491 V WindowManager: adjustNotShowWallpaperByOppo: false
04-25 20:42:47.113  1222  1491 V WindowManager: adjustNotShowWallpaperByOppo: false
04-25 20:42:47.152  1222  5282 V WindowManager: win.mViewVisibility: 0 (flagChanges & FLAG_NOT_FOCUSABLE) 0 win.mRelayoutCalled true win Window{f1d9aeb u0 com.android.systemui.ImageWallpaper}
04-25 20:42:47.155  1222  5282 V WindowManager: focusMayChange: false shouldRelayout true
04-25 20:42:47.155  1222  5282 V WindowManager: isDefaultDisplay: true  0
04-25 20:42:47.155  1222  5282 V WindowManager: focusMayChange: false win Window{f1d9aeb u0 com.android.systemui.ImageWallpaper}
04-25 20:42:47.230  1222  4019 D DEBUG_VISIBILITY: mOccluded:false lastOccluded:false
04-25 20:42:48.979  1222  1317 W BroadcastQueue: Skipping deliver [background] BroadcastRecord{fec0cb6 u-1 android.net.conn.CONNECTIVITY_CHANGE} to ReceiverList{e250db7 23355 (unknown name)/2000/u-1 remote:3764d78}: process gone or crashing
04-25 20:42:49.002  1222  4017 W ActivityManager: preloadAction is 0, starting intent = act=android.intent.action.MAIN cat=[android.intent.category.LAUNCHER] flg=0x10200000 cmp=host.exp.exponent/.experience.HomeActivity
04-25 20:42:49.003  1222  4017 I ActivityManager: START u0 {act=android.intent.action.MAIN cat=[android.intent.category.LAUNCHER] flg=0x10200000 cmp=host.exp.exponent/.experience.HomeActivity} from uid 2000 and from pid 23355
04-25 20:42:49.012  1222  4017 V WindowManager: mCurrentFocus: Window{31e75dd u0 ch.deletescape.lawnchair.plah/ch.deletescape.lawnchair.LawnchairLauncher} newFocus Window{31e75dd u0 ch.deletescape.lawnchair.plah/ch.deletescape.lawnchair.LawnchairLauncher}
04-25 20:42:49.015  1222  4017 I chatty  : uid=1000(system) Binder:1222_12 identical 1 line
04-25 20:42:49.017  1222  4017 V WindowManager: mCurrentFocus: Window{31e75dd u0 ch.deletescape.lawnchair.plah/ch.deletescape.lawnchair.LawnchairLauncher} newFocus Window{31e75dd u0 ch.deletescape.lawnchair.plah/ch.deletescape.lawnchair.LawnchairLauncher}
04-25 20:42:49.039  1222  2263 I MotorManagerService: notifyActivityChanged: mBackgroudPkg = ch.deletescape.lawnchair.plah mFocusPkg = host.exp.exponent mIsSplitMode = false mBackActivity = ch.deletescape.lawnchair.LawnchairLauncher mFocusActivity = host.exp.exponent.experience.HomeActivity
04-25 20:42:49.042  1222  2405 D DEBUG_VISIBILITY: mOccluded:false lastOccluded:false
04-25 20:42:49.046  1222  1308 V SettingsProvider: getSecureSetting(wake_gesture_enabled, getCallingPackage = android
04-25 20:42:49.046  1222  1222 V SettingsProvider: Notifying for 0: content://settings/system/accelerometer_rotation
04-25 20:42:49.065  1222  1491 V WindowManager: win.mViewVisibility: 0 (flagChanges & FLAG_NOT_FOCUSABLE) 0 win.mRelayoutCalled false win Window{aef0f66 u0 Splash Screen host.exp.exponent}
04-25 20:42:49.069  1222  1491 V WindowManager: focusMayChange: true shouldRelayout true
04-25 20:42:49.071  1222  1308 V SettingsProvider: getSecureSetting(wake_gesture_enabled, getCallingPackage = android
04-25 20:42:49.072  1222  1491 V WindowManager: isDefaultDisplay: true  2
04-25 20:42:49.072  1222  1491 V WindowManager: focusMayChange: true win Window{aef0f66 u0 Splash Screen host.exp.exponent}
04-25 20:42:49.072  1222  1491 V WindowManager: mCurrentFocus: Window{31e75dd u0 ch.deletescape.lawnchair.plah/ch.deletescape.lawnchair.LawnchairLauncher} newFocus null
04-25 20:42:49.072  1222  1491 V WindowManager: Changing focus from Window{31e75dd u0 ch.deletescape.lawnchair.plah/ch.deletescape.lawnchair.LawnchairLauncher} to null Callers=com.android.server.wm.WindowManagerService.relayoutWindow:3294 com.android.server.wm.Session.relayout:255 com.android.server.wm.ColorWindowSession.relayout:33 android.view.ViewRootImpl.relayoutWindow:7513 
04-25 20:42:49.073  1222  1491 D WindowManager: Input focus has changed to null
04-25 20:42:49.073  1222  1222 V SettingsProvider: Notifying for 0: content://settings/system/accelerometer_rotation
04-25 20:42:49.074  1222  1373 I WindowManager: Focus moving from Window{31e75dd u0 ch.deletescape.lawnchair.plah/ch.deletescape.lawnchair.LawnchairLauncher} to null
04-25 20:42:49.074  1222  1319 I ActivityManager: Start proc 23367:host.exp.exponent/u0a135 for activity host.exp.exponent/.experience.HomeActivity
04-25 20:42:49.087  1222  5282 V WindowManager: win.mViewVisibility: 0 (flagChanges & FLAG_NOT_FOCUSABLE) 0 win.mRelayoutCalled true win Window{31e75dd u0 ch.deletescape.lawnchair.plah/ch.deletescape.lawnchair.LawnchairLauncher}
04-25 20:42:49.092  1222  5282 V WindowManager: focusMayChange: false shouldRelayout true
04-25 20:42:49.092  1222  5282 V WindowManager: isDefaultDisplay: true  0
04-25 20:42:49.092  1222  5282 V WindowManager: focusMayChange: false win Window{31e75dd u0 ch.deletescape.lawnchair.plah/ch.deletescape.lawnchair.LawnchairLauncher}
04-25 20:42:49.104  1222  4017 D DEBUG_VISIBILITY: mOccluded:false lastOccluded:false
04-25 20:42:49.106  1222  4017 D DEBUG_VISIBILITY: mOccluded:false lastOccluded:false
04-25 20:42:49.114  1222  4017 V WindowManager: Set focused app to: AppWindowToken{5715390 token=Token{cf2ce53 ActivityRecord{fa43e42 u0 host.exp.exponent/.experience.HomeActivity t5663}}} old focus=AppWindowToken{6fb7759 token=Token{18d6fa0 ActivityRecord{95c90a3 u0 ch.deletescape.lawnchair.plah/ch.deletescape.lawnchair.LawnchairLauncher t5301}}} moveFocusNow=true
04-25 20:42:49.115  1222  4017 V WindowManager: mCurrentFocus: null newFocus null
04-25 20:42:49.117  1222  4017 D DEBUG_VISIBILITY: mOccluded:false lastOccluded:false
04-25 20:42:49.131  1222  1308 D Dex2oatManagerService: Foreground changed, PID: 23367 UID: 10135 foreground: true
04-25 20:42:49.131  1222  1308 D Dex2oatManagerService: Current app:host.exp.exponent/host.exp.exponent.experience.HomeActivity
04-25 20:42:49.131  1222  1308 D Dex2oatManagerService: Detect cold launch begin
04-25 20:42:49.131  1222  1308 D Dex2oatManager: cold launch time:30000
04-25 20:42:49.134  1222  1491 V WindowManager: mCurrentFocus: null newFocus null
04-25 20:42:49.139  1222  5282 V WindowManager: win.mViewVisibility: 0 (flagChanges & FLAG_NOT_FOCUSABLE) 0 win.mRelayoutCalled true win Window{31e75dd u0 ch.deletescape.lawnchair.plah/ch.deletescape.lawnchair.LawnchairLauncher}
04-25 20:42:49.144  1222  5282 V WindowManager: adjustNotShowWallpaperByOppo: false
04-25 20:42:49.144  1222  5282 I chatty  : uid=1000(system) Binder:1222_20 identical 1 line
04-25 20:42:49.144  1222  5282 V WindowManager: adjustNotShowWallpaperByOppo: false
04-25 20:42:49.149  1222  5282 V WindowManager: focusMayChange: false shouldRelayout true
04-25 20:42:49.149  1222  5282 V WindowManager: isDefaultDisplay: true  0
04-25 20:42:49.149  1222  5282 V WindowManager: focusMayChange: false win Window{31e75dd u0 ch.deletescape.lawnchair.plah/ch.deletescape.lawnchair.LawnchairLauncher}
04-25 20:42:49.189  1222  4021 W ActivityManager: preloadAction is 0, starting intent = act=android.intent.action.VIEW dat=exp://100.68.9.3:19000 flg=0x10000000 cmp=host.exp.exponent/.LauncherActivity
04-25 20:42:49.190  1222  4021 I ActivityManager: START u0 {act=android.intent.action.VIEW dat=exp://100.68.9.3:19000 flg=0x10000000 cmp=host.exp.exponent/.LauncherActivity} from uid 2000 and from pid 23388
04-25 20:42:49.192  1222  4021 V WindowManager: mCurrentFocus: null newFocus null
04-25 20:42:49.193  1222  4021 V WindowManager: mCurrentFocus: null newFocus null
04-25 20:42:49.227  1222  1222 D MotorManagerService: ACTION_AUDIO_RECORD_STOP mAudioCameraUserExtraPid: 15126
04-25 20:42:49.393  1222  1317 W BroadcastQueue: Background execution not allowed: receiving Intent { act=android.intent.action.DROPBOX_ENTRY_ADDED flg=0x10 (has extras) } to com.google.android.gms/.stats.service.DropBoxEntryAddedReceiver
04-25 20:42:49.394  1222  1317 W BroadcastQueue: Background execution not allowed: receiving Intent { act=android.intent.action.DROPBOX_ENTRY_ADDED flg=0x10 (has extras) } to com.google.android.gms/.chimera.GmsIntentOperationService$PersistentTrustedReceiver
04-25 20:42:49.395  1222 23314 D DropBoxManagerService: file :: /data/system/dropbox/data_app_crash@1587840166900.txt.gz
04-25 20:42:49.408  1222  4021 D Dex2oatManagerService: registerCallback from pid:23367 from uid:10135
04-25 20:42:49.413  1222  1491 V WindowManager: adjustNotShowWallpaperByOppo: false
04-25 20:42:49.413  1222  1491 V WindowManager: adjustNotShowWallpaperByOppo: false
04-25 20:42:49.416  1222  1491 I WindowManager: handleOpeningSpecialApp (statusbar != null ) true pkg: com.coloros.recents start: 4
04-25 20:42:49.416  1222  1491 V WindowManager: mCurrentFocus: null newFocus null
04-25 20:42:49.417  1222  1491 V WindowManager: adjustNotShowWallpaperByOppo: false
04-25 20:42:49.433  1222  1491 I chatty  : uid=1000(system) android.anim identical 2 lines
04-25 20:42:49.433  1222  1491 V WindowManager: adjustNotShowWallpaperByOppo: false
04-25 20:42:49.436  1222  4009 V WindowManager: win.mViewVisibility: 0 (flagChanges & FLAG_NOT_FOCUSABLE) 0 win.mRelayoutCalled true win Window{1af2045 u0 ch.deletescape.lawnchair.plah/ch.deletescape.lawnchair.LawnchairLauncher}
04-25 20:42:49.442  1222  4009 V WindowManager: focusMayChange: true shouldRelayout false
04-25 20:42:49.442  1222  4009 V WindowManager: focusMayChange: true win Window{1af2045 u0 ch.deletescape.lawnchair.plah/ch.deletescape.lawnchair.LawnchairLauncher}
04-25 20:42:49.442  1222  4009 V WindowManager: mCurrentFocus: null newFocus null
04-25 20:42:49.443  1222  5282 I ActivityManager: handleActivitySwitch the same packageName!
04-25 20:42:49.443  1222  2263 I MotorManagerService: notifyActivityChanged: mBackgroudPkg = host.exp.exponent mFocusPkg = host.exp.exponent mIsSplitMode = false mBackActivity = host.exp.exponent.experience.HomeActivity mFocusActivity = host.exp.exponent.LauncherActivity
04-25 20:42:49.444  1222  5282 D DEBUG_VISIBILITY: mOccluded:false lastOccluded:false
04-25 20:42:49.445  1222  4009 V WindowManager: win.mViewVisibility: 0 (flagChanges & FLAG_NOT_FOCUSABLE) 0 win.mRelayoutCalled true win Window{31e75dd u0 ch.deletescape.lawnchair.plah/ch.deletescape.lawnchair.LawnchairLauncher}
04-25 20:42:49.449  1222  4009 V WindowManager: focusMayChange: true shouldRelayout false
04-25 20:42:49.449  1222  4009 V WindowManager: focusMayChange: true win Window{31e75dd u0 ch.deletescape.lawnchair.plah/ch.deletescape.lawnchair.LawnchairLauncher}
04-25 20:42:49.449  1222  4009 V WindowManager: mCurrentFocus: null newFocus null
04-25 20:42:49.451  1222  5282 D DEBUG_VISIBILITY: mOccluded:false lastOccluded:false
04-25 20:42:49.454  1222  5282 V WindowManager: Set focused app to: AppWindowToken{5d01e16 token=Token{517b731 ActivityRecord{465e7d8 u0 host.exp.exponent/.LauncherActivity t5663}}} old focus=AppWindowToken{5715390 token=Token{cf2ce53 ActivityRecord{fa43e42 u0 host.exp.exponent/.experience.HomeActivity t5663}}} moveFocusNow=true
04-25 20:42:49.454  1222  5282 V WindowManager: mCurrentFocus: null newFocus null
04-25 20:42:49.455  1222  5282 D DEBUG_VISIBILITY: mOccluded:false lastOccluded:false
04-25 20:42:49.457  1222  5282 D DEBUG_VISIBILITY: mOccluded:false lastOccluded:false
04-25 20:42:49.458  1222  5282 V WindowManager: adjustNotShowWallpaperByOppo: false
04-25 20:42:49.458  1222  5282 V WindowManager: adjustNotShowWallpaperByOppo: false
04-25 20:42:49.471  1222  4029 V WindowManager: win.mViewVisibility: 4 (flagChanges & FLAG_NOT_FOCUSABLE) 0 win.mRelayoutCalled false win Window{5d8c2aa u0 host.exp.exponent/host.exp.exponent.experience.HomeActivity}
04-25 20:42:49.472  1222  4029 I WindowManager: Relayout Window{5d8c2aa u0 host.exp.exponent/host.exp.exponent.experience.HomeActivity}: oldVis=4 newVis=0 focusMayChange = true
04-25 20:42:49.475  1222  4029 V WindowManager: focusMayChange: true shouldRelayout true
04-25 20:42:49.477  1222  4029 V WindowManager: isDefaultDisplay: true  2
04-25 20:42:49.477  1222  4029 V WindowManager: focusMayChange: true win Window{5d8c2aa u0 host.exp.exponent/host.exp.exponent.experience.HomeActivity}
04-25 20:42:49.478  1222  4029 V WindowManager: findFocusedWindow: Reached focused app=AppWindowToken{5d01e16 token=Token{517b731 ActivityRecord{465e7d8 u0 host.exp.exponent/.LauncherActivity t5663}}}
04-25 20:42:49.478  1222  4029 V WindowManager: mCurrentFocus: null newFocus null
04-25 20:42:49.495  1222  4029 W ActivityManager: preloadAction is 0, starting intent = flg=0xc080000 cmp=host.exp.exponent/.experience.ExperienceActivity (has extras)
04-25 20:42:49.495  1222  4029 I ActivityManager: START u0 {flg=0xc080000 cmp=host.exp.exponent/.experience.ExperienceActivity (has extras)} from uid 10135 and from pid 23367
04-25 20:42:49.500  1222  4029 V WindowManager: findFocusedWindow: Reached focused app=AppWindowToken{5d01e16 token=Token{517b731 ActivityRecord{465e7d8 u0 host.exp.exponent/.LauncherActivity t5663}}}
04-25 20:42:49.500  1222  4029 V WindowManager: mCurrentFocus: null newFocus null
04-25 20:42:49.504  1222  4029 V WindowManager: findFocusedWindow: Reached focused app=AppWindowToken{5d01e16 token=Token{517b731 ActivityRecord{465e7d8 u0 host.exp.exponent/.LauncherActivity t5663}}}
04-25 20:42:49.504  1222  4029 V WindowManager: mCurrentFocus: null newFocus null
04-25 20:42:49.505  1222  4029 V WindowManager: findFocusedWindow: Reached focused app=AppWindowToken{5d01e16 token=Token{517b731 ActivityRecord{465e7d8 u0 host.exp.exponent/.LauncherActivity t5663}}}
04-25 20:42:49.505  1222  4029 V WindowManager: mCurrentFocus: null newFocus null
04-25 20:42:49.518  1222  1491 V WindowManager: win.mViewVisibility: 0 (flagChanges & FLAG_NOT_FOCUSABLE) 0 win.mRelayoutCalled false win Window{e97a1ac u0 Splash Screen host.exp.exponent}
04-25 20:42:49.521  1222  1491 V WindowManager: focusMayChange: true shouldRelayout true
04-25 20:42:49.524  1222  1491 V WindowManager: isDefaultDisplay: true  2
04-25 20:42:49.524  1222  1491 V WindowManager: focusMayChange: true win Window{e97a1ac u0 Splash Screen host.exp.exponent}
04-25 20:42:49.524  1222  1491 V WindowManager: findFocusedWindow: Reached focused app=AppWindowToken{5d01e16 token=Token{517b731 ActivityRecord{465e7d8 u0 host.exp.exponent/.LauncherActivity t5663}}}
04-25 20:42:49.524  1222  1491 V WindowManager: mCurrentFocus: null newFocus null
04-25 20:42:49.553  1222  1233 V WindowManager: win.mViewVisibility: 4 (flagChanges & FLAG_NOT_FOCUSABLE) 0 win.mRelayoutCalled false win Window{3efc67b u0 host.exp.exponent/host.exp.exponent.LauncherActivity}
04-25 20:42:49.553  1222  1233 I WindowManager: Relayout Window{3efc67b u0 host.exp.exponent/host.exp.exponent.LauncherActivity}: oldVis=4 newVis=0 focusMayChange = true
04-25 20:42:49.556  1222  1233 V WindowManager: focusMayChange: true shouldRelayout true
04-25 20:42:49.558  1222  1233 V WindowManager: isDefaultDisplay: true  2
04-25 20:42:49.558  1222  1233 V WindowManager: focusMayChange: true win Window{3efc67b u0 host.exp.exponent/host.exp.exponent.LauncherActivity}
04-25 20:42:49.558  1222  1233 V WindowManager: mCurrentFocus: null newFocus Window{3efc67b u0 host.exp.exponent/host.exp.exponent.LauncherActivity}
04-25 20:42:49.558  1222  1233 V WindowManager: Changing focus from null to Window{3efc67b u0 host.exp.exponent/host.exp.exponent.LauncherActivity} Callers=com.android.server.wm.WindowManagerService.relayoutWindow:3294 com.android.server.wm.Session.relayout:255 com.android.server.wm.ColorWindowSession.relayout:33 android.view.IWindowSession$Stub.onTransact:309 
04-25 20:42:49.558  1222  1233 D WindowManager: Input focus has changed to Window{3efc67b u0 host.exp.exponent/host.exp.exponent.LauncherActivity}
04-25 20:42:49.559  1222  1373 I WindowManager: Focus moving from null to Window{3efc67b u0 host.exp.exponent/host.exp.exponent.LauncherActivity}
04-25 20:42:49.574  1222  1233 I ActivityManager: handleActivitySwitch the same packageName!
04-25 20:42:49.575  1222  1491 V WindowManager: mCurrentFocus: Window{3efc67b u0 host.exp.exponent/host.exp.exponent.LauncherActivity} newFocus Window{3efc67b u0 host.exp.exponent/host.exp.exponent.LauncherActivity}
04-25 20:42:49.576  1222  2263 I MotorManagerService: notifyActivityChanged: mBackgroudPkg = host.exp.exponent mFocusPkg = host.exp.exponent mIsSplitMode = false mBackActivity = host.exp.exponent.LauncherActivity mFocusActivity = host.exp.exponent.experience.ExperienceActivity
04-25 20:42:49.577  1222  1233 D DEBUG_VISIBILITY: mOccluded:false lastOccluded:false
04-25 20:42:49.581  1222  1233 D DEBUG_VISIBILITY: mOccluded:false lastOccluded:false
04-25 20:42:49.584  1222  1233 V WindowManager: Set focused app to: AppWindowToken{5759226 token=Token{2793181 ActivityRecord{af29968 u0 host.exp.exponent/.experience.ExperienceActivity t5664}}} old focus=AppWindowToken{5d01e16 token=Token{517b731 ActivityRecord{465e7d8 u0 host.exp.exponent/.LauncherActivity t5663}}} moveFocusNow=true
04-25 20:42:49.584  1222  1233 V WindowManager: mCurrentFocus: Window{3efc67b u0 host.exp.exponent/host.exp.exponent.LauncherActivity} newFocus null
04-25 20:42:49.584  1222  1233 V WindowManager: Changing focus from Window{3efc67b u0 host.exp.exponent/host.exp.exponent.LauncherActivity} to null Callers=com.android.server.wm.WindowManagerService.setFocusedApp:3840 com.android.server.am.ActivityManagerService.setResumedActivityUncheckLocked:4278 com.android.server.am.ActivityStack.onActivityStateChanged:625 com.android.server.am.TaskRecord.onActivityStateChanged:1995 
04-25 20:42:49.584  1222  1233 D WindowManager: Input focus has changed to null
04-25 20:42:49.587  1222  1233 D DEBUG_VISIBILITY: mOccluded:false lastOccluded:false
04-25 20:42:49.589  1222  1233 D DEBUG_VISIBILITY: mOccluded:false lastOccluded:false
04-25 20:42:49.598  1222  1233 V WindowManager: mCurrentFocus: null newFocus null
04-25 20:42:49.599  1222  1233 V WindowManager: adjustNotShowWallpaperByOppo: false
04-25 20:42:49.599  1222  1233 I chatty  : uid=1000(system) Binder:1222_1 identical 1 line
04-25 20:42:49.599  1222  1233 V WindowManager: adjustNotShowWallpaperByOppo: false
04-25 20:42:49.610  1222  1373 I WindowManager: Focus moving from Window{3efc67b u0 host.exp.exponent/host.exp.exponent.LauncherActivity} to null
04-25 20:42:49.664  1222  1233 V WindowManager: win.mViewVisibility: 0 (flagChanges & FLAG_NOT_FOCUSABLE) 0 win.mRelayoutCalled true win Window{3efc67b u0 host.exp.exponent/host.exp.exponent.LauncherActivity}
04-25 20:42:49.669  1222  1233 V WindowManager: focusMayChange: true shouldRelayout false
04-25 20:42:49.669  1222  1233 V WindowManager: focusMayChange: true win Window{3efc67b u0 host.exp.exponent/host.exp.exponent.LauncherActivity}
04-25 20:42:49.669  1222  1233 V WindowManager: mCurrentFocus: null newFocus null
04-25 20:42:49.671  1222  5282 V WindowManager: win.mViewVisibility: 4 (flagChanges & FLAG_NOT_FOCUSABLE) 0 win.mRelayoutCalled false win Window{607bc47 u0 host.exp.exponent/host.exp.exponent.experience.ExperienceActivity}
04-25 20:42:49.671  1222  5282 I WindowManager: Relayout Window{607bc47 u0 host.exp.exponent/host.exp.exponent.experience.ExperienceActivity}: oldVis=4 newVis=0 focusMayChange = true
04-25 20:42:49.675  1222  5282 V WindowManager: focusMayChange: true shouldRelayout true
04-25 20:42:49.677  1222  5282 V WindowManager: isDefaultDisplay: true  2
04-25 20:42:49.677  1222  5282 V WindowManager: focusMayChange: true win Window{607bc47 u0 host.exp.exponent/host.exp.exponent.experience.ExperienceActivity}
04-25 20:42:49.677  1222  5282 V WindowManager: mCurrentFocus: null newFocus Window{607bc47 u0 host.exp.exponent/host.exp.exponent.experience.ExperienceActivity}
04-25 20:42:49.677  1222  5282 V WindowManager: Changing focus from null to Window{607bc47 u0 host.exp.exponent/host.exp.exponent.experience.ExperienceActivity} Callers=com.android.server.wm.WindowManagerService.relayoutWindow:3294 com.android.server.wm.Session.relayout:255 com.android.server.wm.ColorWindowSession.relayout:33 android.view.IWindowSession$Stub.onTransact:309 
04-25 20:42:49.678  1222  5282 D WindowManager: Input focus has changed to Window{607bc47 u0 host.exp.exponent/host.exp.exponent.experience.ExperienceActivity}
04-25 20:42:49.681  1222  1373 I WindowManager: Focus moving from null to Window{607bc47 u0 host.exp.exponent/host.exp.exponent.experience.ExperienceActivity}
04-25 20:42:49.800  1222  4009 V WindowManager: win.mViewVisibility: 0 (flagChanges & FLAG_NOT_FOCUSABLE) 0 win.mRelayoutCalled true win Window{607bc47 u0 host.exp.exponent/host.exp.exponent.experience.ExperienceActivity}
04-25 20:42:49.804  1222  4009 V WindowManager: focusMayChange: false shouldRelayout true
04-25 20:42:49.804  1222  4009 V WindowManager: isDefaultDisplay: true  2
04-25 20:42:49.804  1222  4009 V WindowManager: focusMayChange: true win Window{607bc47 u0 host.exp.exponent/host.exp.exponent.experience.ExperienceActivity}
04-25 20:42:49.804  1222  4009 V WindowManager: mCurrentFocus: Window{607bc47 u0 host.exp.exponent/host.exp.exponent.experience.ExperienceActivity} newFocus Window{607bc47 u0 host.exp.exponent/host.exp.exponent.experience.ExperienceActivity}
04-25 20:42:49.822  1222  1491 V WindowManager: mCurrentFocus: Window{607bc47 u0 host.exp.exponent/host.exp.exponent.experience.ExperienceActivity} newFocus Window{607bc47 u0 host.exp.exponent/host.exp.exponent.experience.ExperienceActivity}
04-25 20:42:49.846  1222  1233 V WindowManager: mCurrentFocus: Window{607bc47 u0 host.exp.exponent/host.exp.exponent.experience.ExperienceActivity} newFocus Window{607bc47 u0 host.exp.exponent/host.exp.exponent.experience.ExperienceActivity}
04-25 20:42:50.034  1222  4021 D MtkConnectivityService: requestNetwork for uid/pid:10135/23367 NetworkRequest [ TRACK_DEFAULT id=2955, [ Capabilities: INTERNET&NOT_RESTRICTED&TRUSTED Unwanted:  Uid: 10135] ]
04-25 20:42:50.184  1222  4021 D DEBUG_VISIBILITY: mOccluded:false lastOccluded:false
04-25 20:42:50.190  1222  4021 D DEBUG_VISIBILITY: mOccluded:false lastOccluded:false
04-25 20:42:50.212  1222  1491 V WindowManager: adjustNotShowWallpaperByOppo: false
04-25 20:42:50.215  1222  1491 I WindowManager: handleOpeningSpecialApp (statusbar != null ) true pkg: com.coloros.recents start: 4
04-25 20:42:50.216  1222  1491 V WindowManager: mCurrentFocus: Window{607bc47 u0 host.exp.exponent/host.exp.exponent.experience.ExperienceActivity} newFocus Window{607bc47 u0 host.exp.exponent/host.exp.exponent.experience.ExperienceActivity}
04-25 20:42:50.217  1222  1491 V WindowManager: adjustNotShowWallpaperByOppo: false
04-25 20:42:50.223  1222  1307 D DEBUG_VISIBILITY: mOccluded:false lastOccluded:false
04-25 20:42:50.234  1222  4021 V WindowManager: win.mViewVisibility: 0 (flagChanges & FLAG_NOT_FOCUSABLE) 0 win.mRelayoutCalled true win Window{5d8c2aa u0 host.exp.exponent/host.exp.exponent.experience.HomeActivity}
04-25 20:42:50.239  1222  4021 V WindowManager: focusMayChange: true shouldRelayout false
04-25 20:42:50.239  1222  4021 V WindowManager: focusMayChange: true win Window{5d8c2aa u0 host.exp.exponent/host.exp.exponent.experience.HomeActivity}
04-25 20:42:50.239  1222  4021 V WindowManager: mCurrentFocus: Window{607bc47 u0 host.exp.exponent/host.exp.exponent.experience.ExperienceActivity} newFocus Window{607bc47 u0 host.exp.exponent/host.exp.exponent.experience.ExperienceActivity}
04-25 20:42:50.240  1222  5282 D MtkConnectivityService: requestNetwork for uid/pid:10135/23367 NetworkRequest [ TRACK_DEFAULT id=2956, [ Capabilities: INTERNET&NOT_RESTRICTED&TRUSTED Unwanted:  Uid: 10135] ]
04-25 20:42:50.274  1222  1308 D Dex2oatManagerService: Foreground changed, PID: 21956 UID: 10125 foreground: false
04-25 20:42:52.194  1222  1222 V SettingsProvider: Notifying for 0: content://settings/system/real_screen_brightness
04-25 20:42:52.195  1222  1222 V SettingsProvider: Notifying for 0: content://settings/system/screen_brightness
04-25 20:42:52.207  1222  4021 V WindowManager: win.mViewVisibility: 8 (flagChanges & FLAG_NOT_FOCUSABLE) 0 win.mRelayoutCalled true win Window{e4c5127 u0 OnScreenFingerprintDimLayer}
04-25 20:42:52.209  1222  4021 V WindowManager: focusMayChange: false shouldRelayout false
04-25 20:42:52.209  1222  4021 V WindowManager: focusMayChange: false win Window{e4c5127 u0 OnScreenFingerprintDimLayer}
04-25 20:42:52.214  1222  1222 V SettingsProvider: Notifying for 0: content://settings/system/real_screen_brightness
04-25 20:42:52.215  1222  1222 V SettingsProvider: Notifying for 0: content://settings/system/screen_brightness
04-25 20:42:52.216  1222  1222 V SettingsProvider: Notifying for 0: content://settings/system/real_screen_brightness
04-25 20:42:52.218  1222  1222 V SettingsProvider: Notifying for 0: content://settings/system/screen_brightness
04-25 20:42:52.240  1222  4021 V WindowManager: win.mViewVisibility: 8 (flagChanges & FLAG_NOT_FOCUSABLE) 0 win.mRelayoutCalled true win Window{e4c5127 u0 OnScreenFingerprintDimLayer}
04-25 20:42:52.244  1222  4021 V WindowManager: focusMayChange: false shouldRelayout false
04-25 20:42:52.244  1222  4021 V WindowManager: focusMayChange: false win Window{e4c5127 u0 OnScreenFingerprintDimLayer}
04-25 20:42:52.247  1222  1222 V SettingsProvider: Notifying for 0: content://settings/system/real_screen_brightness
04-25 20:42:52.247  1222  1222 V SettingsProvider: Notifying for 0: content://settings/system/screen_brightness
04-25 20:42:52.263  1222  1222 V SettingsProvider: Notifying for 0: content://settings/system/real_screen_brightness
04-25 20:42:52.264  1222  1222 V SettingsProvider: Notifying for 0: content://settings/system/screen_brightness
04-25 20:42:52.274  1222  1233 V WindowManager: win.mViewVisibility: 8 (flagChanges & FLAG_NOT_FOCUSABLE) 0 win.mRelayoutCalled true win Window{e4c5127 u0 OnScreenFingerprintDimLayer}
04-25 20:42:52.278  1222  1233 V WindowManager: focusMayChange: false shouldRelayout false
04-25 20:42:52.278  1222  1233 V WindowManager: focusMayChange: false win Window{e4c5127 u0 OnScreenFingerprintDimLayer}
04-25 20:42:52.280  1222  1222 V SettingsProvider: Notifying for 0: content://settings/system/real_screen_brightness
04-25 20:42:52.282  1222  1222 V SettingsProvider: Notifying for 0: content://settings/system/screen_brightness
04-25 20:42:52.285  1222  5282 V WindowManager: win.mViewVisibility: 8 (flagChanges & FLAG_NOT_FOCUSABLE) 0 win.mRelayoutCalled true win Window{e4c5127 u0 OnScreenFingerprintDimLayer}
04-25 20:42:52.289  1222  5282 V WindowManager: focusMayChange: false shouldRelayout false
04-25 20:42:52.289  1222  5282 V WindowManager: focusMayChange: false win Window{e4c5127 u0 OnScreenFingerprintDimLayer}
04-25 20:42:52.298  1222  1222 V SettingsProvider: Notifying for 0: content://settings/system/real_screen_brightness
04-25 20:42:52.299  1222  1222 V SettingsProvider: Notifying for 0: content://settings/system/screen_brightness
04-25 20:42:52.300  1222  4021 V WindowManager: win.mViewVisibility: 8 (flagChanges & FLAG_NOT_FOCUSABLE) 0 win.mRelayoutCalled true win Window{e4c5127 u0 OnScreenFingerprintDimLayer}
04-25 20:42:52.304  1222  4021 V WindowManager: focusMayChange: false shouldRelayout false
04-25 20:42:52.304  1222  4021 V WindowManager: focusMayChange: false win Window{e4c5127 u0 OnScreenFingerprintDimLayer}
04-25 20:42:52.314  1222  1222 V SettingsProvider: Notifying for 0: content://settings/system/real_screen_brightness
04-25 20:42:52.315  1222  1222 V SettingsProvider: Notifying for 0: content://settings/system/screen_brightness
04-25 20:42:52.323  1222  4021 V WindowManager: win.mViewVisibility: 8 (flagChanges & FLAG_NOT_FOCUSABLE) 0 win.mRelayoutCalled true win Window{e4c5127 u0 OnScreenFingerprintDimLayer}
04-25 20:42:52.328  1222  4021 V WindowManager: focusMayChange: false shouldRelayout false
04-25 20:42:52.328  1222  4021 V WindowManager: focusMayChange: false win Window{e4c5127 u0 OnScreenFingerprintDimLayer}
04-25 20:42:52.330  1222  1222 V SettingsProvider: Notifying for 0: content://settings/system/real_screen_brightness
04-25 20:42:52.332  1222  1222 V SettingsProvider: Notifying for 0: content://settings/system/screen_brightness
04-25 20:42:52.341  1222  4021 V WindowManager: win.mViewVisibility: 8 (flagChanges & FLAG_NOT_FOCUSABLE) 0 win.mRelayoutCalled true win Window{e4c5127 u0 OnScreenFingerprintDimLayer}
04-25 20:42:52.346  1222  4021 V WindowManager: focusMayChange: false shouldRelayout false
04-25 20:42:52.346  1222  4021 V WindowManager: focusMayChange: false win Window{e4c5127 u0 OnScreenFingerprintDimLayer}
04-25 20:42:52.347  1222  1222 V SettingsProvider: Notifying for 0: content://settings/system/real_screen_brightness
04-25 20:42:52.349  1222  1222 V SettingsProvider: Notifying for 0: content://settings/system/screen_brightness
04-25 20:42:52.358  1222  1233 V WindowManager: win.mViewVisibility: 8 (flagChanges & FLAG_NOT_FOCUSABLE) 0 win.mRelayoutCalled true win Window{e4c5127 u0 OnScreenFingerprintDimLayer}
04-25 20:42:52.361  1222  1233 V WindowManager: focusMayChange: false shouldRelayout false
04-25 20:42:52.361  1222  1233 V WindowManager: focusMayChange: false win Window{e4c5127 u0 OnScreenFingerprintDimLayer}
04-25 20:42:52.363  1222  1222 V SettingsProvider: Notifying for 0: content://settings/system/real_screen_brightness
04-25 20:42:52.364  1222  1222 V SettingsProvider: Notifying for 0: content://settings/system/screen_brightness
04-25 20:42:52.374  1222  5282 V WindowManager: win.mViewVisibility: 8 (flagChanges & FLAG_NOT_FOCUSABLE) 0 win.mRelayoutCalled true win Window{e4c5127 u0 OnScreenFingerprintDimLayer}
