04-25 20:43:35.405  1222  4016 V WindowManager: focusMayChange: false win Window{e4c5127 u0 OnScreenFingerprintDimLayer}
04-25 20:43:35.405  1222  1222 V SettingsProvider: Notifying for 0: content://settings/system/real_screen_brightness
04-25 20:43:35.407  1222  1222 V SettingsProvider: Notifying for 0: content://settings/system/screen_brightness
04-25 20:43:35.416  1222  4025 V WindowManager: win.mViewVisibility: 8 (flagChanges & FLAG_NOT_FOCUSABLE) 0 win.mRelayoutCalled true win Window{e4c5127 u0 OnScreenFingerprintDimLayer}
04-25 20:43:35.418  1222  4025 V WindowManager: focusMayChange: false shouldRelayout false
04-25 20:43:35.418  1222  4025 V WindowManager: focusMayChange: false win Window{e4c5127 u0 OnScreenFingerprintDimLayer}
04-25 20:43:35.422  1222  1222 V SettingsProvider: Notifying for 0: content://settings/system/real_screen_brightness
04-25 20:43:35.425  1222  1222 V SettingsProvider: Notifying for 0: content://settings/system/screen_brightness
04-25 20:43:35.433  1222  4016 V WindowManager: win.mViewVisibility: 8 (flagChanges & FLAG_NOT_FOCUSABLE) 0 win.mRelayoutCalled true win Window{e4c5127 u0 OnScreenFingerprintDimLayer}
04-25 20:43:35.439  1222  1222 V SettingsProvider: Notifying for 0: content://settings/system/real_screen_brightness
04-25 20:43:35.440  1222  4016 V WindowManager: focusMayChange: false shouldRelayout false
04-25 20:43:35.440  1222  4016 V WindowManager: focusMayChange: false win Window{e4c5127 u0 OnScreenFingerprintDimLayer}
04-25 20:43:35.441  1222  1222 V SettingsProvider: Notifying for 0: content://settings/system/screen_brightness
04-25 20:43:35.449  1222  4016 V WindowManager: win.mViewVisibility: 8 (flagChanges & FLAG_NOT_FOCUSABLE) 0 win.mRelayoutCalled true win Window{e4c5127 u0 OnScreenFingerprintDimLayer}
04-25 20:43:35.455  1222  4016 V WindowManager: focusMayChange: false shouldRelayout false
04-25 20:43:35.455  1222  4016 V WindowManager: focusMayChange: false win Window{e4c5127 u0 OnScreenFingerprintDimLayer}
04-25 20:43:35.455  1222  1222 V SettingsProvider: Notifying for 0: content://settings/system/real_screen_brightness
04-25 20:43:35.458  1222  1222 V SettingsProvider: Notifying for 0: content://settings/system/screen_brightness
04-25 20:43:35.465  1222  4640 V WindowManager: win.mViewVisibility: 8 (flagChanges & FLAG_NOT_FOCUSABLE) 0 win.mRelayoutCalled true win Window{e4c5127 u0 OnScreenFingerprintDimLayer}
04-25 20:43:35.467  1222  4640 V WindowManager: focusMayChange: false shouldRelayout false
04-25 20:43:35.467  1222  4640 V WindowManager: focusMayChange: false win Window{e4c5127 u0 OnScreenFingerprintDimLayer}
04-25 20:43:35.472  1222  1222 V SettingsProvider: Notifying for 0: content://settings/system/real_screen_brightness
04-25 20:43:35.474  1222  1222 V SettingsProvider: Notifying for 0: content://settings/system/screen_brightness
04-25 20:43:35.483  1222  4016 V WindowManager: win.mViewVisibility: 8 (flagChanges & FLAG_NOT_FOCUSABLE) 0 win.mRelayoutCalled true win Window{e4c5127 u0 OnScreenFingerprintDimLayer}
04-25 20:43:35.489  1222  1222 V SettingsProvider: Notifying for 0: content://settings/system/real_screen_brightness
04-25 20:43:35.489  1222  4016 V WindowManager: focusMayChange: false shouldRelayout false
04-25 20:43:35.489  1222  4016 V WindowManager: focusMayChange: false win Window{e4c5127 u0 OnScreenFingerprintDimLayer}
04-25 20:43:35.491  1222  1222 V SettingsProvider: Notifying for 0: content://settings/system/screen_brightness
04-25 20:43:35.499  1222  4016 V WindowManager: win.mViewVisibility: 8 (flagChanges & FLAG_NOT_FOCUSABLE) 0 win.mRelayoutCalled true win Window{e4c5127 u0 OnScreenFingerprintDimLayer}
04-25 20:43:35.505  1222  1222 V SettingsProvider: Notifying for 0: content://settings/system/real_screen_brightness
04-25 20:43:35.506  1222  4016 V WindowManager: focusMayChange: false shouldRelayout false
04-25 20:43:35.506  1222  4016 V WindowManager: focusMayChange: false win Window{e4c5127 u0 OnScreenFingerprintDimLayer}
04-25 20:43:35.508  1222  1222 V SettingsProvider: Notifying for 0: content://settings/system/screen_brightness
04-25 20:43:35.515  1222  4640 V WindowManager: win.mViewVisibility: 8 (flagChanges & FLAG_NOT_FOCUSABLE) 0 win.mRelayoutCalled true win Window{e4c5127 u0 OnScreenFingerprintDimLayer}
04-25 20:43:35.518  1222  4640 V WindowManager: focusMayChange: false shouldRelayout false
04-25 20:43:35.518  1222  4640 V WindowManager: focusMayChange: false win Window{e4c5127 u0 OnScreenFingerprintDimLayer}
04-25 20:43:35.522  1222  1222 V SettingsProvider: Notifying for 0: content://settings/system/real_screen_brightness
04-25 20:43:35.524  1222  1222 V SettingsProvider: Notifying for 0: content://settings/system/screen_brightness
04-25 20:43:35.533  1222  4016 V WindowManager: win.mViewVisibility: 8 (flagChanges & FLAG_NOT_FOCUSABLE) 0 win.mRelayoutCalled true win Window{e4c5127 u0 OnScreenFingerprintDimLayer}
04-25 20:43:35.541  1222  4016 V WindowManager: focusMayChange: false shouldRelayout false
04-25 20:43:35.541  1222  4016 V WindowManager: focusMayChange: false win Window{e4c5127 u0 OnScreenFingerprintDimLayer}
04-25 20:43:35.541  1222  1222 V SettingsProvider: Notifying for 0: content://settings/system/real_screen_brightness
04-25 20:43:35.543  1222  1222 V SettingsProvider: Notifying for 0: content://settings/system/screen_brightness
04-25 20:43:35.549  1222  4640 V WindowManager: win.mViewVisibility: 8 (flagChanges & FLAG_NOT_FOCUSABLE) 0 win.mRelayoutCalled true win Window{e4c5127 u0 OnScreenFingerprintDimLayer}
04-25 20:43:35.551  1222  4640 V WindowManager: focusMayChange: false shouldRelayout false
04-25 20:43:35.551  1222  4640 V WindowManager: focusMayChange: false win Window{e4c5127 u0 OnScreenFingerprintDimLayer}
04-25 20:43:35.555  1222  1222 V SettingsProvider: Notifying for 0: content://settings/system/real_screen_brightness
04-25 20:43:35.557  1222  1222 V SettingsProvider: Notifying for 0: content://settings/system/screen_brightness
04-25 20:43:35.566  1222  4640 V WindowManager: win.mViewVisibility: 8 (flagChanges & FLAG_NOT_FOCUSABLE) 0 win.mRelayoutCalled true win Window{e4c5127 u0 OnScreenFingerprintDimLayer}
04-25 20:43:35.568  1222  4640 V WindowManager: focusMayChange: false shouldRelayout false
04-25 20:43:35.568  1222  4640 V WindowManager: focusMayChange: false win Window{e4c5127 u0 OnScreenFingerprintDimLayer}
04-25 20:43:35.571  1222  1222 V SettingsProvider: Notifying for 0: content://settings/system/real_screen_brightness
04-25 20:43:35.574  1222  1222 V SettingsProvider: Notifying for 0: content://settings/system/screen_brightness
04-25 20:43:35.582  1222  4640 V WindowManager: win.mViewVisibility: 8 (flagChanges & FLAG_NOT_FOCUSABLE) 0 win.mRelayoutCalled true win Window{e4c5127 u0 OnScreenFingerprintDimLayer}
04-25 20:43:35.585  1222  4640 V WindowManager: focusMayChange: false shouldRelayout false
04-25 20:43:35.585  1222  4640 V WindowManager: focusMayChange: false win Window{e4c5127 u0 OnScreenFingerprintDimLayer}
04-25 20:43:35.588  1222  1222 V SettingsProvider: Notifying for 0: content://settings/system/real_screen_brightness
04-25 20:43:35.590  1222  1222 V SettingsProvider: Notifying for 0: content://settings/system/screen_brightness
04-25 20:43:35.599  1222  4640 V WindowManager: win.mViewVisibility: 8 (flagChanges & FLAG_NOT_FOCUSABLE) 0 win.mRelayoutCalled true win Window{e4c5127 u0 OnScreenFingerprintDimLayer}
04-25 20:43:35.601  1222  4640 V WindowManager: focusMayChange: false shouldRelayout false
04-25 20:43:35.601  1222  4640 V WindowManager: focusMayChange: false win Window{e4c5127 u0 OnScreenFingerprintDimLayer}
04-25 20:43:35.605  1222  1222 V SettingsProvider: Notifying for 0: content://settings/system/real_screen_brightness
04-25 20:43:35.607  1222  1222 V SettingsProvider: Notifying for 0: content://settings/system/screen_brightness
04-25 20:43:35.616  1222  4640 V WindowManager: win.mViewVisibility: 8 (flagChanges & FLAG_NOT_FOCUSABLE) 0 win.mRelayoutCalled true win Window{e4c5127 u0 OnScreenFingerprintDimLayer}
04-25 20:43:35.618  1222  4640 V WindowManager: focusMayChange: false shouldRelayout false
04-25 20:43:35.618  1222  4640 V WindowManager: focusMayChange: false win Window{e4c5127 u0 OnScreenFingerprintDimLayer}
04-25 20:43:35.622  1222  1222 V SettingsProvider: Notifying for 0: content://settings/system/real_screen_brightness
04-25 20:43:35.624  1222  1222 V SettingsProvider: Notifying for 0: content://settings/system/screen_brightness
04-25 20:43:35.631  1222  4025 V WindowManager: win.mViewVisibility: 8 (flagChanges & FLAG_NOT_FOCUSABLE) 0 win.mRelayoutCalled true win Window{e4c5127 u0 OnScreenFingerprintDimLayer}
04-25 20:43:35.637  1222  4025 V WindowManager: focusMayChange: false shouldRelayout false
04-25 20:43:35.637  1222  4025 V WindowManager: focusMayChange: false win Window{e4c5127 u0 OnScreenFingerprintDimLayer}
04-25 20:43:35.638  1222  1222 V SettingsProvider: Notifying for 0: content://settings/system/real_screen_brightness
04-25 20:43:35.640  1222  1222 V SettingsProvider: Notifying for 0: content://settings/system/screen_brightness
04-25 20:43:35.648  1222  4640 V WindowManager: win.mViewVisibility: 8 (flagChanges & FLAG_NOT_FOCUSABLE) 0 win.mRelayoutCalled true win Window{e4c5127 u0 OnScreenFingerprintDimLayer}
04-25 20:43:35.653  1222  4640 V WindowManager: focusMayChange: false shouldRelayout false
04-25 20:43:35.653  1222  4640 V WindowManager: focusMayChange: false win Window{e4c5127 u0 OnScreenFingerprintDimLayer}
04-25 20:43:35.655  1222  1222 V SettingsProvider: Notifying for 0: content://settings/system/real_screen_brightness
04-25 20:43:35.657  1222  1222 V SettingsProvider: Notifying for 0: content://settings/system/screen_brightness
04-25 20:43:35.665  1222  4007 V WindowManager: win.mViewVisibility: 8 (flagChanges & FLAG_NOT_FOCUSABLE) 0 win.mRelayoutCalled true win Window{e4c5127 u0 OnScreenFingerprintDimLayer}
04-25 20:43:35.670  1222  4007 V WindowManager: focusMayChange: false shouldRelayout false
04-25 20:43:35.670  1222  4007 V WindowManager: focusMayChange: false win Window{e4c5127 u0 OnScreenFingerprintDimLayer}
04-25 20:43:35.671  1222  1222 V SettingsProvider: Notifying for 0: content://settings/system/real_screen_brightness
04-25 20:43:35.672  1222  1222 V SettingsProvider: Notifying for 0: content://settings/system/screen_brightness
04-25 20:43:35.682  1222  4640 V WindowManager: win.mViewVisibility: 8 (flagChanges & FLAG_NOT_FOCUSABLE) 0 win.mRelayoutCalled true win Window{e4c5127 u0 OnScreenFingerprintDimLayer}
04-25 20:43:35.686  1222  4640 V WindowManager: focusMayChange: false shouldRelayout false
04-25 20:43:35.687  1222  4640 V WindowManager: focusMayChange: false win Window{e4c5127 u0 OnScreenFingerprintDimLayer}
04-25 20:43:35.688  1222  1222 V SettingsProvider: Notifying for 0: content://settings/system/real_screen_brightness
04-25 20:43:35.689  1222  1222 V SettingsProvider: Notifying for 0: content://settings/system/screen_brightness
04-25 20:43:35.698  1222  4016 V WindowManager: win.mViewVisibility: 8 (flagChanges & FLAG_NOT_FOCUSABLE) 0 win.mRelayoutCalled true win Window{e4c5127 u0 OnScreenFingerprintDimLayer}
04-25 20:43:35.703  1222  4016 V WindowManager: focusMayChange: false shouldRelayout false
04-25 20:43:35.703  1222  4016 V WindowManager: focusMayChange: false win Window{e4c5127 u0 OnScreenFingerprintDimLayer}
04-25 20:43:40.494  1222  1222 D BatteryService: send broadcast : oppo.intent.action.BATTERY_DATA_UPDATE
04-25 20:43:42.020  1222  1369 W BatteryExternalStatsWorker: modem info is invalid: ModemActivityInfo{ mTimestamp=341937448 mSleepTimeMs=172929802 mIdleTimeMs=-578764429 mTxTimeMs[]=[162, 16617, 753779, 10463005, 18718192] mRxTimeMs=747375785 mEnergyUsed=0}
04-25 20:43:42.199  1222  2254 V OppoLogService: Waiting for criticallog_socket connection...
04-25 20:43:42.200  1222 23779 V OppoLogService: read len len = 337
04-25 20:43:42.201  1222 23779 D OppoLogService: startEchoThread finally!!
04-25 20:43:42.201  1222 23780 V OppoLogService: mModule = CriticalLogNetwork mIssue = pci_mode3_interference
04-25 20:43:42.201  1222 23780 V OppoLogService: mLogType = 548
04-25 20:43:42.201  1222 23780 V OppoLogService: mTime = 2020-04-25 20:43:42
04-25 20:43:42.201  1222 23780 V OppoLogService: mOtaVersion = CPH1945EUEX_11.A.22_0220_202004031812
04-25 20:43:42.201  1222 23780 V OppoLogService:  info : type:97, rat:5, errcode:3700, MCC:204,MNC:16,LAC:299,CID:12968982,signalquality:-72,signalstrength:-430,frequency:3700,nbr_cell_number:0,PCI:160
04-25 20:43:42.201  1222 23780 V OppoLogService: key = type value = 97
04-25 20:43:42.202  1222 23780 V OppoLogService: key = rat value = 5
04-25 20:43:42.202  1222 23780 V OppoLogService: key = errcode value = 3700
04-25 20:43:42.202  1222 23780 V OppoLogService: key = MCC value = 204
04-25 20:43:42.202  1222 23780 V OppoLogService: key = MNC value = 16
04-25 20:43:42.202  1222 23780 V OppoLogService: key = LAC value = 299
04-25 20:43:42.202  1222 23780 V OppoLogService: key = CID value = 12968982
04-25 20:43:42.202  1222 23780 V OppoLogService: key = signalquality value = -72
04-25 20:43:42.202  1222 23780 V OppoLogService: key = signalstrength value = -430
04-25 20:43:42.202  1222 23780 V OppoLogService: key = frequency value = 3700
04-25 20:43:42.202  1222 23780 V OppoLogService: key = nbr_cell_number value = 0
04-25 20:43:42.202  1222 23780 V OppoLogService: key = PCI value = 160
04-25 20:43:43.202  1222  2254 V OppoLogService: Waiting for criticallog_socket connection...
04-25 20:43:43.203  1222 23781 V OppoLogService: read len len = 337
04-25 20:43:43.204  1222 23781 D OppoLogService: startEchoThread finally!!
04-25 20:43:43.204  1222 23782 V OppoLogService: mModule = CriticalLogNetwork mIssue = pci_mode3_interference
04-25 20:43:43.204  1222 23782 V OppoLogService: mLogType = 548
04-25 20:43:43.204  1222 23782 V OppoLogService: mTime = 2020-04-25 20:43:43
04-25 20:43:43.204  1222 23782 V OppoLogService: mOtaVersion = CPH1945EUEX_11.A.22_0220_202004031812
04-25 20:43:43.204  1222 23782 V OppoLogService:  info : type:97, rat:5, errcode:3700, MCC:204,MNC:16,LAC:299,CID:12968982,signalquality:-71,signalstrength:-430,frequency:3700,nbr_cell_number:1,PCI:160
04-25 20:43:43.204  1222 23782 V OppoLogService: key = type value = 97
04-25 20:43:43.205  1222 23782 V OppoLogService: key = rat value = 5
04-25 20:43:43.205  1222 23782 V OppoLogService: key = errcode value = 3700
04-25 20:43:43.205  1222 23782 V OppoLogService: key = MCC value = 204
04-25 20:43:43.205  1222 23782 V OppoLogService: key = MNC value = 16
04-25 20:43:43.205  1222 23782 V OppoLogService: key = LAC value = 299
04-25 20:43:43.205  1222 23782 V OppoLogService: key = CID value = 12968982
04-25 20:43:43.205  1222 23782 V OppoLogService: key = signalquality value = -71
04-25 20:43:43.205  1222 23782 V OppoLogService: key = signalstrength value = -430
04-25 20:43:43.205  1222 23782 V OppoLogService: key = frequency value = 3700
04-25 20:43:43.205  1222 23782 V OppoLogService: key = nbr_cell_number value = 1
04-25 20:43:43.205  1222 23782 V OppoLogService: key = PCI value = 160
04-25 20:43:52.260  1222  1369 W BatteryExternalStatsWorker: modem info is invalid: ModemActivityInfo{ mTimestamp=341947688 mSleepTimeMs=172931976 mIdleTimeMs=-578763310 mTxTimeMs[]=[162, 16617, 753779, 10463015, 18719704] mRxTimeMs=747382708 mEnergyUsed=0}
04-25 20:43:53.294  1222  1317 W BroadcastQueue: Skipping deliver [background] BroadcastRecord{4e9289 u-1 android.net.conn.CONNECTIVITY_CHANGE} to ReceiverList{110528e 23790 (unknown name)/2000/u-1 remote:7e18c53}: process gone or crashing
04-25 20:43:53.318  1222  4016 W ActivityManager: preloadAction is 0, starting intent = act=android.intent.action.MAIN cat=[android.intent.category.LAUNCHER] flg=0x10200000 cmp=host.exp.exponent/.experience.HomeActivity
04-25 20:43:53.320  1222  4016 I ActivityManager: START u0 {act=android.intent.action.MAIN cat=[android.intent.category.LAUNCHER] flg=0x10200000 cmp=host.exp.exponent/.experience.HomeActivity} from uid 2000 and from pid 23790
04-25 20:43:53.329  1222  4016 V WindowManager: mCurrentFocus: Window{31e75dd u0 ch.deletescape.lawnchair.plah/ch.deletescape.lawnchair.LawnchairLauncher} newFocus Window{31e75dd u0 ch.deletescape.lawnchair.plah/ch.deletescape.lawnchair.LawnchairLauncher}
04-25 20:43:53.334  1222  4016 I chatty  : uid=1000(system) Binder:1222_11 identical 1 line
04-25 20:43:53.336  1222  4016 V WindowManager: mCurrentFocus: Window{31e75dd u0 ch.deletescape.lawnchair.plah/ch.deletescape.lawnchair.LawnchairLauncher} newFocus Window{31e75dd u0 ch.deletescape.lawnchair.plah/ch.deletescape.lawnchair.LawnchairLauncher}
04-25 20:43:53.349  1222  2263 I MotorManagerService: notifyActivityChanged: mBackgroudPkg = ch.deletescape.lawnchair.plah mFocusPkg = host.exp.exponent mIsSplitMode = false mBackActivity = ch.deletescape.lawnchair.LawnchairLauncher mFocusActivity = host.exp.exponent.experience.HomeActivity
04-25 20:43:53.351  1222  4007 D DEBUG_VISIBILITY: mOccluded:false lastOccluded:false
04-25 20:43:53.355  1222  1308 V SettingsProvider: getSecureSetting(wake_gesture_enabled, getCallingPackage = android
04-25 20:43:53.357   793   888 E storaged: getDiskStats failed with result NOT_SUPPORTED and size 0
04-25 20:43:53.360  1222  1491 V WindowManager: win.mViewVisibility: 0 (flagChanges & FLAG_NOT_FOCUSABLE) 0 win.mRelayoutCalled false win Window{c842ff9 u0 Splash Screen host.exp.exponent}
04-25 20:43:53.362  1222  1491 V WindowManager: focusMayChange: true shouldRelayout true
04-25 20:43:53.364  1222  1491 V WindowManager: isDefaultDisplay: true  2
04-25 20:43:53.364  1222  1491 V WindowManager: focusMayChange: true win Window{c842ff9 u0 Splash Screen host.exp.exponent}
04-25 20:43:53.364  1222  1491 V WindowManager: mCurrentFocus: Window{31e75dd u0 ch.deletescape.lawnchair.plah/ch.deletescape.lawnchair.LawnchairLauncher} newFocus null
04-25 20:43:53.364  1222  1491 V WindowManager: Changing focus from Window{31e75dd u0 ch.deletescape.lawnchair.plah/ch.deletescape.lawnchair.LawnchairLauncher} to null Callers=com.android.server.wm.WindowManagerService.relayoutWindow:3294 com.android.server.wm.Session.relayout:255 com.android.server.wm.ColorWindowSession.relayout:33 android.view.ViewRootImpl.relayoutWindow:7513 
04-25 20:43:53.365  1222  1491 D WindowManager: Input focus has changed to null
04-25 20:43:53.366  1222  1373 I WindowManager: Focus moving from Window{31e75dd u0 ch.deletescape.lawnchair.plah/ch.deletescape.lawnchair.LawnchairLauncher} to null
04-25 20:43:53.369  1222  1222 V SettingsProvider: Notifying for 0: content://settings/system/accelerometer_rotation
04-25 20:43:53.377  1222  1308 V SettingsProvider: getSecureSetting(wake_gesture_enabled, getCallingPackage = android
04-25 20:43:53.377  1222  1222 V SettingsProvider: Notifying for 0: content://settings/system/accelerometer_rotation
04-25 20:43:53.383  1222  1319 I ActivityManager: Start proc 23803:host.exp.exponent/u0a135 for activity host.exp.exponent/.experience.HomeActivity
04-25 20:43:53.391  1222  2254 V OppoLogService: Waiting for criticallog_socket connection...
04-25 20:43:53.391  1222  1233 V WindowManager: win.mViewVisibility: 0 (flagChanges & FLAG_NOT_FOCUSABLE) 0 win.mRelayoutCalled true win Window{31e75dd u0 ch.deletescape.lawnchair.plah/ch.deletescape.lawnchair.LawnchairLauncher}
04-25 20:43:53.392  1222 23808 V OppoLogService: read len len = 337
04-25 20:43:53.392  1222 23808 D OppoLogService: startEchoThread finally!!
04-25 20:43:53.393  1222 23809 V OppoLogService: mModule = CriticalLogNetwork mIssue = pci_mode3_interference
04-25 20:43:53.393  1222 23809 V OppoLogService: mLogType = 548
04-25 20:43:53.393  1222 23809 V OppoLogService: mTime = 2020-04-25 20:43:53
04-25 20:43:53.393  1222 23809 V OppoLogService: mOtaVersion = CPH1945EUEX_11.A.22_0220_202004031812
04-25 20:43:53.393  1222 23809 V OppoLogService:  info : type:97, rat:5, errcode:3700, MCC:204,MNC:16,LAC:299,CID:12968982,signalquality:-68,signalstrength:-430,frequency:3700,nbr_cell_number:0,PCI:160
04-25 20:43:53.393  1222 23809 V OppoLogService: key = type value = 97
04-25 20:43:53.393  1222 23809 V OppoLogService: key = rat value = 5
04-25 20:43:53.393  1222 23809 V OppoLogService: key = errcode value = 3700
04-25 20:43:53.393  1222 23809 V OppoLogService: key = MCC value = 204
04-25 20:43:53.393  1222 23809 V OppoLogService: key = MNC value = 16
04-25 20:43:53.393  1222 23809 V OppoLogService: key = LAC value = 299
04-25 20:43:53.393  1222 23809 V OppoLogService: key = CID value = 12968982
04-25 20:43:53.393  1222 23809 V OppoLogService: key = signalquality value = -68
04-25 20:43:53.393  1222 23809 V OppoLogService: key = signalstrength value = -430
04-25 20:43:53.393  1222 23809 V OppoLogService: key = frequency value = 3700
04-25 20:43:53.393  1222 23809 V OppoLogService: key = nbr_cell_number value = 0
04-25 20:43:53.393  1222 23809 V OppoLogService: key = PCI value = 160
04-25 20:43:53.397  1222  1233 V WindowManager: focusMayChange: false shouldRelayout true
04-25 20:43:53.397  1222  1233 V WindowManager: isDefaultDisplay: true  0
04-25 20:43:53.397  1222  1233 V WindowManager: focusMayChange: false win Window{31e75dd u0 ch.deletescape.lawnchair.plah/ch.deletescape.lawnchair.LawnchairLauncher}
04-25 20:43:53.408  1222  1233 V WindowManager: win.mViewVisibility: 0 (flagChanges & FLAG_NOT_FOCUSABLE) 0 win.mRelayoutCalled true win Window{31e75dd u0 ch.deletescape.lawnchair.plah/ch.deletescape.lawnchair.LawnchairLauncher}
04-25 20:43:53.413  1222  1233 V WindowManager: focusMayChange: false shouldRelayout true
04-25 20:43:53.413  1222  1233 V WindowManager: isDefaultDisplay: true  0
04-25 20:43:53.413  1222  1233 V WindowManager: focusMayChange: false win Window{31e75dd u0 ch.deletescape.lawnchair.plah/ch.deletescape.lawnchair.LawnchairLauncher}
04-25 20:43:53.418  1222  4016 D DEBUG_VISIBILITY: mOccluded:false lastOccluded:false
04-25 20:43:53.420  1222  4016 D DEBUG_VISIBILITY: mOccluded:false lastOccluded:false
04-25 20:43:53.429  1222  4016 V WindowManager: Set focused app to: AppWindowToken{b1432cb token=Token{4c3099a ActivityRecord{384ce45 u0 host.exp.exponent/.experience.HomeActivity t5667}}} old focus=AppWindowToken{6fb7759 token=Token{18d6fa0 ActivityRecord{95c90a3 u0 ch.deletescape.lawnchair.plah/ch.deletescape.lawnchair.LawnchairLauncher t5301}}} moveFocusNow=true
04-25 20:43:53.430  1222  4016 V WindowManager: mCurrentFocus: null newFocus null
04-25 20:43:53.432  1222  4016 D DEBUG_VISIBILITY: mOccluded:false lastOccluded:false
04-25 20:43:53.439  1222  1308 D Dex2oatManagerService: Foreground changed, PID: 23803 UID: 10135 foreground: true
04-25 20:43:53.439  1222  1308 D Dex2oatManagerService: Current app:host.exp.exponent/host.exp.exponent.experience.HomeActivity
04-25 20:43:53.439  1222  1308 D Dex2oatManagerService: Detect cold launch begin
04-25 20:43:53.439  1222  1308 D Dex2oatManager: cold launch time:30000
04-25 20:43:53.441  1222  4007 W ActivityManager: preloadAction is 0, starting intent = act=android.intent.action.VIEW dat=exp://100.68.9.3:19000 flg=0x10000000 cmp=host.exp.exponent/.LauncherActivity
04-25 20:43:53.442  1222  4007 I ActivityManager: START u0 {act=android.intent.action.VIEW dat=exp://100.68.9.3:19000 flg=0x10000000 cmp=host.exp.exponent/.LauncherActivity} from uid 2000 and from pid 23821
04-25 20:43:53.443  1222  1491 V WindowManager: mCurrentFocus: null newFocus null
04-25 20:43:53.449  1222  4007 V WindowManager: mCurrentFocus: null newFocus null
04-25 20:43:53.450  1222  4007 V WindowManager: mCurrentFocus: null newFocus null
04-25 20:43:53.465  1222  4007 V WindowManager: adjustNotShowWallpaperByOppo: false
04-25 20:43:53.465  1222  4007 I chatty  : uid=1000(system) Binder:1222_D identical 1 line
04-25 20:43:53.465  1222  4007 V WindowManager: adjustNotShowWallpaperByOppo: false
04-25 20:43:53.572  1222  1222 D MotorManagerService: ACTION_AUDIO_RECORD_STOP mAudioCameraUserExtraPid: 15126
04-25 20:43:53.681  1222  4007 D Dex2oatManagerService: registerCallback from pid:23803 from uid:10135
04-25 20:43:53.697  1222  4007 I ActivityManager: handleActivitySwitch the same packageName!
04-25 20:43:53.697  1222  2263 I MotorManagerService: notifyActivityChanged: mBackgroudPkg = host.exp.exponent mFocusPkg = host.exp.exponent mIsSplitMode = false mBackActivity = host.exp.exponent.experience.HomeActivity mFocusActivity = host.exp.exponent.LauncherActivity
04-25 20:43:53.697  1222  4007 D DEBUG_VISIBILITY: mOccluded:false lastOccluded:false
04-25 20:43:53.698  1222  4007 D DEBUG_VISIBILITY: mOccluded:false lastOccluded:false
04-25 20:43:53.700  1222  4007 V WindowManager: Set focused app to: AppWindowToken{e93a36d token=Token{3812f84 ActivityRecord{3719197 u0 host.exp.exponent/.LauncherActivity t5667}}} old focus=AppWindowToken{b1432cb token=Token{4c3099a ActivityRecord{384ce45 u0 host.exp.exponent/.experience.HomeActivity t5667}}} moveFocusNow=true
04-25 20:43:53.701  1222  4007 V WindowManager: mCurrentFocus: null newFocus null
04-25 20:43:53.701  1222  4007 D DEBUG_VISIBILITY: mOccluded:false lastOccluded:false
04-25 20:43:53.703  1222  4007 D DEBUG_VISIBILITY: mOccluded:false lastOccluded:false
04-25 20:43:53.717  1222  2254 V OppoLogService: Waiting for criticallog_socket connection...
04-25 20:43:53.718  1222 23876 V OppoLogService: read len len = 337
04-25 20:43:53.718  1222 23876 D OppoLogService: startEchoThread finally!!
04-25 20:43:53.719  1222 23877 V OppoLogService: mModule = CriticalLogNetwork mIssue = pci_mode3_interference
04-25 20:43:53.719  1222 23877 V OppoLogService: mLogType = 548
04-25 20:43:53.719  1222 23877 V OppoLogService: mTime = 2020-04-25 20:43:53
04-25 20:43:53.719  1222 23877 V OppoLogService: mOtaVersion = CPH1945EUEX_11.A.22_0220_202004031812
04-25 20:43:53.719  1222 23877 V OppoLogService:  info : type:97, rat:5, errcode:3700, MCC:204,MNC:16,LAC:299,CID:12968982,signalquality:-69,signalstrength:-430,frequency:3700,nbr_cell_number:1,PCI:160
04-25 20:43:53.719  1222 23877 V OppoLogService: key = type value = 97
04-25 20:43:53.719  1222 23877 V OppoLogService: key = rat value = 5
04-25 20:43:53.719  1222 23877 V OppoLogService: key = errcode value = 3700
04-25 20:43:53.719  1222 23877 V OppoLogService: key = MCC value = 204
04-25 20:43:53.719  1222 23877 V OppoLogService: key = MNC value = 16
04-25 20:43:53.719  1222 23877 V OppoLogService: key = LAC value = 299
04-25 20:43:53.719  1222 23877 V OppoLogService: key = CID value = 12968982
04-25 20:43:53.719  1222 23877 V OppoLogService: key = signalquality value = -69
04-25 20:43:53.719  1222 23877 V OppoLogService: key = signalstrength value = -430
04-25 20:43:53.719  1222 23877 V OppoLogService: key = frequency value = 3700
04-25 20:43:53.719  1222 23877 V OppoLogService: key = nbr_cell_number value = 1
04-25 20:43:53.719  1222 23877 V OppoLogService: key = PCI value = 160
04-25 20:43:53.723  1222  1491 V WindowManager: adjustNotShowWallpaperByOppo: false
04-25 20:43:53.723  1222  1491 I chatty  : uid=1000(system) android.anim identical 1 line
04-25 20:43:53.723  1222  1491 V WindowManager: adjustNotShowWallpaperByOppo: false
04-25 20:43:53.729  1222  4640 V WindowManager: win.mViewVisibility: 4 (flagChanges & FLAG_NOT_FOCUSABLE) 0 win.mRelayoutCalled false win Window{48f8aa u0 host.exp.exponent/host.exp.exponent.experience.HomeActivity}
04-25 20:43:53.729  1222  4640 I WindowManager: Relayout Window{48f8aa u0 host.exp.exponent/host.exp.exponent.experience.HomeActivity}: oldVis=4 newVis=0 focusMayChange = true
04-25 20:43:53.732  1222  4640 V WindowManager: focusMayChange: true shouldRelayout true
04-25 20:43:53.735  1222  4640 V WindowManager: isDefaultDisplay: true  2
04-25 20:43:53.735  1222  4640 V WindowManager: focusMayChange: true win Window{48f8aa u0 host.exp.exponent/host.exp.exponent.experience.HomeActivity}
04-25 20:43:53.735  1222  4640 V WindowManager: findFocusedWindow: Reached focused app=AppWindowToken{e93a36d token=Token{3812f84 ActivityRecord{3719197 u0 host.exp.exponent/.LauncherActivity t5667}}}
04-25 20:43:53.735  1222  4640 V WindowManager: mCurrentFocus: null newFocus null
04-25 20:43:53.746  1222  1491 V WindowManager: adjustNotShowWallpaperByOppo: false
04-25 20:43:53.746  1222  1491 V WindowManager: adjustNotShowWallpaperByOppo: false
04-25 20:43:53.754  1222  4640 V WindowManager: win.mViewVisibility: 0 (flagChanges & FLAG_NOT_FOCUSABLE) 0 win.mRelayoutCalled true win Window{1af2045 u0 ch.deletescape.lawnchair.plah/ch.deletescape.lawnchair.LawnchairLauncher}
04-25 20:43:53.759  1222  4640 V WindowManager: focusMayChange: true shouldRelayout false
04-25 20:43:53.759  1222  4640 V WindowManager: focusMayChange: true win Window{1af2045 u0 ch.deletescape.lawnchair.plah/ch.deletescape.lawnchair.LawnchairLauncher}
04-25 20:43:53.759  1222  4640 V WindowManager: findFocusedWindow: Reached focused app=AppWindowToken{e93a36d token=Token{3812f84 ActivityRecord{3719197 u0 host.exp.exponent/.LauncherActivity t5667}}}
04-25 20:43:53.759  1222  4640 V WindowManager: mCurrentFocus: null newFocus null
04-25 20:43:53.760  1222  5275 V WindowManager: win.mViewVisibility: 0 (flagChanges & FLAG_NOT_FOCUSABLE) 0 win.mRelayoutCalled true win Window{31e75dd u0 ch.deletescape.lawnchair.plah/ch.deletescape.lawnchair.LawnchairLauncher}
04-25 20:43:53.766  1222  5275 V WindowManager: focusMayChange: true shouldRelayout false
04-25 20:43:53.766  1222  5275 V WindowManager: focusMayChange: true win Window{31e75dd u0 ch.deletescape.lawnchair.plah/ch.deletescape.lawnchair.LawnchairLauncher}
04-25 20:43:53.766  1222  5275 V WindowManager: findFocusedWindow: Reached focused app=AppWindowToken{e93a36d token=Token{3812f84 ActivityRecord{3719197 u0 host.exp.exponent/.LauncherActivity t5667}}}
04-25 20:43:53.766  1222  5275 V WindowManager: mCurrentFocus: null newFocus null
04-25 20:43:53.770  1222  1491 V WindowManager: adjustNotShowWallpaperByOppo: false
04-25 20:43:53.770  1222  1491 V WindowManager: adjustNotShowWallpaperByOppo: false
04-25 20:43:53.774  1222  4007 W ActivityManager: preloadAction is 0, starting intent = flg=0xc080000 cmp=host.exp.exponent/.experience.ExperienceActivity (has extras)
04-25 20:43:53.775  1222  4007 I ActivityManager: START u0 {flg=0xc080000 cmp=host.exp.exponent/.experience.ExperienceActivity (has extras)} from uid 10135 and from pid 23803
04-25 20:43:53.780  1222  4007 V WindowManager: findFocusedWindow: Reached focused app=AppWindowToken{e93a36d token=Token{3812f84 ActivityRecord{3719197 u0 host.exp.exponent/.LauncherActivity t5667}}}
04-25 20:43:53.780  1222  4007 V WindowManager: mCurrentFocus: null newFocus null
04-25 20:43:53.782  1222  4007 V WindowManager: findFocusedWindow: Reached focused app=AppWindowToken{e93a36d token=Token{3812f84 ActivityRecord{3719197 u0 host.exp.exponent/.LauncherActivity t5667}}}
04-25 20:43:53.782  1222  4007 V WindowManager: mCurrentFocus: null newFocus null
04-25 20:43:53.783  1222  4007 V WindowManager: findFocusedWindow: Reached focused app=AppWindowToken{e93a36d token=Token{3812f84 ActivityRecord{3719197 u0 host.exp.exponent/.LauncherActivity t5667}}}
04-25 20:43:53.783  1222  4007 V WindowManager: mCurrentFocus: null newFocus null
04-25 20:43:53.805  1222  1491 V WindowManager: win.mViewVisibility: 0 (flagChanges & FLAG_NOT_FOCUSABLE) 0 win.mRelayoutCalled false win Window{c98f2bd u0 Splash Screen host.exp.exponent}
04-25 20:43:53.808  1222  1491 V WindowManager: focusMayChange: true shouldRelayout true
04-25 20:43:53.810  1222  1491 V WindowManager: isDefaultDisplay: true  2
04-25 20:43:53.810  1222  1491 V WindowManager: focusMayChange: true win Window{c98f2bd u0 Splash Screen host.exp.exponent}
04-25 20:43:53.810  1222  1491 V WindowManager: findFocusedWindow: Reached focused app=AppWindowToken{e93a36d token=Token{3812f84 ActivityRecord{3719197 u0 host.exp.exponent/.LauncherActivity t5667}}}
04-25 20:43:53.810  1222  1491 V WindowManager: mCurrentFocus: null newFocus null
04-25 20:43:53.838  1222  5275 V WindowManager: win.mViewVisibility: 4 (flagChanges & FLAG_NOT_FOCUSABLE) 0 win.mRelayoutCalled false win Window{7b39380 u0 host.exp.exponent/host.exp.exponent.LauncherActivity}
04-25 20:43:53.838  1222  5275 I WindowManager: Relayout Window{7b39380 u0 host.exp.exponent/host.exp.exponent.LauncherActivity}: oldVis=4 newVis=0 focusMayChange = true
04-25 20:43:53.842  1222  5275 V WindowManager: focusMayChange: true shouldRelayout true
04-25 20:43:53.844  1222  5275 V WindowManager: isDefaultDisplay: true  2
04-25 20:43:53.845  1222  5275 V WindowManager: focusMayChange: true win Window{7b39380 u0 host.exp.exponent/host.exp.exponent.LauncherActivity}
04-25 20:43:53.845  1222  5275 V WindowManager: mCurrentFocus: null newFocus Window{7b39380 u0 host.exp.exponent/host.exp.exponent.LauncherActivity}
04-25 20:43:53.845  1222  5275 V WindowManager: Changing focus from null to Window{7b39380 u0 host.exp.exponent/host.exp.exponent.LauncherActivity} Callers=com.android.server.wm.WindowManagerService.relayoutWindow:3294 com.android.server.wm.Session.relayout:255 com.android.server.wm.ColorWindowSession.relayout:33 android.view.IWindowSession$Stub.onTransact:309 
04-25 20:43:53.846  1222  5275 D WindowManager: Input focus has changed to Window{7b39380 u0 host.exp.exponent/host.exp.exponent.LauncherActivity}
04-25 20:43:53.849  1222  1373 I WindowManager: Focus moving from null to Window{7b39380 u0 host.exp.exponent/host.exp.exponent.LauncherActivity}
04-25 20:43:53.869  1222  1491 V WindowManager: mCurrentFocus: Window{7b39380 u0 host.exp.exponent/host.exp.exponent.LauncherActivity} newFocus Window{7b39380 u0 host.exp.exponent/host.exp.exponent.LauncherActivity}
04-25 20:43:53.869  1222  5275 I ActivityManager: handleActivitySwitch the same packageName!
04-25 20:43:53.869  1222  2263 I MotorManagerService: notifyActivityChanged: mBackgroudPkg = host.exp.exponent mFocusPkg = host.exp.exponent mIsSplitMode = false mBackActivity = host.exp.exponent.LauncherActivity mFocusActivity = host.exp.exponent.experience.ExperienceActivity
04-25 20:43:53.872  1222  5275 D DEBUG_VISIBILITY: mOccluded:false lastOccluded:false
04-25 20:43:53.875  1222  5275 D DEBUG_VISIBILITY: mOccluded:false lastOccluded:false
04-25 20:43:53.877  1222  5275 V WindowManager: Set focused app to: AppWindowToken{5960e6f token=Token{223d4e ActivityRecord{99e7049 u0 host.exp.exponent/.experience.ExperienceActivity t5668}}} old focus=AppWindowToken{e93a36d token=Token{3812f84 ActivityRecord{3719197 u0 host.exp.exponent/.LauncherActivity t5667}}} moveFocusNow=true
04-25 20:43:53.878  1222  5275 V WindowManager: mCurrentFocus: Window{7b39380 u0 host.exp.exponent/host.exp.exponent.LauncherActivity} newFocus null
04-25 20:43:53.878  1222  5275 V WindowManager: Changing focus from Window{7b39380 u0 host.exp.exponent/host.exp.exponent.LauncherActivity} to null Callers=com.android.server.wm.WindowManagerService.setFocusedApp:3840 com.android.server.am.ActivityManagerService.setResumedActivityUncheckLocked:4278 com.android.server.am.ActivityStack.onActivityStateChanged:625 com.android.server.am.TaskRecord.onActivityStateChanged:1995 
04-25 20:43:53.878  1222  5275 D WindowManager: Input focus has changed to null
04-25 20:43:53.881  1222  5275 D DEBUG_VISIBILITY: mOccluded:false lastOccluded:false
04-25 20:43:53.883  1222  5275 D DEBUG_VISIBILITY: mOccluded:false lastOccluded:false
04-25 20:43:53.893  1222  5275 V WindowManager: mCurrentFocus: null newFocus null
04-25 20:43:53.893  1222  5275 V WindowManager: adjustNotShowWallpaperByOppo: false
04-25 20:43:53.893  1222  5275 I chatty  : uid=1000(system) Binder:1222_1F identical 1 line
04-25 20:43:53.893  1222  5275 V WindowManager: adjustNotShowWallpaperByOppo: false
04-25 20:43:53.903  1222  1373 I WindowManager: Focus moving from Window{7b39380 u0 host.exp.exponent/host.exp.exponent.LauncherActivity} to null
04-25 20:43:54.061  1222  5275 V WindowManager: win.mViewVisibility: 0 (flagChanges & FLAG_NOT_FOCUSABLE) 0 win.mRelayoutCalled true win Window{7b39380 u0 host.exp.exponent/host.exp.exponent.LauncherActivity}
04-25 20:43:54.065  1222  5275 V WindowManager: focusMayChange: true shouldRelayout false
04-25 20:43:54.065  1222  5275 V WindowManager: focusMayChange: true win Window{7b39380 u0 host.exp.exponent/host.exp.exponent.LauncherActivity}
04-25 20:43:54.065  1222  5275 V WindowManager: mCurrentFocus: null newFocus null
04-25 20:43:54.068  1222  5275 V WindowManager: win.mViewVisibility: 4 (flagChanges & FLAG_NOT_FOCUSABLE) 0 win.mRelayoutCalled false win Window{7c113dc u0 host.exp.exponent/host.exp.exponent.experience.ExperienceActivity}
04-25 20:43:54.068  1222  5275 I WindowManager: Relayout Window{7c113dc u0 host.exp.exponent/host.exp.exponent.experience.ExperienceActivity}: oldVis=4 newVis=0 focusMayChange = true
04-25 20:43:54.072  1222  5275 V WindowManager: focusMayChange: true shouldRelayout true
04-25 20:43:54.075  1222  5275 V WindowManager: isDefaultDisplay: true  2
04-25 20:43:54.075  1222  5275 V WindowManager: focusMayChange: true win Window{7c113dc u0 host.exp.exponent/host.exp.exponent.experience.ExperienceActivity}
04-25 20:43:54.075  1222  5275 V WindowManager: mCurrentFocus: null newFocus Window{7c113dc u0 host.exp.exponent/host.exp.exponent.experience.ExperienceActivity}
04-25 20:43:54.075  1222  5275 V WindowManager: Changing focus from null to Window{7c113dc u0 host.exp.exponent/host.exp.exponent.experience.ExperienceActivity} Callers=com.android.server.wm.WindowManagerService.relayoutWindow:3294 com.android.server.wm.Session.relayout:255 com.android.server.wm.ColorWindowSession.relayout:33 android.view.IWindowSession$Stub.onTransact:309 
04-25 20:43:54.076  1222  5275 D WindowManager: Input focus has changed to Window{7c113dc u0 host.exp.exponent/host.exp.exponent.experience.ExperienceActivity}
04-25 20:43:54.080  1222  1373 I WindowManager: Focus moving from null to Window{7c113dc u0 host.exp.exponent/host.exp.exponent.experience.ExperienceActivity}
04-25 20:43:54.096  1222  4016 V WindowManager: mCurrentFocus: Window{7c113dc u0 host.exp.exponent/host.exp.exponent.experience.ExperienceActivity} newFocus Window{7c113dc u0 host.exp.exponent/host.exp.exponent.experience.ExperienceActivity}
04-25 20:43:54.140  1222  1491 V WindowManager: mCurrentFocus: Window{7c113dc u0 host.exp.exponent/host.exp.exponent.experience.ExperienceActivity} newFocus Window{7c113dc u0 host.exp.exponent/host.exp.exponent.experience.ExperienceActivity}
04-25 20:43:54.417  1222  4016 D MtkConnectivityService: requestNetwork for uid/pid:10135/23803 NetworkRequest [ TRACK_DEFAULT id=2960, [ Capabilities: INTERNET&NOT_RESTRICTED&TRUSTED Unwanted:  Uid: 10135] ]
04-25 20:43:54.469  1222  5275 D MtkConnectivityService: requestNetwork for uid/pid:10135/23803 NetworkRequest [ TRACK_DEFAULT id=2961, [ Capabilities: INTERNET&NOT_RESTRICTED&TRUSTED Unwanted:  Uid: 10135] ]
04-25 20:43:54.481  1222  5275 D DEBUG_VISIBILITY: mOccluded:false lastOccluded:false
04-25 20:43:54.492  1222  5275 D DEBUG_VISIBILITY: mOccluded:false lastOccluded:false
04-25 20:43:54.505  1222  1491 V WindowManager: adjustNotShowWallpaperByOppo: false
04-25 20:43:54.508  1222  1491 I WindowManager: handleOpeningSpecialApp (statusbar != null ) true pkg: com.coloros.recents start: 4
04-25 20:43:54.509  1222  1491 V WindowManager: mCurrentFocus: Window{7c113dc u0 host.exp.exponent/host.exp.exponent.experience.ExperienceActivity} newFocus Window{7c113dc u0 host.exp.exponent/host.exp.exponent.experience.ExperienceActivity}
04-25 20:43:54.510  1222  1491 V WindowManager: adjustNotShowWallpaperByOppo: false
04-25 20:43:54.517  1222  1307 D DEBUG_VISIBILITY: mOccluded:false lastOccluded:false
04-25 20:43:54.525  1222  4016 V WindowManager: win.mViewVisibility: 0 (flagChanges & FLAG_NOT_FOCUSABLE) 0 win.mRelayoutCalled true win Window{48f8aa u0 host.exp.exponent/host.exp.exponent.experience.HomeActivity}
04-25 20:43:54.531  1222  4016 V WindowManager: focusMayChange: true shouldRelayout false
04-25 20:43:54.531  1222  4016 V WindowManager: focusMayChange: true win Window{48f8aa u0 host.exp.exponent/host.exp.exponent.experience.HomeActivity}
04-25 20:43:54.531  1222  4016 V WindowManager: mCurrentFocus: Window{7c113dc u0 host.exp.exponent/host.exp.exponent.experience.ExperienceActivity} newFocus Window{7c113dc u0 host.exp.exponent/host.exp.exponent.experience.ExperienceActivity}
04-25 20:43:54.547  1222  1308 D Dex2oatManagerService: Foreground changed, PID: 21956 UID: 10125 foreground: false
04-25 20:43:56.832  1222  4016 V WindowManager: mCurrentFocus: Window{7c113dc u0 host.exp.exponent/host.exp.exponent.experience.ExperienceActivity} newFocus Window{7c113dc u0 host.exp.exponent/host.exp.exponent.experience.ExperienceActivity}
04-25 20:43:56.848  1222  4025 W ActivityManager: preloadAction is 0, starting intent = flg=0xc080000 cmp=host.exp.exponent/.experience.ExperienceActivity (has extras)
04-25 20:43:56.849  1222  4025 I ActivityManager: START u0 {flg=0xc080000 cmp=host.exp.exponent/.experience.ExperienceActivity (has extras)} from uid 10135 and from pid 23803
04-25 20:43:56.852  1222  4025 V WindowManager: mCurrentFocus: Window{7c113dc u0 host.exp.exponent/host.exp.exponent.experience.ExperienceActivity} newFocus null
04-25 20:43:56.852  1222  4025 V WindowManager: Changing focus from Window{7c113dc u0 host.exp.exponent/host.exp.exponent.experience.ExperienceActivity} to null Callers=com.android.server.wm.DisplayContent.layoutAndAssignWindowLayersIfNeeded:2747 com.android.server.wm.DisplayContent.positionStackAt:2127 com.android.server.wm.DisplayWindowController.positionChildAt:93 com.android.server.am.ActivityDisplay.positionChildAt:180 
04-25 20:43:56.853  1222  4025 D WindowManager: Input focus has changed to null
04-25 20:43:56.854  1222  1373 I WindowManager: Focus moving from Window{7c113dc u0 host.exp.exponent/host.exp.exponent.experience.ExperienceActivity} to null
04-25 20:43:56.857  1222  4025 V WindowManager: mCurrentFocus: null newFocus null
04-25 20:43:56.858  1222  4025 V WindowManager: mCurrentFocus: null newFocus null
04-25 20:43:56.881  1222  1491 V WindowManager: win.mViewVisibility: 0 (flagChanges & FLAG_NOT_FOCUSABLE) 0 win.mRelayoutCalled false win Window{bcb44e9 u0 Splash Screen host.exp.exponent}
04-25 20:43:56.884  1222  1491 V WindowManager: focusMayChange: true shouldRelayout true
04-25 20:43:56.887  1222  1491 V WindowManager: isDefaultDisplay: true  2
04-25 20:43:56.887  1222  1491 V WindowManager: focusMayChange: true win Window{bcb44e9 u0 Splash Screen host.exp.exponent}
04-25 20:43:56.888  1222  1491 V WindowManager: mCurrentFocus: null newFocus null
04-25 20:43:56.910  1222  1233 I ActivityManager: handleActivitySwitch the same packageName!
04-25 20:43:56.912  1222  1233 D DEBUG_VISIBILITY: mOccluded:false lastOccluded:false
04-25 20:43:56.914  1222  1233 D DEBUG_VISIBILITY: mOccluded:false lastOccluded:false
04-25 20:43:56.914  1222  2263 I MotorManagerService: notifyActivityChanged: mBackgroudPkg = host.exp.exponent mFocusPkg = host.exp.exponent mIsSplitMode = false mBackActivity = host.exp.exponent.experience.ExperienceActivity mFocusActivity = host.exp.exponent.experience.ExperienceActivity
04-25 20:43:56.918  1222  1233 V WindowManager: Set focused app to: AppWindowToken{c4de43b token=Token{57daca ActivityRecord{cf26635 u0 host.exp.exponent/.experience.ExperienceActivity t5669}}} old focus=AppWindowToken{5960e6f token=Token{223d4e ActivityRecord{99e7049 u0 host.exp.exponent/.experience.ExperienceActivity t5668}}} moveFocusNow=true
04-25 20:43:56.918  1222  1233 V WindowManager: mCurrentFocus: null newFocus null
04-25 20:43:56.920  1222  1233 D DEBUG_VISIBILITY: mOccluded:false lastOccluded:false
04-25 20:43:56.923  1222  1233 D DEBUG_VISIBILITY: mOccluded:false lastOccluded:false
04-25 20:43:56.942  1222  1233 V WindowManager: mCurrentFocus: null newFocus null
04-25 20:43:56.969  1222  2228 D MtkConnectivityService: releasing NetworkRequest [ TRACK_DEFAULT id=2960, [ Capabilities: INTERNET&NOT_RESTRICTED&TRUSTED Unwanted:  Uid: 10135] ] (release request)
04-25 20:43:57.016 23803 23803 E AndroidRuntime: FATAL EXCEPTION: main
04-25 20:43:57.016 23803 23803 E AndroidRuntime: Process: host.exp.exponent, PID: 23803
04-25 20:43:57.016 23803 23803 E AndroidRuntime: java.lang.RuntimeException: abi37_0_0.com.facebook.react.uimanager.IllegalViewOperationException: ViewManager for tag 53 could not be found.
04-25 20:43:57.016 23803 23803 E AndroidRuntime:  View already dropped? false.
04-25 20:43:57.016 23803 23803 E AndroidRuntime: Last index 0 in last 100 views[I@c8f0ace
04-25 20:43:57.016 23803 23803 E AndroidRuntime: 	at abi37_0_0.com.facebook.react.bridge.ReactContext.handleException(ReactContext.java:4)
04-25 20:43:57.016 23803 23803 E AndroidRuntime: 	at abi37_0_0.com.facebook.react.bridge.ReactContext$ExceptionHandlerWrapper.handleException(ReactContext.java:1)
04-25 20:43:57.016 23803 23803 E AndroidRuntime: 	at abi37_0_0.com.facebook.react.bridge.GuardedRunnable.run(GuardedRunnable.java:2)
04-25 20:43:57.016 23803 23803 E AndroidRuntime: 	at android.os.Handler.handleCallback(Handler.java:873)
04-25 20:43:57.016 23803 23803 E AndroidRuntime: 	at android.os.Handler.dispatchMessage(Handler.java:99)
04-25 20:43:57.016 23803 23803 E AndroidRuntime: 	at android.os.Looper.loop(Looper.java:226)
04-25 20:43:57.016 23803 23803 E AndroidRuntime: 	at android.app.ActivityThread.main(ActivityThread.java:7201)
04-25 20:43:57.016 23803 23803 E AndroidRuntime: 	at java.lang.reflect.Method.invoke(Native Method)
04-25 20:43:57.016 23803 23803 E AndroidRuntime: 	at com.android.internal.os.RuntimeInit$MethodAndArgsCaller.run(RuntimeInit.java:499)
04-25 20:43:57.016 23803 23803 E AndroidRuntime: 	at com.android.internal.os.ZygoteInit.main(ZygoteInit.java:956)
04-25 20:43:57.016 23803 23803 E AndroidRuntime: Caused by: abi37_0_0.com.facebook.react.uimanager.IllegalViewOperationException: ViewManager for tag 53 could not be found.
04-25 20:43:57.016 23803 23803 E AndroidRuntime:  View already dropped? false.
04-25 20:43:57.016 23803 23803 E AndroidRuntime: Last index 0 in last 100 views[I@c8f0ace
04-25 20:43:57.016 23803 23803 E AndroidRuntime: 	at abi37_0_0.com.facebook.react.uimanager.NativeViewHierarchyManager.resolveViewManager(NativeViewHierarchyManager.java:4)
04-25 20:43:57.016 23803 23803 E AndroidRuntime: 	at abi37_0_0.com.facebook.react.uimanager.NativeViewHierarchyManager.manageChildren(NativeViewHierarchyManager.java:4)
04-25 20:43:57.016 23803 23803 E AndroidRuntime: 	at abi37_0_0.com.facebook.react.uimanager.UIViewOperationQueue$ManageChildrenOperation.execute(UIViewOperationQueue.java:1)
04-25 20:43:57.016 23803 23803 E AndroidRuntime: 	at abi37_0_0.com.facebook.react.uimanager.UIViewOperationQueue$1.run(UIViewOperationQueue.java:10)
04-25 20:43:57.016 23803 23803 E AndroidRuntime: 	at abi37_0_0.com.facebook.react.uimanager.UIViewOperationQueue.flushPendingBatches(UIViewOperationQueue.java:10)
04-25 20:43:57.016 23803 23803 E AndroidRuntime: 	at abi37_0_0.com.facebook.react.uimanager.UIViewOperationQueue.access$2200(UIViewOperationQueue.java:1)
04-25 20:43:57.016 23803 23803 E AndroidRuntime: 	at abi37_0_0.com.facebook.react.uimanager.UIViewOperationQueue$2.runGuarded(UIViewOperationQueue.java:1)
04-25 20:43:57.016 23803 23803 E AndroidRuntime: 	at abi37_0_0.com.facebook.react.bridge.GuardedRunnable.run(GuardedRunnable.java:1)
04-25 20:43:57.016 23803 23803 E AndroidRuntime: 	... 7 more
04-25 20:43:57.126  1222  5275 W ActivityManager:   Force finishing activity host.exp.exponent/.experience.HomeActivity
04-25 20:43:57.129  1222  5275 W ActivityManager:   Force finishing activity host.exp.exponent/.experience.ExperienceActivity
04-25 20:43:57.132  1222  5275 V ActivityManager: moveToFront in activity stack reason =:finishActivity adjustFocus,realToHome =:true
04-25 20:43:57.132  1222  5275 V WindowManager: mCurrentFocus: null newFocus null
04-25 20:43:57.133  1222  5275 V WindowManager: mCurrentFocus: null newFocus null
04-25 20:43:57.196  1222 23967 D BatteryStatsImpl: reset mHaveCaptured:false
04-25 20:43:57.217  1222  1308 D Dex2oatManagerService: Foreground changed, PID: 21956 UID: 10125 foreground: true
04-25 20:43:57.217  1222  1308 D Dex2oatManagerService: Current app:ch.deletescape.lawnchair.plah/ch.deletescape.lawnchair.LawnchairLauncher
04-25 20:43:57.217  1222  1308 D Dex2oatManagerService: Not cold launch condition
04-25 20:43:57.256  1222  1233 D Dex2oatManagerService: Display listener for pid 23803 died.
04-25 20:43:57.256  1222  2395 D MtkConnectivityService: ConnectivityService NetworkRequestInfo binderDied(NetworkRequest [ TRACK_DEFAULT id=2961, [ Capabilities: INTERNET&NOT_RESTRICTED&TRUSTED Unwanted:  Uid: 10135] ], android.os.BinderProxy@f0cdaf6)
04-25 20:43:57.256  1222  2395 I ActivityManager: Process host.exp.exponent (pid 23803) has died: vis  +99TOP 
04-25 20:43:57.259  1222  5275 I WindowManager: WIN DEATH: Window{b795ea0 u0 host.exp.exponent/host.exp.exponent.experience.ExperienceActivity}
04-25 20:43:57.261  1222  2228 D MtkConnectivityService: releasing NetworkRequest [ TRACK_DEFAULT id=2961, [ Capabilities: INTERNET&NOT_RESTRICTED&TRUSTED Unwanted:  Uid: 10135] ] (release request)
04-25 20:43:57.265  1222  2395 W ActivityManager: app.persistent false app.isolated false app.removed false app ProcessRecord{4ef1c8f 23803:host.exp.exponent/u0a135}
04-25 20:43:57.265  1222  1308 D Dex2oatManagerService: Process died; UID 10135 PID 23803
04-25 20:43:57.273  1222  5275 V WindowManager: mCurrentFocus: null newFocus null
04-25 20:43:57.273  1222  1233 I WindowManager: WIN DEATH: Window{48f8aa u0 host.exp.exponent/host.exp.exponent.experience.HomeActivity}
04-25 20:43:57.276  1222  1233 V WindowManager: mCurrentFocus: null newFocus null
04-25 20:43:57.277  1222  4025 I WindowManager: WIN DEATH: Window{7c113dc u0 host.exp.exponent/host.exp.exponent.experience.ExperienceActivity}
04-25 20:43:57.277  1222  4025 V WindowManager: mCurrentFocus: null newFocus null
